ARM Linker, 5.03 [Build 76] [MDK-ARM Lite]

==============================================================================

Section Cross References

    system_stm32f4xx.o(.text) refers to system_stm32f4xx.o(.data) for SystemCoreClock
    startup_stm32f4xx.o(RESET) refers to startup_stm32f4xx.o(STACK) for __initial_sp
    startup_stm32f4xx.o(RESET) refers to startup_stm32f4xx.o(.text) for Reset_Handler
    startup_stm32f4xx.o(RESET) refers to hal_cm4.o(.emb_text) for SVC_Handler
    startup_stm32f4xx.o(.text) refers to system_stm32f4xx.o(.text) for SystemInit
    startup_stm32f4xx.o(.text) refers to entry.o(.ARM.Collect$$$$00000000) for __main
    rtx_conf_cm.o(.ARM.Collect$$$$000000FF) refers to rt_cmsis.o(i.osKernelStart) for osKernelStart
    rtx_conf_cm.o(.ARM.Collect$$$$000000FF) refers to rtx_conf_cm.o(.constdata) for .constdata
    rtx_conf_cm.o(.constdata) refers to rt_cmsis.o(i.osTimerThread) for osTimerThread
    rtx_conf_cm.o(.constdata) refers to rtx_conf_cm.o(.bss) for os_messageQ_q_osTimerMessageQ
    rtx_conf_cm.o(.constdata) refers to main.o(.text) for main
    main.o(.text) refers to wireless.o(.text) for init_wireless
    main.o(.text) refers to printfa.o(i.__0printf) for __2printf
    main.o(.text) refers to rt_cmsis.o(i.osDelay) for osDelay
    main.o(.text) refers to accelerometer.o(.text) for init_accelerometer
    main.o(.text) refers to rt_cmsis.o(i.osThreadCreate) for osThreadCreate
    main.o(.text) refers to cc2500.o(.text) for CC2500_CommandProbe
    main.o(.text) refers to f2d.o(.text) for __aeabi_f2d
    main.o(.text) refers to malloc.o(i.malloc) for malloc
    main.o(.text) refers to filter.o(.text) for init_buffer
    main.o(.text) refers to lis3dsh.o(.text) for LIS3DSH_Read
    main.o(.text) refers to dmul.o(.text) for __aeabi_dmul
    main.o(.text) refers to d2f.o(.text) for __aeabi_d2f
    main.o(.text) refers to sqrt.o(i.__hardfp_sqrt) for __hardfp_sqrt
    main.o(.text) refers to ddiv.o(.text) for __aeabi_ddiv
    main.o(.text) refers to atan_lut.o(.text) for atan_table
    main.o(.text) refers to main.o(.constdata) for os_thread_def_transmit_thread
    main.o(.text) refers to main.o(.data) for roll
    main.o(.constdata) refers to main.o(.text) for transmit_thread
    accelerometer.o(.text) refers to lis3dsh.o(.text) for LIS3DSH_Init
    atan_lut.o(.text) refers to atan_lut.o(.constdata) for atan_lookup
    wireless.o(.text) refers to cc2500.o(.text) for CC2500_Init
    wireless.o(.text) refers to rt_cmsis.o(i.osDelay) for osDelay
    wireless.o(.text) refers to printfa.o(i.__0printf) for __2printf
    wireless.o(.text) refers to malloc.o(i.malloc) for malloc
    wireless.o(.text) refers to malloc.o(i.free) for free
    stm32f4xx_adc.o(.text) refers to stm32f4xx_rcc.o(.text) for RCC_APB2PeriphResetCmd
    stm32f4xx_can.o(.text) refers to stm32f4xx_rcc.o(.text) for RCC_APB1PeriphResetCmd
    stm32f4xx_cryp.o(.text) refers to stm32f4xx_rcc.o(.text) for RCC_AHB2PeriphResetCmd
    stm32f4xx_cryp_aes.o(.text) refers to stm32f4xx_cryp.o(.text) for CRYP_KeyStructInit
    stm32f4xx_cryp_des.o(.text) refers to stm32f4xx_cryp.o(.text) for CRYP_KeyStructInit
    stm32f4xx_cryp_tdes.o(.text) refers to stm32f4xx_cryp.o(.text) for CRYP_KeyStructInit
    stm32f4xx_dac.o(.text) refers to stm32f4xx_rcc.o(.text) for RCC_APB1PeriphResetCmd
    stm32f4xx_gpio.o(.text) refers to stm32f4xx_rcc.o(.text) for RCC_AHB1PeriphResetCmd
    stm32f4xx_hash.o(.text) refers to stm32f4xx_rcc.o(.text) for RCC_AHB2PeriphResetCmd
    stm32f4xx_hash_md5.o(.text) refers to stm32f4xx_hash.o(.text) for HASH_DeInit
    stm32f4xx_hash_sha1.o(.text) refers to stm32f4xx_hash.o(.text) for HASH_DeInit
    stm32f4xx_i2c.o(.text) refers to stm32f4xx_rcc.o(.text) for RCC_APB1PeriphResetCmd
    stm32f4xx_pwr.o(.text) refers to stm32f4xx_rcc.o(.text) for RCC_APB1PeriphResetCmd
    stm32f4xx_rcc.o(.text) refers to stm32f4xx_rcc.o(.data) for APBAHBPrescTable
    stm32f4xx_rng.o(.text) refers to stm32f4xx_rcc.o(.text) for RCC_AHB2PeriphResetCmd
    stm32f4xx_sdio.o(.text) refers to stm32f4xx_rcc.o(.text) for RCC_APB2PeriphResetCmd
    stm32f4xx_spi.o(.text) refers to stm32f4xx_rcc.o(.text) for RCC_APB2PeriphResetCmd
    stm32f4xx_syscfg.o(.text) refers to stm32f4xx_rcc.o(.text) for RCC_APB2PeriphResetCmd
    stm32f4xx_tim.o(.text) refers to stm32f4xx_rcc.o(.text) for RCC_APB2PeriphResetCmd
    stm32f4xx_usart.o(.text) refers to stm32f4xx_rcc.o(.text) for RCC_APB2PeriphResetCmd
    stm32f4xx_wwdg.o(.text) refers to stm32f4xx_rcc.o(.text) for RCC_APB1PeriphResetCmd
    cc2500.o(.text) refers to stm32f4xx_rcc.o(.text) for RCC_APB1PeriphClockCmd
    cc2500.o(.text) refers to stm32f4xx_gpio.o(.text) for GPIO_PinAFConfig
    cc2500.o(.text) refers to stm32f4xx_spi.o(.text) for SPI_I2S_DeInit
    cc2500.o(.text) refers to cc2500.o(.data) for CC2500_Timeout
    lis3dsh.o(.text) refers to stm32f4xx_spi.o(.text) for SPI_I2S_GetFlagStatus
    lis3dsh.o(.text) refers to stm32f4xx_gpio.o(.text) for GPIO_ResetBits
[...]
    ../fplib/microlib/d2f.c                  0x00000000   Number         0  d2f.o ABSOLUTE
    ../fplib/microlib/f2d.c                  0x00000000   Number         0  f2d.o ABSOLUTE
    ../fplib/microlib/fpadd.c                0x00000000   Number         0  dadd.o ABSOLUTE
    ../fplib/microlib/fpdiv.c                0x00000000   Number         0  ddiv.o ABSOLUTE
    ../fplib/microlib/fpepilogue.c           0x00000000   Number         0  depilogue.o ABSOLUTE
    ../fplib/microlib/fpepilogue.c           0x00000000   Number         0  fepilogue.o ABSOLUTE
    ../fplib/microlib/fpfix.c                0x00000000   Number         0  dfixul.o ABSOLUTE
    ../fplib/microlib/fpmul.c                0x00000000   Number         0  dmul.o ABSOLUTE
    ../fplib/microlib/fpsqrt.c               0x00000000   Number         0  dsqrt.o ABSOLUTE
    ../main.c                                0x00000000   Number         0  main.o ABSOLUTE
    ../mathlib/sqrt.c                        0x00000000   Number         0  sqrt.o ABSOLUTE
    ../mathlib/sqrt.c                        0x00000000   Number         0  sqrt_x.o ABSOLUTE
    ../startup_stm32f4xx.s                   0x00000000   Number         0  startup_stm32f4xx.o ABSOLUTE
    ../system_stm32f4xx.c                    0x00000000   Number         0  system_stm32f4xx.o ABSOLUTE
    ..\HAL_CM.c                              0x00000000   Number         0  hal_cm.o ABSOLUTE
    ..\STM32F4xx_StdPeriph_Driver\src\misc.c 0x00000000   Number         0  misc.o ABSOLUTE
    ..\STM32F4xx_StdPeriph_Driver\src\stm32f4xx_adc.c 0x00000000   Number         0  stm32f4xx_adc.o ABSOLUTE
    ..\STM32F4xx_StdPeriph_Driver\src\stm32f4xx_can.c 0x00000000   Number         0  stm32f4xx_can.o ABSOLUTE
    ..\STM32F4xx_StdPeriph_Driver\src\stm32f4xx_crc.c 0x00000000   Number         0  stm32f4xx_crc.o ABSOLUTE
    ..\STM32F4xx_StdPeriph_Driver\src\stm32f4xx_cryp.c 0x00000000   Number         0  stm32f4xx_cryp.o ABSOLUTE
    ..\STM32F4xx_StdPeriph_Driver\src\stm32f4xx_cryp_aes.c 0x00000000   Number         0  stm32f4xx_cryp_aes.o ABSOLUTE
    ..\STM32F4xx_StdPeriph_Driver\src\stm32f4xx_cryp_des.c 0x00000000   Number         0  stm32f4xx_cryp_des.o ABSOLUTE
    ..\STM32F4xx_StdPeriph_Driver\src\stm32f4xx_cryp_tdes.c 0x00000000   Number         0  stm32f4xx_cryp_tdes.o ABSOLUTE
    ..\STM32F4xx_StdPeriph_Driver\src\stm32f4xx_dac.c 0x00000000   Number         0  stm32f4xx_dac.o ABSOLUTE
    ..\STM32F4xx_StdPeriph_Driver\src\stm32f4xx_dbgmcu.c 0x00000000   Number         0  stm32f4xx_dbgmcu.o ABSOLUTE
    ..\STM32F4xx_StdPeriph_Driver\src\stm32f4xx_dcmi.c 0x00000000   Number         0  stm32f4xx_dcmi.o ABSOLUTE
    ..\STM32F4xx_StdPeriph_Driver\src\stm32f4xx_dma.c 0x00000000   Number         0  stm32f4xx_dma.o ABSOLUTE
    ..\STM32F4xx_StdPeriph_Driver\src\stm32f4xx_exti.c 0x00000000   Number         0  stm32f4xx_exti.o ABSOLUTE
    ..\STM32F4xx_StdPeriph_Driver\src\stm32f4xx_flash.c 0x00000000   Number         0  stm32f4xx_flash.o ABSOLUTE
    ..\STM32F4xx_StdPeriph_Driver\src\stm32f4xx_fsmc.c 0x00000000   Number         0  stm32f4xx_fsmc.o ABSOLUTE
    ..\STM32F4xx_StdPeriph_Driver\src\stm32f4xx_gpio.c 0x00000000   Number         0  stm32f4xx_gpio.o ABSOLUTE
    ..\STM32F4xx_StdPeriph_Driver\src\stm32f4xx_hash.c 0x00000000   Number         0  stm32f4xx_hash.o ABSOLUTE
    ..\STM32F4xx_StdPeriph_Driver\src\stm32f4xx_hash_md5.c 0x00000000   Number         0  stm32f4xx_hash_md5.o ABSOLUTE
    ..\STM32F4xx_StdPeriph_Driver\src\stm32f4xx_hash_sha1.c 0x00000000   Number         0  stm32f4xx_hash_sha1.o ABSOLUTE
    ..\STM32F4xx_StdPeriph_Driver\src\stm32f4xx_i2c.c 0x00000000   Number         0  stm32f4xx_i2c.o ABSOLUTE
    ..\STM32F4xx_StdPeriph_Driver\src\stm32f4xx_iwdg.c 0x00000000   Number         0  stm32f4xx_iwdg.o ABSOLUTE
    ..\STM32F4xx_StdPeriph_Driver\src\stm32f4xx_pwr.c 0x00000000   Number         0  stm32f4xx_pwr.o ABSOLUTE
    ..\STM32F4xx_StdPeriph_Driver\src\stm32f4xx_rcc.c 0x00000000   Number         0  stm32f4xx_rcc.o ABSOLUTE
    ..\STM32F4xx_StdPeriph_Driver\src\stm32f4xx_rng.c 0x00000000   Number         0  stm32f4xx_rng.o ABSOLUTE
    ..\STM32F4xx_StdPeriph_Driver\src\stm32f4xx_rtc.c 0x00000000   Number         0  stm32f4xx_rtc.o ABSOLUTE
    ..\STM32F4xx_StdPeriph_Driver\src\stm32f4xx_sdio.c 0x00000000   Number         0  stm32f4xx_sdio.o ABSOLUTE
    ..\STM32F4xx_StdPeriph_Driver\src\stm32f4xx_spi.c 0x00000000   Number         0  stm32f4xx_spi.o ABSOLUTE
    ..\STM32F4xx_StdPeriph_Driver\src\stm32f4xx_syscfg.c 0x00000000   Number         0  stm32f4xx_syscfg.o ABSOLUTE
    ..\STM32F4xx_StdPeriph_Driver\src\stm32f4xx_tim.c 0x00000000   Number         0  stm32f4xx_tim.o ABSOLUTE
    ..\STM32F4xx_StdPeriph_Driver\src\stm32f4xx_usart.c 0x00000000   Number         0  stm32f4xx_usart.o ABSOLUTE
    ..\STM32F4xx_StdPeriph_Driver\src\stm32f4xx_wwdg.c 0x00000000   Number         0  stm32f4xx_wwdg.o ABSOLUTE
    ..\\STM32F4xx_StdPeriph_Driver\\src\\misc.c 0x00000000   Number         0  misc.o ABSOLUTE
    ..\\STM32F4xx_StdPeriph_Driver\\src\\stm32f4xx_adc.c 0x00000000   Number         0  stm32f4xx_adc.o ABSOLUTE
    ..\\STM32F4xx_StdPeriph_Driver\\src\\stm32f4xx_can.c 0x00000000   Number         0  stm32f4xx_can.o ABSOLUTE
    ..\\STM32F4xx_StdPeriph_Driver\\src\\stm32f4xx_crc.c 0x00000000   Number         0  stm32f4xx_crc.o ABSOLUTE
    ..\\STM32F4xx_StdPeriph_Driver\\src\\stm32f4xx_cryp.c 0x00000000   Number         0  stm32f4xx_cryp.o ABSOLUTE
    ..\\STM32F4xx_StdPeriph_Driver\\src\\stm32f4xx_cryp_aes.c 0x00000000   Number         0  stm32f4xx_cryp_aes.o ABSOLUTE
    ..\\STM32F4xx_StdPeriph_Driver\\src\\stm32f4xx_cryp_des.c 0x00000000   Number         0  stm32f4xx_cryp_des.o ABSOLUTE
    ..\\STM32F4xx_StdPeriph_Driver\\src\\stm32f4xx_cryp_tdes.c 0x00000000   Number         0  stm32f4xx_cryp_tdes.o ABSOLUTE
    ..\\STM32F4xx_StdPeriph_Driver\\src\\stm32f4xx_dac.c 0x00000000   Number         0  stm32f4xx_dac.o ABSOLUTE
    ..\\STM32F4xx_StdPeriph_Driver\\src\\stm32f4xx_dbgmcu.c 0x00000000   Number         0  stm32f4xx_dbgmcu.o ABSOLUTE
    ..\\STM32F4xx_StdPeriph_Driver\\src\\stm32f4xx_dcmi.c 0x00000000   Number         0  stm32f4xx_dcmi.o ABSOLUTE
    ..\\STM32F4xx_StdPeriph_Driver\\src\\stm32f4xx_dma.c 0x00000000   Number         0  stm32f4xx_dma.o ABSOLUTE
    ..\\STM32F4xx_StdPeriph_Driver\\src\\stm32f4xx_exti.c 0x00000000   Number         0  stm32f4xx_exti.o ABSOLUTE
    ..\\STM32F4xx_StdPeriph_Driver\\src\\stm32f4xx_flash.c 0x00000000   Number         0  stm32f4xx_flash.o ABSOLUTE
    ..\\STM32F4xx_StdPeriph_Driver\\src\\stm32f4xx_fsmc.c 0x00000000   Number         0  stm32f4xx_fsmc.o ABSOLUTE
    ..\\STM32F4xx_StdPeriph_Driver\\src\\stm32f4xx_gpio.c 0x00000000   Number         0  stm32f4xx_gpio.o ABSOLUTE
    ..\\STM32F4xx_StdPeriph_Driver\\src\\stm32f4xx_hash.c 0x00000000   Number         0  stm32f4xx_hash.o ABSOLUTE
    ..\\STM32F4xx_StdPeriph_Driver\\src\\stm32f4xx_hash_md5.c 0x00000000   Number         0  stm32f4xx_hash_md5.o ABSOLUTE
    ..\\STM32F4xx_StdPeriph_Driver\\src\\stm32f4xx_hash_sha1.c 0x00000000   Number         0  stm32f4xx_hash_sha1.o ABSOLUTE
    ..\\STM32F4xx_StdPeriph_Driver\\src\\stm32f4xx_i2c.c 0x00000000   Number         0  stm32f4xx_i2c.o ABSOLUTE
    ..\\STM32F4xx_StdPeriph_Driver\\src\\stm32f4xx_iwdg.c 0x00000000   Number         0  stm32f4xx_iwdg.o ABSOLUTE
    ..\\STM32F4xx_StdPeriph_Driver\\src\\stm32f4xx_pwr.c 0x00000000   Number         0  stm32f4xx_pwr.o ABSOLUTE
    ..\\STM32F4xx_StdPeriph_Driver\\src\\stm32f4xx_rcc.c 0x00000000   Number         0  stm32f4xx_rcc.o ABSOLUTE
    ..\\STM32F4xx_StdPeriph_Driver\\src\\stm32f4xx_rng.c 0x00000000   Number         0  stm32f4xx_rng.o ABSOLUTE
    ..\\STM32F4xx_StdPeriph_Driver\\src\\stm32f4xx_rtc.c 0x00000000   Number         0  stm32f4xx_rtc.o ABSOLUTE
    ..\\STM32F4xx_StdPeriph_Driver\\src\\stm32f4xx_sdio.c 0x00000000   Number         0  stm32f4xx_sdio.o ABSOLUTE
    ..\\STM32F4xx_StdPeriph_Driver\\src\\stm32f4xx_spi.c 0x00000000   Number         0  stm32f4xx_spi.o ABSOLUTE
    ..\\STM32F4xx_StdPeriph_Driver\\src\\stm32f4xx_syscfg.c 0x00000000   Number         0  stm32f4xx_syscfg.o ABSOLUTE
    ..\\STM32F4xx_StdPeriph_Driver\\src\\stm32f4xx_tim.c 0x00000000   Number         0  stm32f4xx_tim.o ABSOLUTE
    ..\\STM32F4xx_StdPeriph_Driver\\src\\stm32f4xx_usart.c 0x00000000   Number         0  stm32f4xx_usart.o ABSOLUTE
    ..\\STM32F4xx_StdPeriph_Driver\\src\\stm32f4xx_wwdg.c 0x00000000   Number         0  stm32f4xx_wwdg.o ABSOLUTE
    ..\\rt_CMSIS.c                           0x00000000   Number         0  rt_cmsis.o ABSOLUTE
    ..\\rt_System.c                          0x00000000   Number         0  rt_system.o ABSOLUTE
    ..\\src\\CC2500\\cc2500.c                0x00000000   Number         0  cc2500.o ABSOLUTE
    ..\\src\\GDM1602K\\gdm1602k.c            0x00000000   Number         0  gdm1602k.o ABSOLUTE
    ..\\src\\LIS3DSH\\lis3dsh.c              0x00000000   Number         0  lis3dsh.o ABSOLUTE
    ..\\src\\accelerometer.c                 0x00000000   Number         0  accelerometer.o ABSOLUTE
    ..\\src\\atan_LUT.c                      0x00000000   Number         0  atan_lut.o ABSOLUTE
    ..\\src\\fputc_debug.c                   0x00000000   Number         0  fputc_debug.o ABSOLUTE
    ..\\src\\wireless.c                      0x00000000   Number         0  wireless.o ABSOLUTE
    ..\main.c                                0x00000000   Number         0  main.o ABSOLUTE
    ..\rt_CMSIS.c                            0x00000000   Number         0  rt_cmsis.o ABSOLUTE
    ..\rt_Event.c                            0x00000000   Number         0  rt_event.o ABSOLUTE
    ..\rt_List.c                             0x00000000   Number         0  rt_list.o ABSOLUTE
    ..\rt_Mailbox.c                          0x00000000   Number         0  rt_mailbox.o ABSOLUTE
    ..\rt_MemBox.c                           0x00000000   Number         0  rt_membox.o ABSOLUTE
    ..\rt_Memory.c                           0x00000000   Number         0  rt_memory.o ABSOLUTE
    ..\rt_Mutex.c                            0x00000000   Number         0  rt_mutex.o ABSOLUTE
    ..\rt_Robin.c                            0x00000000   Number         0  rt_robin.o ABSOLUTE
    ..\rt_Semaphore.c                        0x00000000   Number         0  rt_semaphore.o ABSOLUTE
    ..\rt_System.c                           0x00000000   Number         0  rt_system.o ABSOLUTE
    ..\rt_Task.c                             0x00000000   Number         0  rt_task.o ABSOLUTE
    ..\rt_Time.c                             0x00000000   Number         0  rt_time.o ABSOLUTE
    ..\src\CC2500\cc2500.c                   0x00000000   Number         0  cc2500.o ABSOLUTE
    ..\src\GDM1602K\gdm1602k.c               0x00000000   Number         0  gdm1602k.o ABSOLUTE
    ..\src\LIS3DSH\lis3dsh.c                 0x00000000   Number         0  lis3dsh.o ABSOLUTE
    ..\src\accelerometer.c                   0x00000000   Number         0  accelerometer.o ABSOLUTE
    ..\src\atan_LUT.c                        0x00000000   Number         0  atan_lut.o ABSOLUTE
    ..\src\filter.c                          0x00000000   Number         0  filter.o ABSOLUTE
    ..\src\fputc_debug.c                     0x00000000   Number         0  fputc_debug.o ABSOLUTE
    ..\src\wireless.c                        0x00000000   Number         0  wireless.o ABSOLUTE
    ..\system_stm32f4xx.c                    0x00000000   Number         0  system_stm32f4xx.o ABSOLUTE
    HAL_CM4.c                                0x00000000   Number         0  hal_cm4.o ABSOLUTE
    HAL_CM4.c                                0x00000000   Number         0  hal_cm4.o ABSOLUTE
    SVC_Table.s                              0x00000000   Number         0  SVC_Table.o ABSOLUTE
    cdcmple.s                                0x00000000   Number         0  cdcmple.o ABSOLUTE
    cdrcmple.s                               0x00000000   Number         0  cdrcmple.o ABSOLUTE
    dc.s                                     0x00000000   Number         0  dc.o ABSOLUTE
    handlers.s                               0x00000000   Number         0  handlers.o ABSOLUTE
    init.s                                   0x00000000   Number         0  init.o ABSOLUTE
    RESET                                    0x08000000   Section      392  startup_stm32f4xx.o(RESET)
    .ARM.Collect$$$$00000000                 0x08000188   Section        0  entry.o(.ARM.Collect$$$$00000000)
    .ARM.Collect$$$$00000001                 0x08000188   Section        4  entry2.o(.ARM.Collect$$$$00000001)
    .ARM.Collect$$$$00000004                 0x0800018c   Section        4  entry5.o(.ARM.Collect$$$$00000004)
    .ARM.Collect$$$$00000008                 0x08000190   Section        0  entry7b.o(.ARM.Collect$$$$00000008)
    .ARM.Collect$$$$0000000A                 0x08000190   Section        0  entry8b.o(.ARM.Collect$$$$0000000A)
    .ARM.Collect$$$$0000000D                 0x08000190   Section        0  entry10a.o(.ARM.Collect$$$$0000000D)
    .ARM.Collect$$$$0000000F                 0x08000190   Section        0  entry11a.o(.ARM.Collect$$$$0000000F)
    .ARM.Collect$$$$000000FF                 0x08000190   Section        0  rtx_conf_cm.o(.ARM.Collect$$$$000000FF)
    .ARM.Collect$$$$00002712                 0x080001a0   Section        4  entry2.o(.ARM.Collect$$$$00002712)
    __lit__00000000                          0x080001a0   Data           4  entry2.o(.ARM.Collect$$$$00002712)
    .emb_text                                0x080001a4   Section      372  hal_cm4.o(.emb_text)
    $v0                                      0x080001a4   Number         0  hal_cm4.o(.emb_text)
    .text                                    0x08000318   Section        0  system_stm32f4xx.o(.text)
    SetSysClock                              0x08000319   Thumb Code   218  system_stm32f4xx.o(.text)
    .text                                    0x08000524   Section       36  startup_stm32f4xx.o(.text)
    $v0                                      0x08000524   Number         0  startup_stm32f4xx.o(.text)
    .text                                    0x08000548   Section        0  rtx_conf_cm.o(.text)
    .text                                    0x08000550   Section        0  main.o(.text)
    .text                                    0x08000a84   Section        0  fputc_debug.o(.text)
    ITM_SendChar                             0x08000a85   Thumb Code    42  fputc_debug.o(.text)
    .text                                    0x08000ad0   Section        0  accelerometer.o(.text)
    .text                                    0x08000b44   Section        0  atan_lut.o(.text)
    .text                                    0x08000c4c   Section        0  filter.o(.text)
    .text                                    0x08000cf8   Section        0  wireless.o(.text)
    .text                                    0x08000e54   Section        0  stm32f4xx_gpio.o(.text)
    .text                                    0x080010b0   Section        0  stm32f4xx_rcc.o(.text)
    .text                                    0x08001638   Section        0  stm32f4xx_spi.o(.text)
    .text                                    0x08001a2c   Section        0  cc2500.o(.text)
    CC2500_LowLevel_Init                     0x08001a2d   Thumb Code   242  cc2500.o(.text)
    CC2500_SendByte                          0x08001b2d   Thumb Code   106  cc2500.o(.text)
    .text                                    0x08001e98   Section        0  lis3dsh.o(.text)
    LIS3DSH_SendByte                         0x08001e9d   Thumb Code   106  lis3dsh.o(.text)
    LIS3DSH_LowLevel_Init                    0x08001f41   Thumb Code   294  lis3dsh.o(.text)
    .text                                    0x08002454   Section        0  dmul.o(.text)
    .text                                    0x08002538   Section        0  ddiv.o(.text)
    .text                                    0x08002616   Section        0  f2d.o(.text)
    .text                                    0x0800263c   Section        0  d2f.o(.text)
    .text                                    0x08002674   Section        0  uidiv.o(.text)
    .text                                    0x080026a0   Section        0  uldiv.o(.text)
    .text                                    0x08002702   Section        0  iusefp.o(.text)
    .text                                    0x08002702   Section        0  fepilogue.o(.text)
    .text                                    0x0800276e   Section        0  depilogue.o(.text)
    .text                                    0x0800282c   Section        0  dadd.o(.text)
    .text                                    0x0800297a   Section        0  dsqrt.o(.text)
    .text                                    0x08002a1c   Section        0  dfixul.o(.text)
    .text                                    0x08002a4c   Section       40  cdrcmple.o(.text)
    .text                                    0x08002a74   Section       36  init.o(.text)
    .text                                    0x08002a98   Section        0  llshl.o(.text)
    .text                                    0x08002ab6   Section        0  llushr.o(.text)
    .text                                    0x08002ad6   Section        0  llsshr.o(.text)
    SVC_TABLE                                0x08002afc   Section        4  SVC_Table.o(SVC_TABLE)
    i.__0printf                              0x08002b00   Section        0  printfa.o(i.__0printf)
    i.__hardfp_sqrt                          0x08002b20   Section        0  sqrt.o(i.__hardfp_sqrt)
    i.__scatterload_copy                     0x08002b9a   Section       14  handlers.o(i.__scatterload_copy)
    i.__scatterload_null                     0x08002ba8   Section        2  handlers.o(i.__scatterload_null)
    i.__scatterload_zeroinit                 0x08002baa   Section       14  handlers.o(i.__scatterload_zeroinit)
    i.__set_errno                            0x08002bb8   Section        0  errno.o(i.__set_errno)
    i._fp_digits                             0x08002bc4   Section        0  printfa.o(i._fp_digits)
    _fp_digits                               0x08002bc5   Thumb Code   326  printfa.o(i._fp_digits)
    i._init_box                              0x08002d20   Section        0  rt_membox.o(i._init_box)
    i._printf_core                           0x08002d68   Section        0  printfa.o(i._printf_core)
    _printf_core                             0x08002d69   Thumb Code  1762  printfa.o(i._printf_core)
    i._printf_post_padding                   0x08003458   Section        0  printfa.o(i._printf_post_padding)
    _printf_post_padding                     0x08003459   Thumb Code    38  printfa.o(i._printf_post_padding)
    i._printf_pre_padding                    0x0800347e   Section        0  printfa.o(i._printf_pre_padding)
    _printf_pre_padding                      0x0800347f   Thumb Code    48  printfa.o(i._printf_pre_padding)
    i.dbg_init                               0x080034b0   Section        0  hal_cm.o(i.dbg_init)
    i.dbg_task_notify                        0x080034e0   Section        0  hal_cm.o(i.dbg_task_notify)
    i.dbg_task_switch                        0x08003500   Section        0  hal_cm.o(i.dbg_task_switch)
    i.free                                   0x08003510   Section        0  malloc.o(i.free)
    i.isrMessagePut                          0x08003560   Section        0  rt_cmsis.o(i.isrMessagePut)
    isrMessagePut                            0x08003561   Thumb Code    44  rt_cmsis.o(i.isrMessagePut)
    i.isr_mbx_receive                        0x0800358c   Section        0  rt_mailbox.o(i.isr_mbx_receive)
    i.isr_mbx_send                           0x080035dc   Section        0  rt_mailbox.o(i.isr_mbx_send)
    i.malloc                                 0x080035ec   Section        0  malloc.o(i.malloc)
    i.osDelay                                0x08003658   Section        0  rt_cmsis.o(i.osDelay)
    i.osKernelStart                          0x08003670   Section        0  rt_cmsis.o(i.osKernelStart)
    i.osMessageGet                           0x080036d8   Section        0  rt_cmsis.o(i.osMessageGet)
    i.osThreadCreate                         0x0800371c   Section        0  rt_cmsis.o(i.osThreadCreate)
    i.osThreadExit                           0x08003734   Section        0  rt_cmsis.o(i.osThreadExit)
    i.osTimerCall                            0x0800374c   Section        0  rt_cmsis.o(i.osTimerCall)
    i.osTimerThread                          0x08003758   Section        0  rt_cmsis.o(i.osTimerThread)
    i.rt_alloc_box                           0x08003784   Section        0  rt_membox.o(i.rt_alloc_box)
    i.rt_alloc_mem                           0x080037a0   Section        0  rt_memory.o(i.rt_alloc_mem)
    i.rt_block                               0x080037dc   Section        0  rt_task.o(i.rt_block)
    i.rt_chk_robin                           0x08003814   Section        0  rt_robin.o(i.rt_chk_robin)
    i.rt_dec_dly                             0x0800385c   Section        0  rt_list.o(i.rt_dec_dly)
    i.rt_dispatch                            0x080038cc   Section        0  rt_task.o(i.rt_dispatch)
    i.rt_dly_wait                            0x08003910   Section        0  rt_time.o(i.rt_dly_wait)
    i.rt_evt_psh                             0x08003918   Section        0  rt_event.o(i.rt_evt_psh)
    i.rt_free_box                            0x08003968   Section        0  rt_membox.o(i.rt_free_box)
    i.rt_free_mem                            0x08003988   Section        0  rt_memory.o(i.rt_free_mem)
    i.rt_get_first                           0x080039b0   Section        0  rt_list.o(i.rt_get_first)
    i.rt_id2obj                              0x080039d8   Section        0  rt_cmsis.o(i.rt_id2obj)
    rt_id2obj                                0x080039d9   Thumb Code     8  rt_cmsis.o(i.rt_id2obj)
    i.rt_init_context                        0x080039e0   Section        0  rt_task.o(i.rt_init_context)
    rt_init_context                          0x080039e1   Thumb Code    60  rt_task.o(i.rt_init_context)
    i.rt_init_mem                            0x08003a20   Section        0  rt_memory.o(i.rt_init_mem)
    i.rt_init_robin                          0x08003a3c   Section        0  rt_robin.o(i.rt_init_robin)
    i.rt_init_stack                          0x08003a54   Section        0  hal_cm.o(i.rt_init_stack)
    i.rt_mbx_check                           0x08003aa4   Section        0  rt_mailbox.o(i.rt_mbx_check)
    i.rt_mbx_init                            0x08003aac   Section        0  rt_mailbox.o(i.rt_mbx_init)
    i.rt_mbx_psh                             0x08003ac8   Section        0  rt_mailbox.o(i.rt_mbx_psh)
    i.rt_mbx_wait                            0x08003bc4   Section        0  rt_mailbox.o(i.rt_mbx_wait)
    i.rt_ms2tick                             0x08003c78   Section        0  rt_cmsis.o(i.rt_ms2tick)
    rt_ms2tick                               0x08003c79   Thumb Code    50  rt_cmsis.o(i.rt_ms2tick)
    i.rt_pop_req                             0x08003cb4   Section        0  rt_system.o(i.rt_pop_req)
    i.rt_psh_req                             0x08003d2c   Section        0  rt_system.o(i.rt_psh_req)
    i.rt_psq_enq                             0x08003d4c   Section        0  rt_list.o(i.rt_psq_enq)
    i.rt_put_dly                             0x08003da4   Section        0  rt_list.o(i.rt_put_dly)
    i.rt_put_prio                            0x08003e00   Section        0  rt_list.o(i.rt_put_prio)
    i.rt_put_rdy_first                       0x08003e38   Section        0  rt_list.o(i.rt_put_rdy_first)
    i.rt_ret_regs                            0x08003e4c   Section        0  hal_cm.o(i.rt_ret_regs)
    rt_ret_regs                              0x08003e4d   Thumb Code    16  hal_cm.o(i.rt_ret_regs)
    i.rt_ret_val                             0x08003e5c   Section        0  hal_cm.o(i.rt_ret_val)
    i.rt_ret_val2                            0x08003e68   Section        0  hal_cm.o(i.rt_ret_val2)
    i.rt_rmv_dly                             0x08003e78   Section        0  rt_list.o(i.rt_rmv_dly)
    i.rt_rmv_list                            0x08003ea0   Section        0  rt_list.o(i.rt_rmv_list)
    i.rt_sem_psh                             0x08003ed0   Section        0  rt_semaphore.o(i.rt_sem_psh)
    i.rt_stk_check                           0x08003f04   Section        0  rt_system.o(i.rt_stk_check)
    i.rt_switch_req                          0x08003f28   Section        0  rt_task.o(i.rt_switch_req)
    i.rt_sys_init                            0x08003f50   Section        0  rt_task.o(i.rt_sys_init)
    i.rt_systick                             0x08004090   Section        0  rt_system.o(i.rt_systick)
    i.rt_tid2ptcb                            0x080040cc   Section        0  rt_cmsis.o(i.rt_tid2ptcb)
    rt_tid2ptcb                              0x080040cd   Thumb Code    18  rt_cmsis.o(i.rt_tid2ptcb)
    i.rt_timer_insert                        0x080040e0   Section        0  rt_cmsis.o(i.rt_timer_insert)
    rt_timer_insert                          0x080040e1   Thumb Code    56  rt_cmsis.o(i.rt_timer_insert)
    i.rt_tsk_create                          0x0800411c   Section        0  rt_task.o(i.rt_tsk_create)
    i.rt_tsk_delete                          0x0800419c   Section        0  rt_task.o(i.rt_tsk_delete)
    i.rt_tsk_self                            0x08004248   Section        0  rt_task.o(i.rt_tsk_self)
    i.svcDelay                               0x08004258   Section        0  rt_cmsis.o(i.svcDelay)
    i.svcKernelStart                         0x0800426c   Section        0  rt_cmsis.o(i.svcKernelStart)
    i.svcMessageCreate                       0x08004340   Section        0  rt_cmsis.o(i.svcMessageCreate)
    i.svcMessageGet                          0x08004364   Section        0  rt_cmsis.o(i.svcMessageGet)
    i.svcThreadCreate                        0x080043a0   Section        0  rt_cmsis.o(i.svcThreadCreate)
    i.svcThreadGetId                         0x08004410   Section        0  rt_cmsis.o(i.svcThreadGetId)
    i.svcThreadTerminate                     0x0800442c   Section        0  rt_cmsis.o(i.svcThreadTerminate)
    i.svcTimerCall                           0x08004464   Section        0  rt_cmsis.o(i.svcTimerCall)
    i.sysTimerTick                           0x0800447c   Section        0  rt_cmsis.o(i.sysTimerTick)
    .constdata                               0x080044d0   Section       88  rtx_conf_cm.o(.constdata)
    __tagsym$$used                           0x080044e4   Number         0  rtx_conf_cm.o(.constdata)
    __tagsym$$used                           0x080044e8   Number         0  rtx_conf_cm.o(.constdata)
    .constdata                               0x08004528   Section       48  main.o(.constdata)
    .constdata                               0x08004558   Section      404  atan_lut.o(.constdata)
    atan_lookup                              0x08004558   Data         404  atan_lut.o(.constdata)
    .data                                    0x20000000   Section       20  system_stm32f4xx.o(.data)
    .data                                    0x20000014   Section       16  rtx_conf_cm.o(.data)
    .data                                    0x20000024   Section        8  main.o(.data)
    .data                                    0x2000002c   Section        8  fputc_debug.o(.data)
    .data                                    0x20000034   Section       16  stm32f4xx_rcc.o(.data)
    APBAHBPrescTable                         0x20000034   Data          16  stm32f4xx_rcc.o(.data)
    .data                                    0x20000044   Section        4  cc2500.o(.data)
    .data                                    0x20000048   Section        4  lis3dsh.o(.data)
    .data                                    0x2000004c   Section        4  rt_cmsis.o(.data)
    .data                                    0x20000050   Section        8  rt_task.o(.data)
    .data                                    0x20000058   Section        3  rt_system.o(.data)
    os_lock                                  0x20000058   Data           1  rt_system.o(.data)
    os_psh_flag                              0x20000059   Data           1  rt_system.o(.data)
    pend_flags                               0x2000005a   Data           1  rt_system.o(.data)
    .data                                    0x2000005c   Section        2  rt_time.o(.data)
    .data                                    0x2000005e   Section        1  hal_cm.o(.data)
    .data                                    0x20000060   Section        8  rt_robin.o(.data)
    .data                                    0x20000068   Section        4  mvars.o(.data)
    .data                                    0x2000006c   Section        4  mvars.o(.data)
    .data                                    0x20000070   Section        4  errno.o(.data)
    _errno                                   0x20000070   Data           4  errno.o(.data)
    .bss                                     0x20000078   Section     6992  rtx_conf_cm.o(.bss)
    .bss                                     0x20001bc8   Section       48  rt_task.o(.bss)
    .bss                                     0x20001bf8   Section       48  rt_list.o(.bss)
    HEAP                                     0x20001c28   Section      512  startup_stm32f4xx.o(HEAP)
    STACK                                    0x20001e28   Section     1024  startup_stm32f4xx.o(STACK)

    Global Symbols

    Symbol Name                              Value     Ov Type        Size  Object(Section)

    BuildAttributes$$THM_ISAv4$E$P$D$K$B$S$7EM$VFPi3$EXTD16$VFPS$VFMA$PE$A:L22UL41UL21$X:L11$S22US41US21$IEEE1$IW$USESV6$~STKCKD$USESV7$~SHL$OTIME$ROPI$IEEEJ$EBA8$MICROLIB$REQ8$PRES8$EABIv2 0x00000000   Number         0  anon$$obj.o ABSOLUTE
    __ARM_use_no_argv                        0x00000000   Number         0  main.o ABSOLUTE
    __use_no_errno                           0x00000000   Number         0  useno.o ABSOLUTE
    __use_no_exception_handling              0x00000000   Number         0  useno.o ABSOLUTE
    __use_no_fp                              0x00000000   Number         0  useno.o ABSOLUTE
    __use_no_heap                            0x00000000   Number         0  useno.o ABSOLUTE
    __use_no_heap_region                     0x00000000   Number         0  useno.o ABSOLUTE
    __use_no_semihosting                     0x00000000   Number         0  useno.o ABSOLUTE
    __use_no_semihosting_swi                 0x00000000   Number         0  useno.o ABSOLUTE
    __use_no_signal_handling                 0x00000000   Number         0  useno.o ABSOLUTE
    _printf_a                                0x00000000   Number         0  stubs.o ABSOLUTE
    _printf_c                                0x00000000   Number         0  stubs.o ABSOLUTE
    _printf_charcount                        0x00000000   Number         0  stubs.o ABSOLUTE
    _printf_d                                0x00000000   Number         0  stubs.o ABSOLUTE
    _printf_e                                0x00000000   Number         0  stubs.o ABSOLUTE
    _printf_f                                0x00000000   Number         0  stubs.o ABSOLUTE
    _printf_flags                            0x00000000   Number         0  stubs.o ABSOLUTE
    _printf_fp_dec                           0x00000000   Number         0  stubs.o ABSOLUTE
    _printf_fp_hex                           0x00000000   Number         0  stubs.o ABSOLUTE
    _printf_g                                0x00000000   Number         0  stubs.o ABSOLUTE
    _printf_i                                0x00000000   Number         0  stubs.o ABSOLUTE
    _printf_int_dec                          0x00000000   Number         0  stubs.o ABSOLUTE
    _printf_l                                0x00000000   Number         0  stubs.o ABSOLUTE
    _printf_lc                               0x00000000   Number         0  stubs.o ABSOLUTE
    _printf_ll                               0x00000000   Number         0  stubs.o ABSOLUTE
    _printf_lld                              0x00000000   Number         0  stubs.o ABSOLUTE
    _printf_lli                              0x00000000   Number         0  stubs.o ABSOLUTE
    _printf_llo                              0x00000000   Number         0  stubs.o ABSOLUTE
    _printf_llu                              0x00000000   Number         0  stubs.o ABSOLUTE
    _printf_llx                              0x00000000   Number         0  stubs.o ABSOLUTE
    _printf_longlong_dec                     0x00000000   Number         0  stubs.o ABSOLUTE
    _printf_longlong_hex                     0x00000000   Number         0  stubs.o ABSOLUTE
    _printf_longlong_oct                     0x00000000   Number         0  stubs.o ABSOLUTE
    _printf_ls                               0x00000000   Number         0  stubs.o ABSOLUTE
    _printf_mbtowc                           0x00000000   Number         0  stubs.o ABSOLUTE
    _printf_n                                0x00000000   Number         0  stubs.o ABSOLUTE
    _printf_o                                0x00000000   Number         0  stubs.o ABSOLUTE
    _printf_p                                0x00000000   Number         0  stubs.o ABSOLUTE
    _printf_percent                          0x00000000   Number         0  stubs.o ABSOLUTE
    _printf_pre_padding                      0x00000000   Number         0  stubs.o ABSOLUTE
    _printf_return_value                     0x00000000   Number         0  stubs.o ABSOLUTE
    _printf_s                                0x00000000   Number         0  stubs.o ABSOLUTE
    _printf_sizespec                         0x00000000   Number         0  stubs.o ABSOLUTE
    _printf_str                              0x00000000   Number         0  stubs.o ABSOLUTE
    _printf_truncate_signed                  0x00000000   Number         0  stubs.o ABSOLUTE
    _printf_truncate_unsigned                0x00000000   Number         0  stubs.o ABSOLUTE
    _printf_u                                0x00000000   Number         0  stubs.o ABSOLUTE
    _printf_wc                               0x00000000   Number         0  stubs.o ABSOLUTE
    _printf_wctomb                           0x00000000   Number         0  stubs.o ABSOLUTE
    _printf_widthprec                        0x00000000   Number         0  stubs.o ABSOLUTE
    _printf_x                                0x00000000   Number         0  stubs.o ABSOLUTE
    __cpp_initialize__aeabi_                  - Undefined Weak Reference
    __cxa_finalize                            - Undefined Weak Reference
    __decompress                              - Undefined Weak Reference
    _clock_init                               - Undefined Weak Reference
    _microlib_exit                            - Undefined Weak Reference
    __Vectors_Size                           0x00000188   Number         0  startup_stm32f4xx.o ABSOLUTE
    __RL_RTX_VER                             0x00000422   Number         0  rt_system.o ABSOLUTE
    __Vectors                                0x08000000   Data           4  startup_stm32f4xx.o(RESET)
    __Vectors_End                            0x08000188   Data           0  startup_stm32f4xx.o(RESET)
    __main                                   0x08000189   Thumb Code     0  entry.o(.ARM.Collect$$$$00000000)
    _main_stk                                0x08000189   Thumb Code     0  entry2.o(.ARM.Collect$$$$00000001)
    _main_scatterload                        0x0800018d   Thumb Code     0  entry5.o(.ARM.Collect$$$$00000004)
    __main_after_scatterload                 0x08000191   Thumb Code     0  entry5.o(.ARM.Collect$$$$00000004)
    __rt_final_cpp                           0x08000191   Thumb Code     0  entry10a.o(.ARM.Collect$$$$0000000D)
    __rt_final_exit                          0x08000191   Thumb Code     0  entry11a.o(.ARM.Collect$$$$0000000F)
    _main_clock                              0x08000191   Thumb Code     0  entry7b.o(.ARM.Collect$$$$00000008)
    _main_cpp_init                           0x08000191   Thumb Code     0  entry8b.o(.ARM.Collect$$$$0000000A)
    _main_init                               0x08000191   Thumb Code    10  rtx_conf_cm.o(.ARM.Collect$$$$000000FF)
    rt_set_PSP                               0x080001a5   Thumb Code     6  hal_cm4.o(.emb_text)
    os_set_env                               0x080001ab   Thumb Code    26  hal_cm4.o(.emb_text)
    _alloc_box                               0x080001c9   Thumb Code    28  hal_cm4.o(.emb_text)
    _free_box                                0x080001e9   Thumb Code    28  hal_cm4.o(.emb_text)
    SVC_Handler                              0x08000209   Thumb Code   152  hal_cm4.o(.emb_text)
    PendSV_Handler                           0x080002ad   Thumb Code     0  hal_cm4.o(.emb_text)
    Sys_Handler                              0x080002ad   Thumb Code   104  hal_cm4.o(.emb_text)
    SysTick_Handler                          0x0800030d   Thumb Code     0  hal_cm4.o(.emb_text)
    SystemInit                               0x080003f3   Thumb Code    88  system_stm32f4xx.o(.text)
    SystemCoreClockUpdate                    0x0800044b   Thumb Code   174  system_stm32f4xx.o(.text)
    Reset_Handler                            0x08000525   Thumb Code     8  startup_stm32f4xx.o(.text)
    NMI_Handler                              0x0800052d   Thumb Code     2  startup_stm32f4xx.o(.text)
    HardFault_Handler                        0x0800052f   Thumb Code     2  startup_stm32f4xx.o(.text)
    MemManage_Handler                        0x08000531   Thumb Code     2  startup_stm32f4xx.o(.text)
    BusFault_Handler                         0x08000533   Thumb Code     2  startup_stm32f4xx.o(.text)
    UsageFault_Handler                       0x08000535   Thumb Code     2  startup_stm32f4xx.o(.text)
    DebugMon_Handler                         0x08000539   Thumb Code     2  startup_stm32f4xx.o(.text)
    ADC_IRQHandler                           0x0800053f   Thumb Code     0  startup_stm32f4xx.o(.text)
    CAN1_RX0_IRQHandler                      0x0800053f   Thumb Code     0  startup_stm32f4xx.o(.text)
    CAN1_RX1_IRQHandler                      0x0800053f   Thumb Code     0  startup_stm32f4xx.o(.text)
    CAN1_SCE_IRQHandler                      0x0800053f   Thumb Code     0  startup_stm32f4xx.o(.text)
    CAN1_TX_IRQHandler                       0x0800053f   Thumb Code     0  startup_stm32f4xx.o(.text)
    CAN2_RX0_IRQHandler                      0x0800053f   Thumb Code     0  startup_stm32f4xx.o(.text)
    CAN2_RX1_IRQHandler                      0x0800053f   Thumb Code     0  startup_stm32f4xx.o(.text)
    CAN2_SCE_IRQHandler                      0x0800053f   Thumb Code     0  startup_stm32f4xx.o(.text)
    CAN2_TX_IRQHandler                       0x0800053f   Thumb Code     0  startup_stm32f4xx.o(.text)
    CRYP_IRQHandler                          0x0800053f   Thumb Code     0  startup_stm32f4xx.o(.text)
    DCMI_IRQHandler                          0x0800053f   Thumb Code     0  startup_stm32f4xx.o(.text)
    DMA1_Stream0_IRQHandler                  0x0800053f   Thumb Code     0  startup_stm32f4xx.o(.text)
    DMA1_Stream1_IRQHandler                  0x0800053f   Thumb Code     0  startup_stm32f4xx.o(.text)
    DMA1_Stream2_IRQHandler                  0x0800053f   Thumb Code     0  startup_stm32f4xx.o(.text)
    DMA1_Stream3_IRQHandler                  0x0800053f   Thumb Code     0  startup_stm32f4xx.o(.text)
    DMA1_Stream4_IRQHandler                  0x0800053f   Thumb Code     0  startup_stm32f4xx.o(.text)
    DMA1_Stream5_IRQHandler                  0x0800053f   Thumb Code     0  startup_stm32f4xx.o(.text)
    DMA1_Stream6_IRQHandler                  0x0800053f   Thumb Code     0  startup_stm32f4xx.o(.text)
    DMA1_Stream7_IRQHandler                  0x0800053f   Thumb Code     0  startup_stm32f4xx.o(.text)
    DMA2_Stream0_IRQHandler                  0x0800053f   Thumb Code     0  startup_stm32f4xx.o(.text)
    DMA2_Stream1_IRQHandler                  0x0800053f   Thumb Code     0  startup_stm32f4xx.o(.text)
    DMA2_Stream2_IRQHandler                  0x0800053f   Thumb Code     0  startup_stm32f4xx.o(.text)
    DMA2_Stream3_IRQHandler                  0x0800053f   Thumb Code     0  startup_stm32f4xx.o(.text)
    DMA2_Stream4_IRQHandler                  0x0800053f   Thumb Code     0  startup_stm32f4xx.o(.text)
    DMA2_Stream5_IRQHandler                  0x0800053f   Thumb Code     0  startup_stm32f4xx.o(.text)
    DMA2_Stream6_IRQHandler                  0x0800053f   Thumb Code     0  startup_stm32f4xx.o(.text)
    DMA2_Stream7_IRQHandler                  0x0800053f   Thumb Code     0  startup_stm32f4xx.o(.text)
    ETH_IRQHandler                           0x0800053f   Thumb Code     0  startup_stm32f4xx.o(.text)
    ETH_WKUP_IRQHandler                      0x0800053f   Thumb Code     0  startup_stm32f4xx.o(.text)
    EXTI0_IRQHandler                         0x0800053f   Thumb Code     0  startup_stm32f4xx.o(.text)
    EXTI15_10_IRQHandler                     0x0800053f   Thumb Code     0  startup_stm32f4xx.o(.text)
    EXTI1_IRQHandler                         0x0800053f   Thumb Code     0  startup_stm32f4xx.o(.text)
    EXTI2_IRQHandler                         0x0800053f   Thumb Code     0  startup_stm32f4xx.o(.text)
    EXTI3_IRQHandler                         0x0800053f   Thumb Code     0  startup_stm32f4xx.o(.text)
    EXTI4_IRQHandler                         0x0800053f   Thumb Code     0  startup_stm32f4xx.o(.text)
    EXTI9_5_IRQHandler                       0x0800053f   Thumb Code     0  startup_stm32f4xx.o(.text)
    FLASH_IRQHandler                         0x0800053f   Thumb Code     0  startup_stm32f4xx.o(.text)
    FPU_IRQHandler                           0x0800053f   Thumb Code     0  startup_stm32f4xx.o(.text)
    FSMC_IRQHandler                          0x0800053f   Thumb Code     0  startup_stm32f4xx.o(.text)
    HASH_RNG_IRQHandler                      0x0800053f   Thumb Code     0  startup_stm32f4xx.o(.text)
    I2C1_ER_IRQHandler                       0x0800053f   Thumb Code     0  startup_stm32f4xx.o(.text)
    I2C1_EV_IRQHandler                       0x0800053f   Thumb Code     0  startup_stm32f4xx.o(.text)
    I2C2_ER_IRQHandler                       0x0800053f   Thumb Code     0  startup_stm32f4xx.o(.text)
    I2C2_EV_IRQHandler                       0x0800053f   Thumb Code     0  startup_stm32f4xx.o(.text)
    I2C3_ER_IRQHandler                       0x0800053f   Thumb Code     0  startup_stm32f4xx.o(.text)
    I2C3_EV_IRQHandler                       0x0800053f   Thumb Code     0  startup_stm32f4xx.o(.text)
    OTG_FS_IRQHandler                        0x0800053f   Thumb Code     0  startup_stm32f4xx.o(.text)
    OTG_FS_WKUP_IRQHandler                   0x0800053f   Thumb Code     0  startup_stm32f4xx.o(.text)
    OTG_HS_EP1_IN_IRQHandler                 0x0800053f   Thumb Code     0  startup_stm32f4xx.o(.text)
    OTG_HS_EP1_OUT_IRQHandler                0x0800053f   Thumb Code     0  startup_stm32f4xx.o(.text)
    OTG_HS_IRQHandler                        0x0800053f   Thumb Code     0  startup_stm32f4xx.o(.text)
    OTG_HS_WKUP_IRQHandler                   0x0800053f   Thumb Code     0  startup_stm32f4xx.o(.text)
    PVD_IRQHandler                           0x0800053f   Thumb Code     0  startup_stm32f4xx.o(.text)
    RCC_IRQHandler                           0x0800053f   Thumb Code     0  startup_stm32f4xx.o(.text)
    RTC_Alarm_IRQHandler                     0x0800053f   Thumb Code     0  startup_stm32f4xx.o(.text)
    RTC_WKUP_IRQHandler                      0x0800053f   Thumb Code     0  startup_stm32f4xx.o(.text)
    SDIO_IRQHandler                          0x0800053f   Thumb Code     0  startup_stm32f4xx.o(.text)
    SPI1_IRQHandler                          0x0800053f   Thumb Code     0  startup_stm32f4xx.o(.text)
    SPI2_IRQHandler                          0x0800053f   Thumb Code     0  startup_stm32f4xx.o(.text)
    SPI3_IRQHandler                          0x0800053f   Thumb Code     0  startup_stm32f4xx.o(.text)
    TAMP_STAMP_IRQHandler                    0x0800053f   Thumb Code     0  startup_stm32f4xx.o(.text)
    TIM1_BRK_TIM9_IRQHandler                 0x0800053f   Thumb Code     0  startup_stm32f4xx.o(.text)
    TIM1_CC_IRQHandler                       0x0800053f   Thumb Code     0  startup_stm32f4xx.o(.text)
    TIM1_TRG_COM_TIM11_IRQHandler            0x0800053f   Thumb Code     0  startup_stm32f4xx.o(.text)
    TIM1_UP_TIM10_IRQHandler                 0x0800053f   Thumb Code     0  startup_stm32f4xx.o(.text)
    TIM2_IRQHandler                          0x0800053f   Thumb Code     0  startup_stm32f4xx.o(.text)
    TIM3_IRQHandler                          0x0800053f   Thumb Code     0  startup_stm32f4xx.o(.text)
    TIM4_IRQHandler                          0x0800053f   Thumb Code     0  startup_stm32f4xx.o(.text)
    TIM5_IRQHandler                          0x0800053f   Thumb Code     0  startup_stm32f4xx.o(.text)
    TIM6_DAC_IRQHandler                      0x0800053f   Thumb Code     0  startup_stm32f4xx.o(.text)
    TIM7_IRQHandler                          0x0800053f   Thumb Code     0  startup_stm32f4xx.o(.text)
    TIM8_BRK_TIM12_IRQHandler                0x0800053f   Thumb Code     0  startup_stm32f4xx.o(.text)
    TIM8_CC_IRQHandler                       0x0800053f   Thumb Code     0  startup_stm32f4xx.o(.text)
    TIM8_TRG_COM_TIM14_IRQHandler            0x0800053f   Thumb Code     0  startup_stm32f4xx.o(.text)
    TIM8_UP_TIM13_IRQHandler                 0x0800053f   Thumb Code     0  startup_stm32f4xx.o(.text)
    UART4_IRQHandler                         0x0800053f   Thumb Code     0  startup_stm32f4xx.o(.text)
    UART5_IRQHandler                         0x0800053f   Thumb Code     0  startup_stm32f4xx.o(.text)
    USART1_IRQHandler                        0x0800053f   Thumb Code     0  startup_stm32f4xx.o(.text)
    USART2_IRQHandler                        0x0800053f   Thumb Code     0  startup_stm32f4xx.o(.text)
    USART3_IRQHandler                        0x0800053f   Thumb Code     0  startup_stm32f4xx.o(.text)
    USART6_IRQHandler                        0x0800053f   Thumb Code     0  startup_stm32f4xx.o(.text)
    WWDG_IRQHandler                          0x0800053f   Thumb Code     0  startup_stm32f4xx.o(.text)
    os_idle_demon                            0x08000549   Thumb Code     4  rtx_conf_cm.o(.text)
    os_error                                 0x0800054d   Thumb Code     4  rtx_conf_cm.o(.text)
    main                                     0x08000551   Thumb Code    60  main.o(.text)
    transmit_loop                            0x0800058d   Thumb Code    44  main.o(.text)
    receive_loop                             0x080005b9   Thumb Code    98  main.o(.text)
    transmit_thread                          0x0800061b   Thumb Code    26  main.o(.text)
    receive_thread                           0x08000635   Thumb Code     2  main.o(.text)
    accelerometer_thread                     0x08000637   Thumb Code  1094  main.o(.text)
    fputc                                    0x08000aaf   Thumb Code    14  fputc_debug.o(.text)
    _ttywrch                                 0x08000abd   Thumb Code    12  fputc_debug.o(.text)
    _sys_exit                                0x08000ac9   Thumb Code     4  fputc_debug.o(.text)
    init_accelerometer                       0x08000ad1   Thumb Code   116  accelerometer.o(.text)
    atan_table                               0x08000b45   Thumb Code   246  atan_lut.o(.text)
    init_buffer                              0x08000c4d   Thumb Code    68  filter.o(.text)
    filter_point                             0x08000c91   Thumb Code   102  filter.o(.text)
    init_wireless                            0x08000cf9   Thumb Code    54  wireless.o(.text)
    transmit_pitchroll                       0x08000d2f   Thumb Code    80  wireless.o(.text)
    wait_for_idle                            0x08000d7f   Thumb Code    38  wireless.o(.text)
    receive_pitchroll                        0x08000da5   Thumb Code   118  wireless.o(.text)
    print_status                             0x08000e1b   Thumb Code    22  wireless.o(.text)
    GPIO_DeInit                              0x08000e55   Thumb Code   220  stm32f4xx_gpio.o(.text)
    GPIO_Init                                0x08000f31   Thumb Code   144  stm32f4xx_gpio.o(.text)
    GPIO_StructInit                          0x08000fc1   Thumb Code    18  stm32f4xx_gpio.o(.text)
    GPIO_PinLockConfig                       0x08000fd3   Thumb Code    34  stm32f4xx_gpio.o(.text)
    GPIO_ReadInputDataBit                    0x08000ff5   Thumb Code    18  stm32f4xx_gpio.o(.text)
    GPIO_ReadInputData                       0x08001007   Thumb Code     8  stm32f4xx_gpio.o(.text)
    GPIO_ReadOutputDataBit                   0x0800100f   Thumb Code    18  stm32f4xx_gpio.o(.text)
    GPIO_ReadOutputData                      0x08001021   Thumb Code     8  stm32f4xx_gpio.o(.text)
    GPIO_SetBits                             0x08001029   Thumb Code     4  stm32f4xx_gpio.o(.text)
    GPIO_ResetBits                           0x0800102d   Thumb Code     4  stm32f4xx_gpio.o(.text)
    GPIO_WriteBit                            0x08001031   Thumb Code    10  stm32f4xx_gpio.o(.text)
    GPIO_Write                               0x0800103b   Thumb Code     4  stm32f4xx_gpio.o(.text)
    GPIO_ToggleBits                          0x0800103f   Thumb Code     8  stm32f4xx_gpio.o(.text)
    GPIO_PinAFConfig                         0x08001047   Thumb Code    70  stm32f4xx_gpio.o(.text)
    RCC_DeInit                               0x080010b1   Thumb Code    60  stm32f4xx_rcc.o(.text)
    RCC_HSEConfig                            0x080010ed   Thumb Code    14  stm32f4xx_rcc.o(.text)
    RCC_GetFlagStatus                        0x080010fb   Thumb Code    60  stm32f4xx_rcc.o(.text)
    RCC_WaitForHSEStartUp                    0x08001137   Thumb Code    56  stm32f4xx_rcc.o(.text)
    RCC_AdjustHSICalibrationValue            0x0800116f   Thumb Code    20  stm32f4xx_rcc.o(.text)
    RCC_HSICmd                               0x08001183   Thumb Code     6  stm32f4xx_rcc.o(.text)
    RCC_LSEConfig                            0x08001189   Thumb Code    46  stm32f4xx_rcc.o(.text)
    RCC_LSICmd                               0x080011b7   Thumb Code     6  stm32f4xx_rcc.o(.text)
    RCC_PLLConfig                            0x080011bd   Thumb Code    32  stm32f4xx_rcc.o(.text)
    RCC_PLLCmd                               0x080011dd   Thumb Code     6  stm32f4xx_rcc.o(.text)
    RCC_PLLI2SConfig                         0x080011e3   Thumb Code    14  stm32f4xx_rcc.o(.text)
    RCC_PLLI2SCmd                            0x080011f1   Thumb Code     6  stm32f4xx_rcc.o(.text)
    RCC_ClockSecuritySystemCmd               0x080011f7   Thumb Code     6  stm32f4xx_rcc.o(.text)
    RCC_MCO1Config                           0x080011fd   Thumb Code    28  stm32f4xx_rcc.o(.text)
    RCC_MCO2Config                           0x08001219   Thumb Code    28  stm32f4xx_rcc.o(.text)
    RCC_SYSCLKConfig                         0x08001235   Thumb Code    20  stm32f4xx_rcc.o(.text)
    RCC_GetSYSCLKSource                      0x08001249   Thumb Code    12  stm32f4xx_rcc.o(.text)
    RCC_HCLKConfig                           0x08001255   Thumb Code    20  stm32f4xx_rcc.o(.text)
    RCC_PCLK1Config                          0x08001269   Thumb Code    20  stm32f4xx_rcc.o(.text)
    RCC_PCLK2Config                          0x0800127d   Thumb Code    22  stm32f4xx_rcc.o(.text)
    RCC_GetClocksFreq                        0x08001293   Thumb Code   222  stm32f4xx_rcc.o(.text)
    RCC_RTCCLKConfig                         0x08001371   Thumb Code    54  stm32f4xx_rcc.o(.text)
    RCC_RTCCLKCmd                            0x080013a7   Thumb Code     8  stm32f4xx_rcc.o(.text)
    RCC_BackupResetCmd                       0x080013af   Thumb Code     8  stm32f4xx_rcc.o(.text)
    RCC_I2SCLKConfig                         0x080013b7   Thumb Code     6  stm32f4xx_rcc.o(.text)
    RCC_AHB1PeriphClockCmd                   0x080013bd   Thumb Code    34  stm32f4xx_rcc.o(.text)
    RCC_AHB2PeriphClockCmd                   0x080013df   Thumb Code    34  stm32f4xx_rcc.o(.text)
    RCC_AHB3PeriphClockCmd                   0x08001401   Thumb Code    34  stm32f4xx_rcc.o(.text)
    RCC_APB1PeriphClockCmd                   0x08001423   Thumb Code    34  stm32f4xx_rcc.o(.text)
    RCC_APB2PeriphClockCmd                   0x08001445   Thumb Code    34  stm32f4xx_rcc.o(.text)
    RCC_AHB1PeriphResetCmd                   0x08001467   Thumb Code    34  stm32f4xx_rcc.o(.text)
    RCC_AHB2PeriphResetCmd                   0x08001489   Thumb Code    72  stm32f4xx_rcc.o(.text)
    RCC_AHB3PeriphResetCmd                   0x080014d1   Thumb Code    34  stm32f4xx_rcc.o(.text)
    RCC_APB1PeriphResetCmd                   0x080014f3   Thumb Code    34  stm32f4xx_rcc.o(.text)
    RCC_APB2PeriphResetCmd                   0x08001515   Thumb Code    34  stm32f4xx_rcc.o(.text)
    RCC_AHB1PeriphClockLPModeCmd             0x08001537   Thumb Code    34  stm32f4xx_rcc.o(.text)
    RCC_AHB2PeriphClockLPModeCmd             0x08001559   Thumb Code    34  stm32f4xx_rcc.o(.text)
    RCC_AHB3PeriphClockLPModeCmd             0x0800157b   Thumb Code    34  stm32f4xx_rcc.o(.text)
    RCC_APB1PeriphClockLPModeCmd             0x0800159d   Thumb Code    34  stm32f4xx_rcc.o(.text)
    RCC_APB2PeriphClockLPModeCmd             0x080015bf   Thumb Code    34  stm32f4xx_rcc.o(.text)
    RCC_ITConfig                             0x080015e1   Thumb Code    34  stm32f4xx_rcc.o(.text)
    RCC_ClearFlag                            0x08001603   Thumb Code    18  stm32f4xx_rcc.o(.text)
    RCC_GetITStatus                          0x08001615   Thumb Code    22  stm32f4xx_rcc.o(.text)
    RCC_ClearITPendingBit                    0x0800162b   Thumb Code     8  stm32f4xx_rcc.o(.text)
    SPI_I2S_DeInit                           0x08001639   Thumb Code    76  stm32f4xx_spi.o(.text)
    SPI_Init                                 0x08001685   Thumb Code    60  stm32f4xx_spi.o(.text)
    I2S_Init                                 0x080016c1   Thumb Code   346  stm32f4xx_spi.o(.text)
    SPI_StructInit                           0x0800181b   Thumb Code    24  stm32f4xx_spi.o(.text)
    I2S_StructInit                           0x08001833   Thumb Code    20  stm32f4xx_spi.o(.text)
    SPI_Cmd                                  0x08001847   Thumb Code    24  stm32f4xx_spi.o(.text)
    I2S_Cmd                                  0x0800185f   Thumb Code    24  stm32f4xx_spi.o(.text)
    SPI_DataSizeConfig                       0x08001877   Thumb Code    18  stm32f4xx_spi.o(.text)
    SPI_BiDirectionalLineConfig              0x08001889   Thumb Code    28  stm32f4xx_spi.o(.text)
    SPI_NSSInternalSoftwareConfig            0x080018a5   Thumb Code    30  stm32f4xx_spi.o(.text)
    SPI_SSOutputCmd                          0x080018c3   Thumb Code    24  stm32f4xx_spi.o(.text)
    SPI_TIModeCmd                            0x080018db   Thumb Code    24  stm32f4xx_spi.o(.text)
    I2S_FullDuplexConfig                     0x080018f3   Thumb Code    80  stm32f4xx_spi.o(.text)
    SPI_I2S_ReceiveData                      0x08001943   Thumb Code     6  stm32f4xx_spi.o(.text)
    SPI_I2S_SendData                         0x08001949   Thumb Code     4  stm32f4xx_spi.o(.text)
    SPI_CalculateCRC                         0x0800194d   Thumb Code    24  stm32f4xx_spi.o(.text)
    SPI_TransmitCRC                          0x08001965   Thumb Code    10  stm32f4xx_spi.o(.text)
    SPI_GetCRC                               0x0800196f   Thumb Code    16  stm32f4xx_spi.o(.text)
    SPI_GetCRCPolynomial                     0x0800197f   Thumb Code     6  stm32f4xx_spi.o(.text)
    SPI_I2S_DMACmd                           0x08001985   Thumb Code    18  stm32f4xx_spi.o(.text)
    SPI_I2S_ITConfig                         0x08001997   Thumb Code    32  stm32f4xx_spi.o(.text)
    SPI_I2S_GetFlagStatus                    0x080019b7   Thumb Code    18  stm32f4xx_spi.o(.text)
    SPI_I2S_ClearFlag                        0x080019c9   Thumb Code     6  stm32f4xx_spi.o(.text)
    SPI_I2S_GetITStatus                      0x080019cf   Thumb Code    52  stm32f4xx_spi.o(.text)
    SPI_I2S_ClearITPendingBit                0x08001a03   Thumb Code    20  stm32f4xx_spi.o(.text)
    CC2500_Init                              0x08001b1f   Thumb Code    10  cc2500.o(.text)
    CC2500_TIMEOUT_UserCallback              0x08001b29   Thumb Code     4  cc2500.o(.text)
    CC2500_Write                             0x08001b97   Thumb Code    58  cc2500.o(.text)
    CC2500_SmartRF_Config                    0x08001bd1   Thumb Code   508  cc2500.o(.text)
    CC2500_CommandProbe                      0x08001dcd   Thumb Code    46  cc2500.o(.text)
    CC2500_RebootCmd                         0x08001dfb   Thumb Code    12  cc2500.o(.text)
    CC2500_TransmitBytes                     0x08001e07   Thumb Code    50  cc2500.o(.text)
    CC2500_Read                              0x08001e39   Thumb Code    66  cc2500.o(.text)
    CC2500_RecieveBytes                      0x08001e7b   Thumb Code    26  cc2500.o(.text)
    LIS3DSH_TIMEOUT_UserCallback             0x08001e99   Thumb Code     4  lis3dsh.o(.text)
    LIS3DSH_Write                            0x08001f07   Thumb Code    58  lis3dsh.o(.text)
    LIS3DSH_Init                             0x08002067   Thumb Code    58  lis3dsh.o(.text)
    LIS3DSH_Read                             0x080020a1   Thumb Code    66  lis3dsh.o(.text)
    LIS3DSH_DataReadyInterruptConfig         0x080020e3   Thumb Code    42  lis3dsh.o(.text)
    LIS3DSH_LowpowerCmd                      0x0800210d   Thumb Code    40  lis3dsh.o(.text)
    LIS3DSH_DataRateCmd                      0x08002135   Thumb Code    44  lis3dsh.o(.text)
    LIS3DSH_FullScaleCmd                     0x08002161   Thumb Code    44  lis3dsh.o(.text)
    LIS3DSH_ReadACC                          0x0800218d   Thumb Code   678  lis3dsh.o(.text)
    __aeabi_dmul                             0x08002455   Thumb Code   228  dmul.o(.text)
    __aeabi_ddiv                             0x08002539   Thumb Code   222  ddiv.o(.text)
    __aeabi_f2d                              0x08002617   Thumb Code    38  f2d.o(.text)
    __aeabi_d2f                              0x0800263d   Thumb Code    56  d2f.o(.text)
    __aeabi_uidiv                            0x08002675   Thumb Code     0  uidiv.o(.text)
    __aeabi_uidivmod                         0x08002675   Thumb Code    44  uidiv.o(.text)
    __aeabi_uldivmod                         0x080026a1   Thumb Code    98  uldiv.o(.text)
    __I$use$fp                               0x08002703   Thumb Code     0  iusefp.o(.text)
    _float_round                             0x08002703   Thumb Code    18  fepilogue.o(.text)
    _float_epilogue                          0x08002715   Thumb Code    90  fepilogue.o(.text)
    _double_round                            0x0800276f   Thumb Code    26  depilogue.o(.text)
    _double_epilogue                         0x08002789   Thumb Code   164  depilogue.o(.text)
    __aeabi_dadd                             0x0800282d   Thumb Code   322  dadd.o(.text)
    __aeabi_dsub                             0x0800296f   Thumb Code     6  dadd.o(.text)
    __aeabi_drsub                            0x08002975   Thumb Code     6  dadd.o(.text)
    _dsqrt                                   0x0800297b   Thumb Code   162  dsqrt.o(.text)
    __aeabi_d2ulz                            0x08002a1d   Thumb Code    48  dfixul.o(.text)
    __aeabi_cdrcmple                         0x08002a4d   Thumb Code    38  cdrcmple.o(.text)
    __scatterload                            0x08002a75   Thumb Code    28  init.o(.text)
    __scatterload_rt2                        0x08002a75   Thumb Code     0  init.o(.text)
    __aeabi_llsl                             0x08002a99   Thumb Code    30  llshl.o(.text)
    _ll_shift_l                              0x08002a99   Thumb Code     0  llshl.o(.text)
    __aeabi_llsr                             0x08002ab7   Thumb Code    32  llushr.o(.text)
    _ll_ushift_r                             0x08002ab7   Thumb Code     0  llushr.o(.text)
    __aeabi_lasr                             0x08002ad7   Thumb Code    36  llsshr.o(.text)
    _ll_sshift_r                             0x08002ad7   Thumb Code     0  llsshr.o(.text)
    SVC_Count                                0x08002afc   Data           4  SVC_Table.o(SVC_TABLE)
    SVC_Table                                0x08002b00   Data           0  SVC_Table.o(SVC_TABLE)
    __0printf                                0x08002b01   Thumb Code    22  printfa.o(i.__0printf)
    __1printf                                0x08002b01   Thumb Code     0  printfa.o(i.__0printf)
    __2printf                                0x08002b01   Thumb Code     0  printfa.o(i.__0printf)
    __c89printf                              0x08002b01   Thumb Code     0  printfa.o(i.__0printf)
    printf                                   0x08002b01   Thumb Code     0  printfa.o(i.__0printf)
    __hardfp_sqrt                            0x08002b21   Thumb Code   122  sqrt.o(i.__hardfp_sqrt)
    __scatterload_copy                       0x08002b9b   Thumb Code    14  handlers.o(i.__scatterload_copy)
    __scatterload_null                       0x08002ba9   Thumb Code     2  handlers.o(i.__scatterload_null)
    __scatterload_zeroinit                   0x08002bab   Thumb Code    14  handlers.o(i.__scatterload_zeroinit)
    __set_errno                              0x08002bb9   Thumb Code     6  errno.o(i.__set_errno)
    _init_box                                0x08002d21   Thumb Code    70  rt_membox.o(i._init_box)
    dbg_init                                 0x080034b1   Thumb Code    34  hal_cm.o(i.dbg_init)
    dbg_task_notify                          0x080034e1   Thumb Code    32  hal_cm.o(i.dbg_task_notify)
    dbg_task_switch                          0x08003501   Thumb Code    16  hal_cm.o(i.dbg_task_switch)
    free                                     0x08003511   Thumb Code    76  malloc.o(i.free)
    isr_mbx_receive                          0x0800358d   Thumb Code    80  rt_mailbox.o(i.isr_mbx_receive)
    isr_mbx_send                             0x080035dd   Thumb Code    14  rt_mailbox.o(i.isr_mbx_send)
    malloc                                   0x080035ed   Thumb Code    92  malloc.o(i.malloc)
    osDelay                                  0x08003659   Thumb Code    18  rt_cmsis.o(i.osDelay)
    osKernelStart                            0x08003671   Thumb Code    94  rt_cmsis.o(i.osKernelStart)
    osMessageGet                             0x080036d9   Thumb Code    64  rt_cmsis.o(i.osMessageGet)
    osThreadCreate                           0x0800371d   Thumb Code    18  rt_cmsis.o(i.osThreadCreate)
    osThreadExit                             0x08003735   Thumb Code    14  rt_cmsis.o(i.osThreadExit)
    osTimerCall                              0x0800374d   Thumb Code     8  rt_cmsis.o(i.osTimerCall)
    osTimerThread                            0x08003759   Thumb Code    38  rt_cmsis.o(i.osTimerThread)
    rt_alloc_box                             0x08003785   Thumb Code    28  rt_membox.o(i.rt_alloc_box)
    rt_alloc_mem                             0x080037a1   Thumb Code    60  rt_memory.o(i.rt_alloc_mem)
    rt_block                                 0x080037dd   Thumb Code    48  rt_task.o(i.rt_block)
    rt_chk_robin                             0x08003815   Thumb Code    58  rt_robin.o(i.rt_chk_robin)
    rt_dec_dly                               0x0800385d   Thumb Code   102  rt_list.o(i.rt_dec_dly)
    rt_dispatch                              0x080038cd   Thumb Code    60  rt_task.o(i.rt_dispatch)
    rt_dly_wait                              0x08003911   Thumb Code     6  rt_time.o(i.rt_dly_wait)
    rt_evt_psh                               0x08003919   Thumb Code    76  rt_event.o(i.rt_evt_psh)
    rt_free_box                              0x08003969   Thumb Code    32  rt_membox.o(i.rt_free_box)
    rt_free_mem                              0x08003989   Thumb Code    40  rt_memory.o(i.rt_free_mem)
    rt_get_first                             0x080039b1   Thumb Code    40  rt_list.o(i.rt_get_first)
    rt_init_mem                              0x08003a21   Thumb Code    26  rt_memory.o(i.rt_init_mem)
    rt_init_robin                            0x08003a3d   Thumb Code    14  rt_robin.o(i.rt_init_robin)
    rt_init_stack                            0x08003a55   Thumb Code    70  hal_cm.o(i.rt_init_stack)
    rt_mbx_check                             0x08003aa5   Thumb Code     8  rt_mailbox.o(i.rt_mbx_check)
    rt_mbx_init                              0x08003aad   Thumb Code    26  rt_mailbox.o(i.rt_mbx_init)
    rt_mbx_psh                               0x08003ac9   Thumb Code   248  rt_mailbox.o(i.rt_mbx_psh)
    rt_mbx_wait                              0x08003bc5   Thumb Code   174  rt_mailbox.o(i.rt_mbx_wait)
    rt_pop_req                               0x08003cb5   Thumb Code   106  rt_system.o(i.rt_pop_req)
    rt_psh_req                               0x08003d2d   Thumb Code    22  rt_system.o(i.rt_psh_req)
    rt_psq_enq                               0x08003d4d   Thumb Code    82  rt_list.o(i.rt_psq_enq)
    rt_put_dly                               0x08003da5   Thumb Code    88  rt_list.o(i.rt_put_dly)
    rt_put_prio                              0x08003e01   Thumb Code    56  rt_list.o(i.rt_put_prio)
    rt_put_rdy_first                         0x08003e39   Thumb Code    14  rt_list.o(i.rt_put_rdy_first)
    rt_ret_val                               0x08003e5d   Thumb Code    12  hal_cm.o(i.rt_ret_val)
    rt_ret_val2                              0x08003e69   Thumb Code    16  hal_cm.o(i.rt_ret_val2)
    rt_rmv_dly                               0x08003e79   Thumb Code    40  rt_list.o(i.rt_rmv_dly)
    rt_rmv_list                              0x08003ea1   Thumb Code    44  rt_list.o(i.rt_rmv_list)
    rt_sem_psh                               0x08003ed1   Thumb Code    48  rt_semaphore.o(i.rt_sem_psh)
    rt_stk_check                             0x08003f05   Thumb Code    28  rt_system.o(i.rt_stk_check)
    rt_switch_req                            0x08003f29   Thumb Code    30  rt_task.o(i.rt_switch_req)
    rt_sys_init                              0x08003f51   Thumb Code   242  rt_task.o(i.rt_sys_init)
    rt_systick                               0x08004091   Thumb Code    48  rt_system.o(i.rt_systick)
    rt_tsk_create                            0x0800411d   Thumb Code   112  rt_task.o(i.rt_tsk_create)
    rt_tsk_delete                            0x0800419d   Thumb Code   146  rt_task.o(i.rt_tsk_delete)
    rt_tsk_self                              0x08004249   Thumb Code    12  rt_task.o(i.rt_tsk_self)
    svcDelay                                 0x08004259   Thumb Code    20  rt_cmsis.o(i.svcDelay)
    svcKernelStart                           0x0800426d   Thumb Code   174  rt_cmsis.o(i.svcKernelStart)
    svcMessageCreate                         0x08004341   Thumb Code    36  rt_cmsis.o(i.svcMessageCreate)
    svcMessageGet                            0x08004365   Thumb Code    58  rt_cmsis.o(i.svcMessageGet)
    svcThreadCreate                          0x080043a1   Thumb Code   100  rt_cmsis.o(i.svcThreadCreate)
    svcThreadGetId                           0x08004411   Thumb Code    22  rt_cmsis.o(i.svcThreadGetId)
    svcThreadTerminate                       0x0800442d   Thumb Code    52  rt_cmsis.o(i.svcThreadTerminate)
    svcTimerCall                             0x08004465   Thumb Code    24  rt_cmsis.o(i.svcTimerCall)
    sysTimerTick                             0x0800447d   Thumb Code    76  rt_cmsis.o(i.sysTimerTick)
    os_maxtaskrun                            0x080044d0   Data           2  rtx_conf_cm.o(.constdata)
    os_stackinfo                             0x080044d4   Data           4  rtx_conf_cm.o(.constdata)
    os_rrobin                                0x080044d8   Data           4  rtx_conf_cm.o(.constdata)
    os_trv                                   0x080044dc   Data           4  rtx_conf_cm.o(.constdata)
    os_flags                                 0x080044e0   Data           1  rtx_conf_cm.o(.constdata)
    os_clockrate                             0x080044e4   Data           4  rtx_conf_cm.o(.constdata)
    os_timernum                              0x080044e8   Data           4  rtx_conf_cm.o(.constdata)
    mp_tcb_size                              0x080044ec   Data           2  rtx_conf_cm.o(.constdata)
    mp_stk_size                              0x080044f0   Data           4  rtx_conf_cm.o(.constdata)
    os_stack_sz                              0x080044f4   Data           4  rtx_conf_cm.o(.constdata)
    os_fifo_size                             0x080044f8   Data           1  rtx_conf_cm.o(.constdata)
    os_thread_def_osTimerThread              0x080044fc   Data          16  rtx_conf_cm.o(.constdata)
    os_messageQ_def_osTimerMessageQ          0x0800450c   Data           8  rtx_conf_cm.o(.constdata)
    mp_tmr_size                              0x08004514   Data           2  rtx_conf_cm.o(.constdata)
    os_thread_def_main                       0x08004518   Data          16  rtx_conf_cm.o(.constdata)
    os_thread_def_transmit_thread            0x08004528   Data          16  main.o(.constdata)
    os_thread_def_receive_thread             0x08004538   Data          16  main.o(.constdata)
    os_thread_def_accelerometer_thread       0x08004548   Data          16  main.o(.constdata)
    Region$$Table$$Base                      0x080046ec   Number         0  anon$$obj.o(Region$$Table)
    Region$$Table$$Limit                     0x0800470c   Number         0  anon$$obj.o(Region$$Table)
    SystemCoreClock                          0x20000000   Data           4  system_stm32f4xx.o(.data)
    AHBPrescTable                            0x20000004   Data          16  system_stm32f4xx.o(.data)
    os_tmr                                   0x20000014   Data           4  rtx_conf_cm.o(.data)
    m_tmr                                    0x20000018   Data           4  rtx_conf_cm.o(.data)
    osThreadId_osTimerThread                 0x2000001c   Data           4  rtx_conf_cm.o(.data)
    osMessageQId_osTimerMessageQ             0x20000020   Data           4  rtx_conf_cm.o(.data)
    pitch                                    0x20000024   Data           4  main.o(.data)
    roll                                     0x20000028   Data           4  main.o(.data)
    __stdout                                 0x2000002c   Data           4  fputc_debug.o(.data)
    __stdin                                  0x20000030   Data           4  fputc_debug.o(.data)
    CC2500_Timeout                           0x20000044   Data           4  cc2500.o(.data)
    LIS3DSHTimeout                           0x20000048   Data           4  lis3dsh.o(.data)
    os_timer_head                            0x2000004c   Data           4  rt_cmsis.o(.data)
    os_tsk                                   0x20000050   Data           8  rt_task.o(.data)
    os_time                                  0x2000005c   Data           2  rt_time.o(.data)
    dbg_msg                                  0x2000005e   Data           1  hal_cm.o(.data)
    os_robin                                 0x20000060   Data           8  rt_robin.o(.data)
    __microlib_freelist                      0x20000068   Data           4  mvars.o(.data)
    __microlib_freelist_initialised          0x2000006c   Data           4  mvars.o(.data)
    mp_tcb                                   0x20000078   Data         348  rtx_conf_cm.o(.bss)
    mp_stk                                   0x200001d8   Data        4816  rtx_conf_cm.o(.bss)
    os_stack_mem                             0x200014a8   Data        1632  rtx_conf_cm.o(.bss)
    os_fifo                                  0x20001b08   Data         132  rtx_conf_cm.o(.bss)
    os_active_TCB                            0x20001b8c   Data          28  rtx_conf_cm.o(.bss)
    os_messageQ_q_osTimerMessageQ            0x20001ba8   Data          32  rtx_conf_cm.o(.bss)
    os_idle_TCB                              0x20001bc8   Data          48  rt_task.o(.bss)
    os_rdy                                   0x20001bf8   Data          24  rt_list.o(.bss)
    os_dly                                   0x20001c10   Data          24  rt_list.o(.bss)
    __heap_base                              0x20001c28   Data           0  startup_stm32f4xx.o(HEAP)
    __heap_limit                             0x20001e28   Data           0  startup_stm32f4xx.o(HEAP)
    __initial_sp                             0x20002228   Data           0  startup_stm32f4xx.o(STACK)



==============================================================================

Memory Map of the image

  Image Entry point : 0x08000189

  Load Region LR_IROM1 (Base: 0x08000000, Size: 0x00004780, Max: 0x00100000, ABSOLUTE)

    Execution Region ER_IROM1 (Base: 0x08000000, Size: 0x0000470c, Max: 0x00100000, ABSOLUTE)

    Base Addr    Size         Type   Attr      Idx    E Section Name        Object

    0x08000000   0x00000188   Data   RO          132    RESET               startup_stm32f4xx.o
    0x08000188   0x00000000   Code   RO         2269  * .ARM.Collect$$$$00000000  mc_w.l(entry.o)
    0x08000188   0x00000004   Code   RO         2569    .ARM.Collect$$$$00000001  mc_w.l(entry2.o)
    0x0800018c   0x00000004   Code   RO         2572    .ARM.Collect$$$$00000004  mc_w.l(entry5.o)
    0x08000190   0x00000000   Code   RO         2574    .ARM.Collect$$$$00000008  mc_w.l(entry7b.o)
    0x08000190   0x00000000   Code   RO         2576    .ARM.Collect$$$$0000000A  mc_w.l(entry8b.o)
    0x08000190   0x00000000   Code   RO         2577    .ARM.Collect$$$$0000000D  mc_w.l(entry10a.o)
    0x08000190   0x00000000   Code   RO         2579    .ARM.Collect$$$$0000000F  mc_w.l(entry11a.o)
    0x08000190   0x00000010   Code   RO          137    .ARM.Collect$$$$000000FF  rtx_conf_cm.o
    0x080001a0   0x00000004   Code   RO         2570    .ARM.Collect$$$$00002712  mc_w.l(entry2.o)
    0x080001a4   0x00000174   Code   RO         2244    .emb_text           RTX_CM4.lib(hal_cm4.o)
    0x08000318   0x0000020c   Code   RO            3    .text               system_stm32f4xx.o
    0x08000524   0x00000024   Code   RO          133    .text               startup_stm32f4xx.o
    0x08000548   0x00000008   Code   RO          138    .text               rtx_conf_cm.o
    0x08000550   0x00000534   Code   RO          171    .text               main.o
    0x08000a84   0x0000004c   Code   RO          247    .text               fputc_debug.o
    0x08000ad0   0x00000074   Code   RO          281    .text               accelerometer.o
    0x08000b44   0x00000108   Code   RO          308    .text               atan_lut.o
    0x08000c4c   0x000000aa   Code   RO          350    .text               filter.o
    0x08000cf6   0x00000002   PAD
    0x08000cf8   0x0000015c   Code   RO          364    .text               wireless.o
    0x08000e54   0x0000025c   Code   RO          798    .text               stm32f4xx_gpio.o
    0x080010b0   0x00000588   Code   RO          947    .text               stm32f4xx_rcc.o
    0x08001638   0x000003f4   Code   RO         1038    .text               stm32f4xx_spi.o
    0x08001a2c   0x0000046c   Code   RO         1147    .text               cc2500.o
    0x08001e98   0x000005bc   Code   RO         1170    .text               lis3dsh.o
    0x08002454   0x000000e4   Code   RO         2561    .text               mf_w.l(dmul.o)
    0x08002538   0x000000de   Code   RO         2563    .text               mf_w.l(ddiv.o)
    0x08002616   0x00000026   Code   RO         2565    .text               mf_w.l(f2d.o)
    0x0800263c   0x00000038   Code   RO         2567    .text               mf_w.l(d2f.o)
    0x08002674   0x0000002c   Code   RO         2581    .text               mc_w.l(uidiv.o)
    0x080026a0   0x00000062   Code   RO         2583    .text               mc_w.l(uldiv.o)
    0x08002702   0x00000000   Code   RO         2598    .text               mc_w.l(iusefp.o)
    0x08002702   0x0000006c   Code   RO         2599    .text               mf_w.l(fepilogue.o)
    0x0800276e   0x000000be   Code   RO         2601    .text               mf_w.l(depilogue.o)
    0x0800282c   0x0000014e   Code   RO         2603    .text               mf_w.l(dadd.o)
    0x0800297a   0x000000a2   Code   RO         2605    .text               mf_w.l(dsqrt.o)
    0x08002a1c   0x00000030   Code   RO         2607    .text               mf_w.l(dfixul.o)
    0x08002a4c   0x00000028   Code   RO         2611    .text               mf_w.l(cdrcmple.o)
    0x08002a74   0x00000024   Code   RO         2613    .text               mc_w.l(init.o)
    0x08002a98   0x0000001e   Code   RO         2615    .text               mc_w.l(llshl.o)
    0x08002ab6   0x00000020   Code   RO         2617    .text               mc_w.l(llushr.o)
    0x08002ad6   0x00000024   Code   RO         2619    .text               mc_w.l(llsshr.o)
    0x08002afa   0x00000002   PAD
    0x08002afc   0x00000004   Code   RO         2254    SVC_TABLE           RTX_CM4.lib(SVC_Table.o)
    0x08002b00   0x00000020   Code   RO         2505    i.__0printf         mc_w.l(printfa.o)
    0x08002b20   0x0000007a   Code   RO         2257    i.__hardfp_sqrt     m_wm.l(sqrt.o)
    0x08002b9a   0x0000000e   Code   RO         2623    i.__scatterload_copy  mc_w.l(handlers.o)
    0x08002ba8   0x00000002   Code   RO         2624    i.__scatterload_null  mc_w.l(handlers.o)
    0x08002baa   0x0000000e   Code   RO         2625    i.__scatterload_zeroinit  mc_w.l(handlers.o)
    0x08002bb8   0x0000000c   Code   RO         2593    i.__set_errno       mc_w.l(errno.o)
    0x08002bc4   0x0000015c   Code   RO         2512    i._fp_digits        mc_w.l(printfa.o)
    0x08002d20   0x00000046   Code   RO         2117    i._init_box         RTX_CM4.lib(rt_membox.o)
    0x08002d66   0x00000002   PAD
    0x08002d68   0x000006f0   Code   RO         2513    i._printf_core      mc_w.l(printfa.o)
    0x08003458   0x00000026   Code   RO         2514    i._printf_post_padding  mc_w.l(printfa.o)
    0x0800347e   0x00000030   Code   RO         2515    i._printf_pre_padding  mc_w.l(printfa.o)
    0x080034ae   0x00000002   PAD
    0x080034b0   0x00000030   Code   RO         2170    i.dbg_init          RTX_CM4.lib(hal_cm.o)
    0x080034e0   0x00000020   Code   RO         2171    i.dbg_task_notify   RTX_CM4.lib(hal_cm.o)
    0x08003500   0x00000010   Code   RO         2172    i.dbg_task_switch   RTX_CM4.lib(hal_cm.o)
    0x08003510   0x00000050   Code   RO         2533    i.free              mc_w.l(malloc.o)
    0x08003560   0x0000002c   Code   RO         1216    i.isrMessagePut     RTX_CM4.lib(rt_cmsis.o)
    0x0800358c   0x00000050   Code   RO         1981    i.isr_mbx_receive   RTX_CM4.lib(rt_mailbox.o)
    0x080035dc   0x0000000e   Code   RO         1982    i.isr_mbx_send      RTX_CM4.lib(rt_mailbox.o)
    0x080035ea   0x00000002   PAD
    0x080035ec   0x0000006c   Code   RO         2534    i.malloc            mc_w.l(malloc.o)
    0x08003658   0x00000018   Code   RO         1217    i.osDelay           RTX_CM4.lib(rt_cmsis.o)
    0x08003670   0x00000068   Code   RO         1219    i.osKernelStart     RTX_CM4.lib(rt_cmsis.o)
    0x080036d8   0x00000044   Code   RO         1227    i.osMessageGet      RTX_CM4.lib(rt_cmsis.o)
    0x0800371c   0x00000018   Code   RO         1243    i.osThreadCreate    RTX_CM4.lib(rt_cmsis.o)
    0x08003734   0x00000018   Code   RO         1244    i.osThreadExit      RTX_CM4.lib(rt_cmsis.o)
    0x0800374c   0x0000000c   Code   RO         1250    i.osTimerCall       RTX_CM4.lib(rt_cmsis.o)
    0x08003758   0x0000002c   Code   RO         1254    i.osTimerThread     RTX_CM4.lib(rt_cmsis.o)
    0x08003784   0x0000001c   Code   RO         2118    i.rt_alloc_box      RTX_CM4.lib(rt_membox.o)
    0x080037a0   0x0000003c   Code   RO         2146    i.rt_alloc_mem      RTX_CM4.lib(rt_memory.o)
    0x080037dc   0x00000038   Code   RO         1738    i.rt_block          RTX_CM4.lib(rt_task.o)
    0x08003814   0x00000048   Code   RO         2223    i.rt_chk_robin      RTX_CM4.lib(rt_robin.o)
    0x0800385c   0x00000070   Code   RO         1905    i.rt_dec_dly        RTX_CM4.lib(rt_list.o)
    0x080038cc   0x00000044   Code   RO         1739    i.rt_dispatch       RTX_CM4.lib(rt_task.o)
    0x08003910   0x00000006   Code   RO         2065    i.rt_dly_wait       RTX_CM4.lib(rt_time.o)
    0x08003916   0x00000002   PAD
    0x08003918   0x00000050   Code   RO         1866    i.rt_evt_psh        RTX_CM4.lib(rt_event.o)
    0x08003968   0x00000020   Code   RO         2119    i.rt_free_box       RTX_CM4.lib(rt_membox.o)
    0x08003988   0x00000028   Code   RO         2147    i.rt_free_mem       RTX_CM4.lib(rt_memory.o)
    0x080039b0   0x00000028   Code   RO         1906    i.rt_get_first      RTX_CM4.lib(rt_list.o)
    0x080039d8   0x00000008   Code   RO         1257    i.rt_id2obj         RTX_CM4.lib(rt_cmsis.o)
    0x080039e0   0x00000040   Code   RO         1740    i.rt_init_context   RTX_CM4.lib(rt_task.o)
    0x08003a20   0x0000001a   Code   RO         2148    i.rt_init_mem       RTX_CM4.lib(rt_memory.o)
    0x08003a3a   0x00000002   PAD
    0x08003a3c   0x00000018   Code   RO         2224    i.rt_init_robin     RTX_CM4.lib(rt_robin.o)
    0x08003a54   0x00000050   Code   RO         2173    i.rt_init_stack     RTX_CM4.lib(hal_cm.o)
    0x08003aa4   0x00000008   Code   RO         1983    i.rt_mbx_check      RTX_CM4.lib(rt_mailbox.o)
    0x08003aac   0x0000001a   Code   RO         1984    i.rt_mbx_init       RTX_CM4.lib(rt_mailbox.o)
    0x08003ac6   0x00000002   PAD
    0x08003ac8   0x000000fc   Code   RO         1985    i.rt_mbx_psh        RTX_CM4.lib(rt_mailbox.o)
    0x08003bc4   0x000000b4   Code   RO         1987    i.rt_mbx_wait       RTX_CM4.lib(rt_mailbox.o)
    0x08003c78   0x0000003c   Code   RO         1258    i.rt_ms2tick        RTX_CM4.lib(rt_cmsis.o)
    0x08003cb4   0x00000078   Code   RO         1817    i.rt_pop_req        RTX_CM4.lib(rt_system.o)
    0x08003d2c   0x00000020   Code   RO         1818    i.rt_psh_req        RTX_CM4.lib(rt_system.o)
    0x08003d4c   0x00000058   Code   RO         1908    i.rt_psq_enq        RTX_CM4.lib(rt_list.o)
    0x08003da4   0x0000005c   Code   RO         1909    i.rt_put_dly        RTX_CM4.lib(rt_list.o)
    0x08003e00   0x00000038   Code   RO         1910    i.rt_put_prio       RTX_CM4.lib(rt_list.o)
    0x08003e38   0x00000014   Code   RO         1911    i.rt_put_rdy_first  RTX_CM4.lib(rt_list.o)
    0x08003e4c   0x00000010   Code   RO         2174    i.rt_ret_regs       RTX_CM4.lib(hal_cm.o)
    0x08003e5c   0x0000000c   Code   RO         2175    i.rt_ret_val        RTX_CM4.lib(hal_cm.o)
    0x08003e68   0x00000010   Code   RO         2176    i.rt_ret_val2       RTX_CM4.lib(hal_cm.o)
    0x08003e78   0x00000028   Code   RO         1913    i.rt_rmv_dly        RTX_CM4.lib(rt_list.o)
    0x08003ea0   0x00000030   Code   RO         1914    i.rt_rmv_list       RTX_CM4.lib(rt_list.o)
    0x08003ed0   0x00000034   Code   RO         2031    i.rt_sem_psh        RTX_CM4.lib(rt_semaphore.o)
    0x08003f04   0x00000024   Code   RO         1819    i.rt_stk_check      RTX_CM4.lib(rt_system.o)
    0x08003f28   0x00000028   Code   RO         1741    i.rt_switch_req     RTX_CM4.lib(rt_task.o)
    0x08003f50   0x00000140   Code   RO         1742    i.rt_sys_init       RTX_CM4.lib(rt_task.o)
    0x08004090   0x0000003c   Code   RO         1820    i.rt_systick        RTX_CM4.lib(rt_system.o)
    0x080040cc   0x00000012   Code   RO         1259    i.rt_tid2ptcb       RTX_CM4.lib(rt_cmsis.o)
    0x080040de   0x00000002   PAD
    0x080040e0   0x0000003c   Code   RO         1260    i.rt_timer_insert   RTX_CM4.lib(rt_cmsis.o)
    0x0800411c   0x00000080   Code   RO         1743    i.rt_tsk_create     RTX_CM4.lib(rt_task.o)
    0x0800419c   0x000000ac   Code   RO         1744    i.rt_tsk_delete     RTX_CM4.lib(rt_task.o)
    0x08004248   0x00000010   Code   RO         1747    i.rt_tsk_self       RTX_CM4.lib(rt_task.o)
    0x08004258   0x00000014   Code   RO         1262    i.svcDelay          RTX_CM4.lib(rt_cmsis.o)
    0x0800426c   0x000000d4   Code   RO         1263    i.svcKernelStart    RTX_CM4.lib(rt_cmsis.o)
    0x08004340   0x00000024   Code   RO         1265    i.svcMessageCreate  RTX_CM4.lib(rt_cmsis.o)
    0x08004364   0x0000003a   Code   RO         1266    i.svcMessageGet     RTX_CM4.lib(rt_cmsis.o)
    0x0800439e   0x00000002   PAD
    0x080043a0   0x00000070   Code   RO         1279    i.svcThreadCreate   RTX_CM4.lib(rt_cmsis.o)
    0x08004410   0x0000001c   Code   RO         1280    i.svcThreadGetId    RTX_CM4.lib(rt_cmsis.o)
    0x0800442c   0x00000038   Code   RO         1283    i.svcThreadTerminate  RTX_CM4.lib(rt_cmsis.o)
    0x08004464   0x00000018   Code   RO         1285    i.svcTimerCall      RTX_CM4.lib(rt_cmsis.o)
    0x0800447c   0x00000054   Code   RO         1293    i.sysTimerTick      RTX_CM4.lib(rt_cmsis.o)
    0x080044d0   0x00000058   Data   RO          140    .constdata          rtx_conf_cm.o
    0x08004528   0x00000030   Data   RO          172    .constdata          main.o
    0x08004558   0x00000194   Data   RO          309    .constdata          atan_lut.o
    0x080046ec   0x00000020   Data   RO         2621    Region$$Table       anon$$obj.o


    Execution Region RW_IRAM2 (Base: 0x10000000, Size: 0x00000000, Max: 0x00010000, ABSOLUTE)

    **** No section assigned to this execution region ****


    Execution Region RW_IRAM1 (Base: 0x20000000, Size: 0x00002228, Max: 0x00020000, ABSOLUTE)

    Base Addr    Size         Type   Attr      Idx    E Section Name        Object

    0x20000000   0x00000014   Data   RW            4    .data               system_stm32f4xx.o
    0x20000014   0x00000010   Data   RW          141    .data               rtx_conf_cm.o
    0x20000024   0x00000008   Data   RW          173    .data               main.o
    0x2000002c   0x00000008   Data   RW          248    .data               fputc_debug.o
    0x20000034   0x00000010   Data   RW          948    .data               stm32f4xx_rcc.o
    0x20000044   0x00000004   Data   RW         1148    .data               cc2500.o
    0x20000048   0x00000004   Data   RW         1171    .data               lis3dsh.o
    0x2000004c   0x00000004   Data   RW         1294    .data               RTX_CM4.lib(rt_cmsis.o)
    0x20000050   0x00000008   Data   RW         1749    .data               RTX_CM4.lib(rt_task.o)
    0x20000058   0x00000003   Data   RW         1823    .data               RTX_CM4.lib(rt_system.o)
    0x2000005b   0x00000001   PAD
    0x2000005c   0x00000002   Data   RW         2068    .data               RTX_CM4.lib(rt_time.o)
    0x2000005e   0x00000001   Data   RW         2177    .data               RTX_CM4.lib(hal_cm.o)
    0x2000005f   0x00000001   PAD
    0x20000060   0x00000008   Data   RW         2225    .data               RTX_CM4.lib(rt_robin.o)
    0x20000068   0x00000004   Data   RW         2589    .data               mc_w.l(mvars.o)
    0x2000006c   0x00000004   Data   RW         2590    .data               mc_w.l(mvars.o)
    0x20000070   0x00000004   Data   RW         2594    .data               mc_w.l(errno.o)
    0x20000074   0x00000004   PAD
    0x20000078   0x00001b50   Zero   RW          139    .bss                rtx_conf_cm.o
    0x20001bc8   0x00000030   Zero   RW         1748    .bss                RTX_CM4.lib(rt_task.o)
    0x20001bf8   0x00000030   Zero   RW         1915    .bss                RTX_CM4.lib(rt_list.o)
    0x20001c28   0x00000200   Zero   RW          131    HEAP                startup_stm32f4xx.o
    0x20001e28   0x00000400   Zero   RW          130    STACK               startup_stm32f4xx.o


==============================================================================

Image component sizes


      Code (inc. data)   RO Data    RW Data    ZI Data      Debug   Object Name

       116          0          0          0          0       5277   accelerometer.o
       264         18        404          0          0     208485   atan_lut.o
      1132         20          0          4          0       3924   cc2500.o
       170          0          0          0          0       1251   filter.o
        76          4          0          8          0       2765   fputc_debug.o
      1468         66          0          4          0       4114   lis3dsh.o
      1332        162         48          8          0       6941   main.o
        24          6         88         16       6992       6496   rtx_conf_cm.o
        36          8        392          0       1536        780   startup_stm32f4xx.o
       604         36          0          0          0      10517   stm32f4xx_gpio.o
      1416         48          0         16          0      23939   stm32f4xx_rcc.o
      1012         22          0          0          0      14941   stm32f4xx_spi.o
       524         44          0         20          0     227803   system_stm32f4xx.o
       348         36          0          0          0       5080   wireless.o

    ----------------------------------------------------------------------
      8524        470        964         76       8528     522313   Object Totals
         0          0         32          0          0          0   (incl. Generated)
         2          0          0          0          0          0   (incl. Padding)

    ----------------------------------------------------------------------

      Code (inc. data)   RO Data    RW Data    ZI Data      Debug   Library Member Name

         4          4          0          0          0        132   SVC_Table.o
       220         24          0          1          0       3876   hal_cm.o
       372         32          0          0          0        616   hal_cm4.o
      1120        128          0          4          0      27003   rt_cmsis.o
        80          4          0          0          0        637   rt_event.o
       496         30          0          0         48       6636   rt_list.o
       560         10          0          0          0       3829   rt_mailbox.o
       130          0          0          0          0       1837   rt_membox.o
       126          0          0          0          0       2159   rt_memory.o
        96         24          0          8          0       1042   rt_robin.o
        52          4          0          0          0        557   rt_semaphore.o
       248         44          0          3          0       2066   rt_system.o
       864        154          0          8         48       7224   rt_task.o
         6          0          0          2          0        572   rt_time.o
       122          0          0          0          0        148   sqrt.o
         0          0          0          0          0          0   entry.o
         0          0          0          0          0          0   entry10a.o
         0          0          0          0          0          0   entry11a.o
         8          4          0          0          0          0   entry2.o
         4          0          0          0          0          0   entry5.o
         0          0          0          0          0          0   entry7b.o
         0          0          0          0          0          0   entry8b.o
        12          6          0          4          0         68   errno.o
        30          0          0          0          0          0   handlers.o
        36          8          0          0          0         68   init.o
         0          0          0          0          0          0   iusefp.o
        30          0          0          0          0         68   llshl.o
        36          0          0          0          0         68   llsshr.o
        32          0          0          0          0         68   llushr.o
       188         20          0          0          0        160   malloc.o
         0          0          0          8          0          0   mvars.o
      2242         90          0          0          0        444   printfa.o
        44          0          0          0          0         80   uidiv.o
        98          0          0          0          0         92   uldiv.o
        40          2          0          0          0         68   cdrcmple.o
        56          0          0          0          0         88   d2f.o
       334          0          0          0          0        148   dadd.o
       222          0          0          0          0        100   ddiv.o
       190          0          0          0          0        176   depilogue.o
        48          0          0          0          0         68   dfixul.o
       228          0          0          0          0         96   dmul.o
       162          0          0          0          0        100   dsqrt.o
        38          0          0          0          0         68   f2d.o
       108          0          0          0          0        168   fepilogue.o

    ----------------------------------------------------------------------
      8700        588          0         40        100      60530   Library Totals
        18          0          0          2          4          0   (incl. Padding)

    ----------------------------------------------------------------------

      Code (inc. data)   RO Data    RW Data    ZI Data      Debug   Library Name

      4374        458          0         26         96      58186   RTX_CM4.lib
       122          0          0          0          0        148   m_wm.l
      2760        128          0         12          0       1116   mc_w.l
      1426          2          0          0          0       1080   mf_w.l

    ----------------------------------------------------------------------
      8700        588          0         40        100      60530   Library Totals

    ----------------------------------------------------------------------

==============================================================================


      Code (inc. data)   RO Data    RW Data    ZI Data      Debug   

     17224       1058        964        116       8628     573351   Grand Totals
     17224       1058        964        116       8628     573351   ELF Image Totals
     17224       1058        964        116          0          0   ROM Totals

==============================================================================

    Total RO  Size (Code + RO Data)                18188 (  17.76kB)
    Total RW  Size (RW Data + ZI Data)              8744 (   8.54kB)
    Total ROM Size (Code + RO Data + RW Data)      18304 (  17.88kB)

==============================================================================

