ARM Linker, 5.03 [Build 76] [MDK-ARM Lite]

==============================================================================

Section Cross References

    system_stm32f4xx.o(.text) refers to system_stm32f4xx.o(.data) for SystemCoreClock
    startup_stm32f4xx.o(RESET) refers to startup_stm32f4xx.o(STACK) for __initial_sp
    startup_stm32f4xx.o(RESET) refers to startup_stm32f4xx.o(.text) for Reset_Handler
    startup_stm32f4xx.o(RESET) refers to hal_cm4.o(.emb_text) for SVC_Handler
    startup_stm32f4xx.o(.text) refers to system_stm32f4xx.o(.text) for SystemInit
    startup_stm32f4xx.o(.text) refers to entry.o(.ARM.Collect$$$$00000000) for __main
    rtx_conf_cm.o(.ARM.Collect$$$$000000FF) refers to rt_cmsis.o(i.osKernelStart) for osKernelStart
    rtx_conf_cm.o(.ARM.Collect$$$$000000FF) refers to rtx_conf_cm.o(.constdata) for .constdata
    rtx_conf_cm.o(.constdata) refers to rt_cmsis.o(i.osTimerThread) for osTimerThread
    rtx_conf_cm.o(.constdata) refers to rtx_conf_cm.o(.bss) for os_messageQ_q_osTimerMessageQ
    rtx_conf_cm.o(.constdata) refers to main.o(.text) for main
    main.o(.text) refers to stm32f4xx_rcc.o(.text) for RCC_AHB1PeriphClockCmd
    main.o(.text) refers to stm32f4xx_gpio.o(.text) for GPIO_Init
    main.o(.text) refers to rt_cmsis.o(i.osThreadCreate) for osThreadCreate
    main.o(.text) refers to rt_cmsis.o(i.osDelay) for osDelay
    main.o(.text) refers to main.o(.constdata) for os_thread_def_thread
    main.o(.constdata) refers to main.o(.text) for thread
    stm32f4xx_adc.o(.text) refers to stm32f4xx_rcc.o(.text) for RCC_APB2PeriphResetCmd
    stm32f4xx_can.o(.text) refers to stm32f4xx_rcc.o(.text) for RCC_APB1PeriphResetCmd
    stm32f4xx_cryp.o(.text) refers to stm32f4xx_rcc.o(.text) for RCC_AHB2PeriphResetCmd
    stm32f4xx_cryp_aes.o(.text) refers to stm32f4xx_cryp.o(.text) for CRYP_KeyStructInit
    stm32f4xx_cryp_des.o(.text) refers to stm32f4xx_cryp.o(.text) for CRYP_KeyStructInit
    stm32f4xx_cryp_tdes.o(.text) refers to stm32f4xx_cryp.o(.text) for CRYP_KeyStructInit
    stm32f4xx_dac.o(.text) refers to stm32f4xx_rcc.o(.text) for RCC_APB1PeriphResetCmd
    stm32f4xx_gpio.o(.text) refers to stm32f4xx_rcc.o(.text) for RCC_AHB1PeriphResetCmd
    stm32f4xx_hash.o(.text) refers to stm32f4xx_rcc.o(.text) for RCC_AHB2PeriphResetCmd
    stm32f4xx_hash_md5.o(.text) refers to stm32f4xx_hash.o(.text) for HASH_DeInit
    stm32f4xx_hash_sha1.o(.text) refers to stm32f4xx_hash.o(.text) for HASH_DeInit
    stm32f4xx_i2c.o(.text) refers to stm32f4xx_rcc.o(.text) for RCC_APB1PeriphResetCmd
    stm32f4xx_pwr.o(.text) refers to stm32f4xx_rcc.o(.text) for RCC_APB1PeriphResetCmd
    stm32f4xx_rcc.o(.text) refers to stm32f4xx_rcc.o(.data) for APBAHBPrescTable
    stm32f4xx_rng.o(.text) refers to stm32f4xx_rcc.o(.text) for RCC_AHB2PeriphResetCmd
    stm32f4xx_sdio.o(.text) refers to stm32f4xx_rcc.o(.text) for RCC_APB2PeriphResetCmd
    stm32f4xx_spi.o(.text) refers to stm32f4xx_rcc.o(.text) for RCC_APB2PeriphResetCmd
    stm32f4xx_syscfg.o(.text) refers to stm32f4xx_rcc.o(.text) for RCC_APB2PeriphResetCmd
    stm32f4xx_tim.o(.text) refers to stm32f4xx_rcc.o(.text) for RCC_APB2PeriphResetCmd
    stm32f4xx_usart.o(.text) refers to stm32f4xx_rcc.o(.text) for RCC_APB2PeriphResetCmd
    stm32f4xx_wwdg.o(.text) refers to stm32f4xx_rcc.o(.text) for RCC_APB1PeriphResetCmd
    rt_cmsis.o(i.isrMessagePut) refers to rt_mailbox.o(i.rt_mbx_check) for rt_mbx_check
    rt_cmsis.o(i.isrMessagePut) refers to rt_mailbox.o(i.isr_mbx_send) for isr_mbx_send
    rt_cmsis.o(i.osDelay) refers to rt_cmsis.o(i.svcDelay) for svcDelay
    rt_cmsis.o(i.osKernelRunning) refers to rt_task.o(.data) for os_tsk
    rt_cmsis.o(i.osKernelStart) refers to rtx_conf_cm.o(.constdata) for os_flags
    rt_cmsis.o(i.osKernelStart) refers to rt_cmsis.o(i.svcKernelStart) for svcKernelStart
    rt_cmsis.o(i.osMailAlloc) refers to rt_cmsis.o(i.sysMailAlloc) for sysMailAlloc
    rt_cmsis.o(i.osMailCAlloc) refers to rt_cmsis.o(i.sysMailAlloc) for sysMailAlloc
    rt_cmsis.o(i.osMailCreate) refers to rt_cmsis.o(i.svcMailCreate) for svcMailCreate
    rt_cmsis.o(i.osMailFree) refers to rt_cmsis.o(i.sysMailFree) for sysMailFree
    rt_cmsis.o(i.osMailGet) refers to rt_cmsis.o(i.osMessageGet) for osMessageGet
    rt_cmsis.o(i.osMailPut) refers to rt_cmsis.o(i.osMessagePut) for osMessagePut
    rt_cmsis.o(i.osMessageCreate) refers to rt_cmsis.o(i.svcMessageCreate) for svcMessageCreate
    rt_cmsis.o(i.osMessageGet) refers to rt_mailbox.o(i.isr_mbx_receive) for isr_mbx_receive
    rt_cmsis.o(i.osMessageGet) refers to rt_cmsis.o(i.svcMessageGet) for svcMessageGet
    rt_cmsis.o(i.osMessagePut) refers to rt_cmsis.o(i.isrMessagePut) for isrMessagePut
    rt_cmsis.o(i.osMessagePut) refers to rt_cmsis.o(i.svcMessagePut) for svcMessagePut
    rt_cmsis.o(i.osMutexCreate) refers to rt_cmsis.o(i.svcMutexCreate) for svcMutexCreate
    rt_cmsis.o(i.osMutexRelease) refers to rt_cmsis.o(i.svcMutexRelease) for svcMutexRelease
[...]
    rt_cmsis.o(i.sysMailAlloc) refers to rt_cmsis.o(i.rt_ms2tick) for rt_ms2tick
    rt_cmsis.o(i.sysMailAlloc) refers to rt_task.o(i.rt_block) for rt_block
    rt_cmsis.o(i.sysMailAlloc) refers to rt_task.o(.data) for os_tsk
    rt_cmsis.o(i.sysMailFree) refers to rt_membox.o(i.rt_free_box) for rt_free_box
    rt_cmsis.o(i.sysMailFree) refers to rt_list.o(i.rt_psq_enq) for rt_psq_enq
    rt_cmsis.o(i.sysMailFree) refers to rt_system.o(i.rt_psh_req) for rt_psh_req
    rt_cmsis.o(i.sysMailFree) refers to rt_membox.o(i.rt_alloc_box) for rt_alloc_box
    rt_cmsis.o(i.sysMailFree) refers to rt_list.o(i.rt_get_first) for rt_get_first
    rt_cmsis.o(i.sysMailFree) refers to hal_cm.o(i.rt_ret_val) for rt_ret_val
    rt_cmsis.o(i.sysMailFree) refers to rt_list.o(i.rt_rmv_dly) for rt_rmv_dly
    rt_cmsis.o(i.sysMailFree) refers to rt_task.o(i.rt_dispatch) for rt_dispatch
    rt_cmsis.o(i.sysPoolAlloc) refers to rt_membox.o(i.rt_alloc_box) for rt_alloc_box
    rt_cmsis.o(i.sysPoolAlloc) refers to rt_cmsis.o(i.rt_clr_box) for rt_clr_box
    rt_cmsis.o(i.sysPoolFree) refers to rt_membox.o(i.rt_free_box) for rt_free_box
    rt_cmsis.o(i.sysTimerTick) refers to rt_cmsis.o(i.isrMessagePut) for isrMessagePut
    rt_cmsis.o(i.sysTimerTick) refers to rt_cmsis.o(i.rt_timer_insert) for rt_timer_insert
    rt_cmsis.o(i.sysTimerTick) refers to rt_cmsis.o(.data) for .data
    rt_cmsis.o(i.sysTimerTick) refers to rtx_conf_cm.o(.data) for osMessageQId_osTimerMessageQ
    rt_task.o(i.rt_block) refers to rt_list.o(i.rt_put_dly) for rt_put_dly
    rt_task.o(i.rt_block) refers to rt_list.o(i.rt_get_first) for rt_get_first
    rt_task.o(i.rt_block) refers to rt_task.o(i.rt_switch_req) for rt_switch_req
    rt_task.o(i.rt_block) refers to rt_task.o(.data) for .data
    rt_task.o(i.rt_block) refers to rt_list.o(.bss) for os_rdy
    rt_task.o(i.rt_dispatch) refers to rt_list.o(i.rt_put_rdy_first) for rt_put_rdy_first
    rt_task.o(i.rt_dispatch) refers to rt_task.o(i.rt_switch_req) for rt_switch_req
    rt_task.o(i.rt_dispatch) refers to rt_list.o(i.rt_get_first) for rt_get_first
    rt_task.o(i.rt_dispatch) refers to rt_list.o(i.rt_put_prio) for rt_put_prio
    rt_task.o(i.rt_dispatch) refers to rt_task.o(.data) for .data
    rt_task.o(i.rt_dispatch) refers to rt_list.o(.bss) for os_rdy
    rt_task.o(i.rt_init_context) refers to rt_membox.o(i.rt_alloc_box) for rt_alloc_box
    rt_task.o(i.rt_init_context) refers to hal_cm.o(i.rt_init_stack) for rt_init_stack
    rt_task.o(i.rt_init_context) refers to rtx_conf_cm.o(.bss) for mp_stk
    rt_task.o(i.rt_switch_req) refers to hal_cm.o(i.dbg_task_switch) for dbg_task_switch
    rt_task.o(i.rt_switch_req) refers to rt_task.o(.data) for .data
    rt_task.o(i.rt_switch_req) refers to hal_cm.o(.data) for dbg_msg
    rt_task.o(i.rt_sys_init) refers to hal_cm.o(i.dbg_init) for dbg_init
    rt_task.o(i.rt_sys_init) refers to rt_membox.o(i._init_box) for _init_box
    rt_task.o(i.rt_sys_init) refers to rt_task.o(i.rt_init_context) for rt_init_context
    rt_task.o(i.rt_sys_init) refers to hal_cm4.o(.emb_text) for rt_set_PSP
    rt_task.o(i.rt_sys_init) refers to rt_robin.o(i.rt_init_robin) for rt_init_robin
    rt_task.o(i.rt_sys_init) refers to rt_task.o(i.rt_tsk_create) for rt_tsk_create
    rt_task.o(i.rt_sys_init) refers to rtx_conf_cm.o(.bss) for os_active_TCB
    rt_task.o(i.rt_sys_init) refers to rtx_conf_cm.o(.constdata) for os_maxtaskrun
    rt_task.o(i.rt_sys_init) refers to rtx_conf_cm.o(.data) for m_tmr
    rt_task.o(i.rt_sys_init) refers to rt_task.o(.bss) for .bss
    rt_task.o(i.rt_sys_init) refers to rtx_conf_cm.o(.text) for os_idle_demon
    rt_task.o(i.rt_sys_init) refers to rt_list.o(.bss) for os_rdy
    rt_task.o(i.rt_sys_init) refers to rt_task.o(.data) for .data
    rt_task.o(i.rt_tsk_create) refers to rt_membox.o(i.rt_alloc_box) for rt_alloc_box
    rt_task.o(i.rt_tsk_create) refers to rt_task.o(i.rt_init_context) for rt_init_context
    rt_task.o(i.rt_tsk_create) refers to hal_cm.o(i.dbg_task_notify) for dbg_task_notify
    rt_task.o(i.rt_tsk_create) refers to rt_task.o(i.rt_dispatch) for rt_dispatch
    rt_task.o(i.rt_tsk_create) refers to rtx_conf_cm.o(.bss) for mp_tcb
    rt_task.o(i.rt_tsk_create) refers to rtx_conf_cm.o(.constdata) for os_maxtaskrun
    rt_task.o(i.rt_tsk_create) refers to hal_cm.o(.data) for dbg_msg
    rt_task.o(i.rt_tsk_delete) refers to rt_membox.o(i.rt_free_box) for rt_free_box
    rt_task.o(i.rt_tsk_delete) refers to hal_cm.o(i.dbg_task_notify) for dbg_task_notify
    rt_task.o(i.rt_tsk_delete) refers to rt_task.o(i.rt_dispatch) for rt_dispatch
    rt_task.o(i.rt_tsk_delete) refers to rt_list.o(i.rt_rmv_list) for rt_rmv_list
    rt_task.o(i.rt_tsk_delete) refers to rt_list.o(i.rt_rmv_dly) for rt_rmv_dly
    rt_task.o(i.rt_tsk_delete) refers to hal_cm.o(.data) for dbg_msg
    rt_task.o(i.rt_tsk_delete) refers to rt_task.o(.data) for .data
    rt_task.o(i.rt_tsk_delete) refers to rtx_conf_cm.o(.bss) for os_active_TCB
    rt_task.o(i.rt_tsk_delete) refers to rtx_conf_cm.o(.constdata) for os_maxtaskrun
    rt_task.o(i.rt_tsk_pass) refers to rt_list.o(i.rt_get_same_rdy_prio) for rt_get_same_rdy_prio
    rt_task.o(i.rt_tsk_pass) refers to rt_list.o(i.rt_put_prio) for rt_put_prio
    rt_task.o(i.rt_tsk_pass) refers to rt_task.o(i.rt_switch_req) for rt_switch_req
    rt_task.o(i.rt_tsk_pass) refers to rt_task.o(.data) for .data
    rt_task.o(i.rt_tsk_pass) refers to rt_list.o(.bss) for os_rdy
    rt_task.o(i.rt_tsk_prio) refers to rt_list.o(i.rt_put_prio) for rt_put_prio
    rt_task.o(i.rt_tsk_prio) refers to rt_list.o(i.rt_resort_prio) for rt_resort_prio
    rt_task.o(i.rt_tsk_prio) refers to rt_list.o(i.rt_get_first) for rt_get_first
    rt_task.o(i.rt_tsk_prio) refers to rt_task.o(i.rt_dispatch) for rt_dispatch
    rt_task.o(i.rt_tsk_prio) refers to rt_task.o(.data) for .data
    rt_task.o(i.rt_tsk_prio) refers to rtx_conf_cm.o(.constdata) for os_maxtaskrun
    rt_task.o(i.rt_tsk_prio) refers to rtx_conf_cm.o(.bss) for os_active_TCB
    rt_task.o(i.rt_tsk_prio) refers to rt_list.o(.bss) for os_rdy
    rt_task.o(i.rt_tsk_self) refers to rt_task.o(.data) for .data
    rt_system.o(i.rt_pop_req) refers to rt_list.o(i.rt_put_rdy_first) for rt_put_rdy_first
    rt_system.o(i.rt_pop_req) refers to rt_semaphore.o(i.rt_sem_psh) for rt_sem_psh
    rt_system.o(i.rt_pop_req) refers to rt_list.o(i.rt_get_first) for rt_get_first
    rt_system.o(i.rt_pop_req) refers to rt_task.o(i.rt_switch_req) for rt_switch_req
    rt_system.o(i.rt_pop_req) refers to rt_event.o(i.rt_evt_psh) for rt_evt_psh
    rt_system.o(i.rt_pop_req) refers to rt_mailbox.o(i.rt_mbx_psh) for rt_mbx_psh
    rt_system.o(i.rt_pop_req) refers to rt_task.o(.data) for os_tsk
    rt_system.o(i.rt_pop_req) refers to rtx_conf_cm.o(.bss) for os_fifo
    rt_system.o(i.rt_pop_req) refers to rt_list.o(.bss) for os_rdy
    rt_system.o(i.rt_psh_req) refers to rt_system.o(.data) for .data
    rt_system.o(i.rt_stk_check) refers to rtx_conf_cm.o(.text) for os_error
    rt_system.o(i.rt_stk_check) refers to rt_task.o(.data) for os_tsk
    rt_system.o(i.rt_systick) refers to rt_list.o(i.rt_put_rdy_first) for rt_put_rdy_first
    rt_system.o(i.rt_systick) refers to rt_robin.o(i.rt_chk_robin) for rt_chk_robin
    rt_system.o(i.rt_systick) refers to rt_list.o(i.rt_dec_dly) for rt_dec_dly
    rt_system.o(i.rt_systick) refers to rt_cmsis.o(i.sysTimerTick) for sysTimerTick
    rt_system.o(i.rt_systick) refers to rt_list.o(i.rt_get_first) for rt_get_first
    rt_system.o(i.rt_systick) refers to rt_task.o(i.rt_switch_req) for rt_switch_req
    rt_system.o(i.rt_systick) refers to rt_task.o(.data) for os_tsk
    rt_system.o(i.rt_systick) refers to rt_time.o(.data) for os_time
    rt_system.o(i.rt_systick) refers to rt_list.o(.bss) for os_rdy
    rt_system.o(i.rt_tsk_lock) refers to rt_system.o(.data) for .data
    rt_system.o(i.rt_tsk_unlock) refers to rt_system.o(.data) for .data
    rt_event.o(i.isr_evt_set) refers to rt_list.o(i.rt_psq_enq) for rt_psq_enq
    rt_event.o(i.isr_evt_set) refers to rt_system.o(i.rt_psh_req) for rt_psh_req
    rt_event.o(i.isr_evt_set) refers to rtx_conf_cm.o(.bss) for os_active_TCB
    rt_event.o(i.rt_evt_clr) refers to rtx_conf_cm.o(.bss) for os_active_TCB
    rt_event.o(i.rt_evt_get) refers to rt_task.o(.data) for os_tsk
    rt_event.o(i.rt_evt_psh) refers to rt_list.o(i.rt_rmv_dly) for rt_rmv_dly
    rt_event.o(i.rt_evt_psh) refers to hal_cm.o(i.rt_ret_val2) for rt_ret_val2
    rt_event.o(i.rt_evt_psh) refers to rt_list.o(i.rt_put_prio) for rt_put_prio
    rt_event.o(i.rt_evt_psh) refers to rt_list.o(.bss) for os_rdy
    rt_event.o(i.rt_evt_set) refers to rt_list.o(i.rt_rmv_dly) for rt_rmv_dly
    rt_event.o(i.rt_evt_set) refers to hal_cm.o(i.rt_ret_val2) for rt_ret_val2
    rt_event.o(i.rt_evt_set) refers to rt_task.o(i.rt_dispatch) for rt_dispatch
    rt_event.o(i.rt_evt_set) refers to rtx_conf_cm.o(.bss) for os_active_TCB
    rt_event.o(i.rt_evt_wait) refers to rt_task.o(i.rt_block) for rt_block
    rt_event.o(i.rt_evt_wait) refers to rt_task.o(.data) for os_tsk
    rt_list.o(i.rt_dec_dly) refers to rt_list.o(i.rt_put_prio) for rt_put_prio
    rt_list.o(i.rt_dec_dly) refers to rt_list.o(.bss) for .bss
    rt_list.o(i.rt_dec_dly) refers to rt_time.o(.data) for os_time
    rt_list.o(i.rt_get_same_rdy_prio) refers to rt_list.o(.bss) for .bss
    rt_list.o(i.rt_get_same_rdy_prio) refers to rt_task.o(.data) for os_tsk
    rt_list.o(i.rt_psq_enq) refers to rtx_conf_cm.o(.text) for os_error
    rt_list.o(i.rt_psq_enq) refers to rtx_conf_cm.o(.bss) for os_fifo
    rt_list.o(i.rt_put_dly) refers to rt_list.o(.bss) for .bss
    rt_list.o(i.rt_put_rdy_first) refers to rt_list.o(.bss) for .bss
    rt_list.o(i.rt_resort_prio) refers to rt_list.o(i.rt_rmv_list) for rt_rmv_list
    rt_list.o(i.rt_resort_prio) refers to rt_list.o(i.rt_put_prio) for rt_put_prio
    rt_list.o(i.rt_resort_prio) refers to rt_list.o(.bss) for .bss
    rt_list.o(i.rt_rmv_list) refers to rt_list.o(.bss) for .bss
    rt_mailbox.o(i.isr_mbx_receive) refers to rt_list.o(i.rt_psq_enq) for rt_psq_enq
    rt_mailbox.o(i.isr_mbx_receive) refers to rt_system.o(i.rt_psh_req) for rt_psh_req
    rt_mailbox.o(i.isr_mbx_send) refers to rt_list.o(i.rt_psq_enq) for rt_psq_enq
    rt_mailbox.o(i.isr_mbx_send) refers to rt_system.o(i.rt_psh_req) for rt_psh_req
    rt_mailbox.o(i.rt_mbx_psh) refers to rt_membox.o(i.rt_alloc_box) for rt_alloc_box
    rt_mailbox.o(i.rt_mbx_psh) refers to rt_list.o(i.rt_get_first) for rt_get_first
    rt_mailbox.o(i.rt_mbx_psh) refers to hal_cm.o(i.rt_ret_val) for rt_ret_val
    rt_mailbox.o(i.rt_mbx_psh) refers to rt_list.o(i.rt_rmv_dly) for rt_rmv_dly
    rt_mailbox.o(i.rt_mbx_psh) refers to hal_cm.o(i.rt_ret_val2) for rt_ret_val2
    rt_mailbox.o(i.rt_mbx_psh) refers to rt_list.o(i.rt_put_prio) for rt_put_prio
    rt_mailbox.o(i.rt_mbx_psh) refers to rtx_conf_cm.o(.text) for os_error
    rt_mailbox.o(i.rt_mbx_psh) refers to rt_list.o(.bss) for os_rdy
    rt_mailbox.o(i.rt_mbx_send) refers to rt_list.o(i.rt_put_prio) for rt_put_prio
    rt_mailbox.o(i.rt_mbx_send) refers to rt_list.o(i.rt_get_first) for rt_get_first
    rt_mailbox.o(i.rt_mbx_send) refers to hal_cm.o(i.rt_ret_val2) for rt_ret_val2
    rt_mailbox.o(i.rt_mbx_send) refers to rt_list.o(i.rt_rmv_dly) for rt_rmv_dly
    rt_mailbox.o(i.rt_mbx_send) refers to rt_task.o(i.rt_dispatch) for rt_dispatch
    rt_mailbox.o(i.rt_mbx_send) refers to rt_task.o(i.rt_block) for rt_block
    rt_mailbox.o(i.rt_mbx_send) refers to rt_task.o(.data) for os_tsk
    rt_mailbox.o(i.rt_mbx_wait) refers to rt_list.o(i.rt_get_first) for rt_get_first
    rt_mailbox.o(i.rt_mbx_wait) refers to hal_cm.o(i.rt_ret_val) for rt_ret_val
    rt_mailbox.o(i.rt_mbx_wait) refers to rt_list.o(i.rt_rmv_dly) for rt_rmv_dly
    rt_mailbox.o(i.rt_mbx_wait) refers to rt_task.o(i.rt_dispatch) for rt_dispatch
    rt_mailbox.o(i.rt_mbx_wait) refers to rt_list.o(i.rt_put_prio) for rt_put_prio
    rt_mailbox.o(i.rt_mbx_wait) refers to rt_task.o(i.rt_block) for rt_block
    rt_mailbox.o(i.rt_mbx_wait) refers to rt_task.o(.data) for os_tsk
    rt_semaphore.o(i.isr_sem_send) refers to rt_list.o(i.rt_psq_enq) for rt_psq_enq
    rt_semaphore.o(i.isr_sem_send) refers to rt_system.o(i.rt_psh_req) for rt_psh_req
    rt_semaphore.o(i.rt_sem_psh) refers to rt_list.o(i.rt_get_first) for rt_get_first
    rt_semaphore.o(i.rt_sem_psh) refers to rt_list.o(i.rt_rmv_dly) for rt_rmv_dly
    rt_semaphore.o(i.rt_sem_psh) refers to hal_cm.o(i.rt_ret_val) for rt_ret_val
    rt_semaphore.o(i.rt_sem_psh) refers to rt_list.o(i.rt_put_prio) for rt_put_prio
    rt_semaphore.o(i.rt_sem_psh) refers to rt_list.o(.bss) for os_rdy
    rt_semaphore.o(i.rt_sem_send) refers to rt_list.o(i.rt_get_first) for rt_get_first
    rt_semaphore.o(i.rt_sem_send) refers to hal_cm.o(i.rt_ret_val) for rt_ret_val
    rt_semaphore.o(i.rt_sem_send) refers to rt_list.o(i.rt_rmv_dly) for rt_rmv_dly
    rt_semaphore.o(i.rt_sem_send) refers to rt_task.o(i.rt_dispatch) for rt_dispatch
    rt_semaphore.o(i.rt_sem_wait) refers to rt_list.o(i.rt_put_prio) for rt_put_prio
    rt_semaphore.o(i.rt_sem_wait) refers to rt_task.o(i.rt_block) for rt_block
    rt_semaphore.o(i.rt_sem_wait) refers to rt_task.o(.data) for os_tsk
    rt_time.o(i.rt_dly_wait) refers to rt_task.o(i.rt_block) for rt_block
    rt_time.o(i.rt_itv_set) refers to rt_task.o(.data) for os_tsk
    rt_time.o(i.rt_itv_set) refers to rt_time.o(.data) for .data
    rt_time.o(i.rt_itv_wait) refers to rt_task.o(i.rt_block) for rt_block
    rt_time.o(i.rt_itv_wait) refers to rt_task.o(.data) for os_tsk
    rt_time.o(i.rt_itv_wait) refers to rt_time.o(.data) for .data
    rt_mutex.o(i.rt_mut_release) refers to rt_list.o(i.rt_get_first) for rt_get_first
    rt_mutex.o(i.rt_mut_release) refers to hal_cm.o(i.rt_ret_val) for rt_ret_val
    rt_mutex.o(i.rt_mut_release) refers to rt_list.o(i.rt_rmv_dly) for rt_rmv_dly
    rt_mutex.o(i.rt_mut_release) refers to rt_list.o(i.rt_put_prio) for rt_put_prio
    rt_mutex.o(i.rt_mut_release) refers to rt_task.o(i.rt_dispatch) for rt_dispatch
    rt_mutex.o(i.rt_mut_release) refers to rt_task.o(.data) for os_tsk
    rt_mutex.o(i.rt_mut_release) refers to rt_list.o(.bss) for os_rdy
    rt_mutex.o(i.rt_mut_wait) refers to rt_list.o(i.rt_resort_prio) for rt_resort_prio
    rt_mutex.o(i.rt_mut_wait) refers to rt_list.o(i.rt_put_prio) for rt_put_prio
    rt_mutex.o(i.rt_mut_wait) refers to rt_task.o(i.rt_block) for rt_block
    rt_mutex.o(i.rt_mut_wait) refers to rt_task.o(.data) for os_tsk
    rt_membox.o(i._calloc_box) refers to hal_cm4.o(.emb_text) for _alloc_box
    hal_cm.o(i.dbg_init) refers to hal_cm.o(.data) for .data
    hal_cm.o(i.rt_init_stack) refers to rtx_conf_cm.o(.constdata) for os_stackinfo
    hal_cm.o(i.rt_ret_val) refers to hal_cm.o(i.rt_ret_regs) for rt_ret_regs
    hal_cm.o(i.rt_ret_val2) refers to hal_cm.o(i.rt_ret_regs) for rt_ret_regs
    rt_robin.o(i.rt_chk_robin) refers to rt_list.o(i.rt_get_first) for rt_get_first
    rt_robin.o(i.rt_chk_robin) refers to rt_list.o(i.rt_put_prio) for rt_put_prio
    rt_robin.o(i.rt_chk_robin) refers to rt_robin.o(.data) for .data
    rt_robin.o(i.rt_chk_robin) refers to rt_list.o(.bss) for os_rdy
    rt_robin.o(i.rt_chk_robin) refers to rt_time.o(.data) for os_time
    rt_robin.o(i.rt_init_robin) refers to rt_robin.o(.data) for .data
    rt_robin.o(i.rt_init_robin) refers to rtx_conf_cm.o(.constdata) for os_rrobin
    hal_cm4.o(.emb_text) refers to rtx_conf_cm.o(.constdata) for os_flags
    hal_cm4.o(.emb_text) refers to rt_membox.o(i.rt_alloc_box) for rt_alloc_box
    hal_cm4.o(.emb_text) refers to rt_membox.o(i.rt_free_box) for rt_free_box
    hal_cm4.o(.emb_text) refers to rt_system.o(i.rt_stk_check) for rt_stk_check
    hal_cm4.o(.emb_text) refers to rt_task.o(.data) for os_tsk
    hal_cm4.o(.emb_text) refers to SVC_Table.o(SVC_TABLE) for SVC_Count
    hal_cm4.o(.emb_text) refers to rt_system.o(i.rt_pop_req) for rt_pop_req
    hal_cm4.o(.emb_text) refers to rt_system.o(i.rt_systick) for rt_systick
    entry.o(.ARM.Collect$$$$00000000) refers (Special) to entry10a.o(.ARM.Collect$$$$0000000D) for __rt_final_cpp
    entry.o(.ARM.Collect$$$$00000000) refers (Special) to entry11a.o(.ARM.Collect$$$$0000000F) for __rt_final_exit
    entry.o(.ARM.Collect$$$$00000000) refers (Special) to entry7b.o(.ARM.Collect$$$$00000008) for _main_clock
    entry.o(.ARM.Collect$$$$00000000) refers (Special) to entry8b.o(.ARM.Collect$$$$0000000A) for _main_cpp_init
    entry.o(.ARM.Collect$$$$00000000) refers (Special) to rtx_conf_cm.o(.ARM.Collect$$$$000000FF) for _main_init
    entry.o(.ARM.Collect$$$$00000000) refers (Special) to entry5.o(.ARM.Collect$$$$00000004) for _main_scatterload
    entry.o(.ARM.Collect$$$$00000000) refers (Special) to entry2.o(.ARM.Collect$$$$00000001) for _main_stk
    entry2.o(.ARM.Collect$$$$00000001) refers to entry2.o(.ARM.Collect$$$$00002712) for __lit__00000000
    entry2.o(.ARM.Collect$$$$00002712) refers to startup_stm32f4xx.o(STACK) for __initial_sp
    entry2.o(__vectab_stack_and_reset_area) refers to startup_stm32f4xx.o(STACK) for __initial_sp
    entry2.o(__vectab_stack_and_reset_area) refers to entry.o(.ARM.Collect$$$$00000000) for __main
    entry5.o(.ARM.Collect$$$$00000004) refers to init.o(.text) for __scatterload
    init.o(.text) refers to entry5.o(.ARM.Collect$$$$00000004) for __main_after_scatterload


==============================================================================

Removing Unused input sections from the image.

    Removing system_stm32f4xx.o(.rev16_text), (4 bytes).
    Removing system_stm32f4xx.o(.revsh_text), (4 bytes).
    Removing startup_stm32f4xx.o(HEAP), (512 bytes).
    Removing main.o(.rev16_text), (4 bytes).
    Removing main.o(.revsh_text), (4 bytes).
    Removing misc.o(.rev16_text), (4 bytes).
    Removing misc.o(.revsh_text), (4 bytes).
    Removing misc.o(.text), (228 bytes).
    Removing stm32f4xx_adc.o(.rev16_text), (4 bytes).
    Removing stm32f4xx_adc.o(.revsh_text), (4 bytes).
    Removing stm32f4xx_adc.o(.text), (1136 bytes).
    Removing stm32f4xx_can.o(.rev16_text), (4 bytes).
    Removing stm32f4xx_can.o(.revsh_text), (4 bytes).
    Removing stm32f4xx_can.o(.text), (2540 bytes).
    Removing stm32f4xx_crc.o(.rev16_text), (4 bytes).
    Removing stm32f4xx_crc.o(.revsh_text), (4 bytes).
    Removing stm32f4xx_crc.o(.text), (72 bytes).
    Removing stm32f4xx_cryp.o(.rev16_text), (4 bytes).
    Removing stm32f4xx_cryp.o(.revsh_text), (4 bytes).
    Removing stm32f4xx_cryp.o(.text), (656 bytes).
    Removing stm32f4xx_cryp_aes.o(.rev16_text), (4 bytes).
    Removing stm32f4xx_cryp_aes.o(.revsh_text), (4 bytes).
    Removing stm32f4xx_cryp_aes.o(.text), (1524 bytes).
    Removing stm32f4xx_cryp_des.o(.rev16_text), (4 bytes).
    Removing stm32f4xx_cryp_des.o(.revsh_text), (4 bytes).
    Removing stm32f4xx_cryp_des.o(.text), (468 bytes).
    Removing stm32f4xx_cryp_tdes.o(.rev16_text), (4 bytes).
    Removing stm32f4xx_cryp_tdes.o(.revsh_text), (4 bytes).
    Removing stm32f4xx_cryp_tdes.o(.text), (532 bytes).
    Removing stm32f4xx_dac.o(.rev16_text), (4 bytes).
    Removing stm32f4xx_dac.o(.revsh_text), (4 bytes).
    Removing stm32f4xx_dac.o(.text), (528 bytes).
    Removing stm32f4xx_dbgmcu.o(.rev16_text), (4 bytes).
    Removing stm32f4xx_dbgmcu.o(.revsh_text), (4 bytes).
    Removing stm32f4xx_dbgmcu.o(.text), (100 bytes).
    Removing stm32f4xx_dcmi.o(.rev16_text), (4 bytes).
    Removing stm32f4xx_dcmi.o(.revsh_text), (4 bytes).
    Removing stm32f4xx_dcmi.o(.text), (396 bytes).
    Removing stm32f4xx_dma.o(.rev16_text), (4 bytes).
    Removing stm32f4xx_dma.o(.revsh_text), (4 bytes).
    Removing stm32f4xx_dma.o(.text), (932 bytes).
    Removing stm32f4xx_exti.o(.rev16_text), (4 bytes).
    Removing stm32f4xx_exti.o(.revsh_text), (4 bytes).
    Removing stm32f4xx_exti.o(.text), (284 bytes).
    Removing stm32f4xx_flash.o(.rev16_text), (4 bytes).
    Removing stm32f4xx_flash.o(.revsh_text), (4 bytes).
    Removing stm32f4xx_flash.o(.text), (1224 bytes).
    Removing stm32f4xx_fsmc.o(.rev16_text), (4 bytes).
    Removing stm32f4xx_fsmc.o(.revsh_text), (4 bytes).
    Removing stm32f4xx_fsmc.o(.text), (1564 bytes).
    Removing stm32f4xx_gpio.o(.rev16_text), (4 bytes).
    Removing stm32f4xx_gpio.o(.revsh_text), (4 bytes).
    Removing stm32f4xx_hash.o(.rev16_text), (4 bytes).
    Removing stm32f4xx_hash.o(.revsh_text), (4 bytes).
    Removing stm32f4xx_hash.o(.text), (496 bytes).
    Removing stm32f4xx_hash_md5.o(.rev16_text), (4 bytes).
    Removing stm32f4xx_hash_md5.o(.revsh_text), (4 bytes).
    Removing stm32f4xx_hash_md5.o(.text), (534 bytes).
    Removing stm32f4xx_hash_sha1.o(.rev16_text), (4 bytes).
    Removing stm32f4xx_hash_sha1.o(.revsh_text), (4 bytes).
    Removing stm32f4xx_hash_sha1.o(.text), (548 bytes).
    Removing stm32f4xx_i2c.o(.rev16_text), (4 bytes).
    Removing stm32f4xx_i2c.o(.revsh_text), (4 bytes).
    Removing stm32f4xx_i2c.o(.text), (1064 bytes).
    Removing stm32f4xx_iwdg.o(.rev16_text), (4 bytes).
    Removing stm32f4xx_iwdg.o(.revsh_text), (4 bytes).
    Removing stm32f4xx_iwdg.o(.text), (64 bytes).
    Removing stm32f4xx_pwr.o(.rev16_text), (4 bytes).
    Removing stm32f4xx_pwr.o(.revsh_text), (4 bytes).
    Removing stm32f4xx_pwr.o(.text), (252 bytes).
    Removing stm32f4xx_rcc.o(.rev16_text), (4 bytes).
    Removing stm32f4xx_rcc.o(.revsh_text), (4 bytes).
    Removing stm32f4xx_rng.o(.rev16_text), (4 bytes).
    Removing stm32f4xx_rng.o(.revsh_text), (4 bytes).
    Removing stm32f4xx_rng.o(.text), (160 bytes).
    Removing stm32f4xx_rtc.o(.rev16_text), (4 bytes).
    Removing stm32f4xx_rtc.o(.revsh_text), (4 bytes).
    Removing stm32f4xx_rtc.o(.text), (3432 bytes).
    Removing stm32f4xx_sdio.o(.rev16_text), (4 bytes).
    Removing stm32f4xx_sdio.o(.revsh_text), (4 bytes).
    Removing stm32f4xx_sdio.o(.text), (484 bytes).
    Removing stm32f4xx_spi.o(.rev16_text), (4 bytes).
    Removing stm32f4xx_spi.o(.revsh_text), (4 bytes).
    Removing stm32f4xx_spi.o(.text), (1012 bytes).
    Removing stm32f4xx_syscfg.o(.rev16_text), (4 bytes).
    Removing stm32f4xx_syscfg.o(.revsh_text), (4 bytes).
    Removing stm32f4xx_syscfg.o(.text), (140 bytes).
    Removing stm32f4xx_tim.o(.rev16_text), (4 bytes).
    Removing stm32f4xx_tim.o(.revsh_text), (4 bytes).
    Removing stm32f4xx_tim.o(.text), (3234 bytes).
    Removing stm32f4xx_usart.o(.rev16_text), (4 bytes).
    Removing stm32f4xx_usart.o(.revsh_text), (4 bytes).
    Removing stm32f4xx_usart.o(.text), (1050 bytes).
    Removing stm32f4xx_wwdg.o(.rev16_text), (4 bytes).
    Removing stm32f4xx_wwdg.o(.revsh_text), (4 bytes).
    Removing stm32f4xx_wwdg.o(.text), (144 bytes).
    Removing rt_cmsis.o(.rev16_text), (4 bytes).
    Removing rt_cmsis.o(.revsh_text), (4 bytes).
    Removing rt_cmsis.o(i.osKernelRunning), (16 bytes).
    Removing rt_cmsis.o(i.osMailAlloc), (32 bytes).
    Removing rt_cmsis.o(i.osMailCAlloc), (32 bytes).
    Removing rt_cmsis.o(i.osMailCreate), (24 bytes).
    Removing rt_cmsis.o(i.osMailFree), (28 bytes).
    Removing rt_cmsis.o(i.osMailGet), (22 bytes).
    Removing rt_cmsis.o(i.osMailPut), (14 bytes).
    Removing rt_cmsis.o(i.osMessageCreate), (24 bytes).
    Removing rt_cmsis.o(i.osMessagePut), (24 bytes).
    Removing rt_cmsis.o(i.osMutexCreate), (24 bytes).
    Removing rt_cmsis.o(i.osMutexRelease), (24 bytes).
    Removing rt_cmsis.o(i.osMutexWait), (24 bytes).
    Removing rt_cmsis.o(i.osPoolAlloc), (36 bytes).
    Removing rt_cmsis.o(i.osPoolCAlloc), (36 bytes).
    Removing rt_cmsis.o(i.osPoolCreate), (24 bytes).
    Removing rt_cmsis.o(i.osPoolFree), (32 bytes).
    Removing rt_cmsis.o(i.osSemaphoreCreate), (24 bytes).
    Removing rt_cmsis.o(i.osSemaphoreRelease), (48 bytes).
    Removing rt_cmsis.o(i.osSemaphoreWait), (24 bytes).
    Removing rt_cmsis.o(i.osSignalClear), (24 bytes).
    Removing rt_cmsis.o(i.osSignalGet), (24 bytes).
    Removing rt_cmsis.o(i.osSignalSet), (52 bytes).
    Removing rt_cmsis.o(i.osSignalWait), (24 bytes).
    Removing rt_cmsis.o(i.osThreadGetId), (24 bytes).
    Removing rt_cmsis.o(i.osThreadGetPriority), (24 bytes).
    Removing rt_cmsis.o(i.osThreadSetPriority), (24 bytes).
    Removing rt_cmsis.o(i.osThreadTerminate), (24 bytes).
    Removing rt_cmsis.o(i.osThreadYield), (24 bytes).
    Removing rt_cmsis.o(i.osTimerCreate), (24 bytes).
    Removing rt_cmsis.o(i.osTimerStart), (24 bytes).
    Removing rt_cmsis.o(i.osTimerStop), (24 bytes).
    Removing rt_cmsis.o(i.osWait), (4 bytes).
    Removing rt_cmsis.o(i.rt_clr_box), (20 bytes).
    Removing rt_cmsis.o(i.rt_timer_remove), (60 bytes).
    Removing rt_cmsis.o(i.svcMailCreate), (66 bytes).
    Removing rt_cmsis.o(i.svcMessagePut), (54 bytes).
    Removing rt_cmsis.o(i.svcMutexCreate), (28 bytes).
    Removing rt_cmsis.o(i.svcMutexRelease), (34 bytes).
    Removing rt_cmsis.o(i.svcMutexWait), (54 bytes).
    Removing rt_cmsis.o(i.svcPoolCreate), (40 bytes).
    Removing rt_cmsis.o(i.svcSemaphoreCreate), (36 bytes).
    Removing rt_cmsis.o(i.svcSemaphoreRelease), (26 bytes).
    Removing rt_cmsis.o(i.svcSemaphoreWait), (54 bytes).
    Removing rt_cmsis.o(i.svcSignalClear), (36 bytes).
    Removing rt_cmsis.o(i.svcSignalGet), (18 bytes).
    Removing rt_cmsis.o(i.svcSignalSet), (36 bytes).
    Removing rt_cmsis.o(i.svcSignalWait), (84 bytes).
    Removing rt_cmsis.o(i.svcThreadGetPriority), (18 bytes).
    Removing rt_cmsis.o(i.svcThreadSetPriority), (46 bytes).
    Removing rt_cmsis.o(i.svcThreadYield), (10 bytes).
    Removing rt_cmsis.o(i.svcTimerCreate), (52 bytes).
    Removing rt_cmsis.o(i.svcTimerStart), (72 bytes).
    Removing rt_cmsis.o(i.svcTimerStop), (36 bytes).
    Removing rt_cmsis.o(i.sysMailAlloc), (112 bytes).
    Removing rt_cmsis.o(i.sysMailFree), (102 bytes).
    Removing rt_cmsis.o(i.sysPoolAlloc), (32 bytes).
    Removing rt_cmsis.o(i.sysPoolFree), (20 bytes).
    Removing rt_task.o(i.rt_tsk_pass), (48 bytes).
    Removing rt_task.o(i.rt_tsk_prio), (116 bytes).
    Removing rt_system.o(.emb_text), (0 bytes).
    Removing rt_system.o(i.rt_tsk_lock), (40 bytes).
    Removing rt_system.o(i.rt_tsk_unlock), (40 bytes).
    Removing rt_event.o(i.isr_evt_set), (40 bytes).
    Removing rt_event.o(i.rt_evt_clr), (28 bytes).
    Removing rt_event.o(i.rt_evt_get), (12 bytes).
    Removing rt_event.o(i.rt_evt_set), (92 bytes).
    Removing rt_event.o(i.rt_evt_wait), (64 bytes).
    Removing rt_list.o(i.rt_get_same_rdy_prio), (36 bytes).
    Removing rt_list.o(i.rt_resort_prio), (52 bytes).
    Removing rt_mailbox.o(i.rt_mbx_send), (172 bytes).
    Removing rt_semaphore.o(i.isr_sem_send), (16 bytes).
    Removing rt_semaphore.o(i.rt_sem_init), (12 bytes).
    Removing rt_semaphore.o(i.rt_sem_send), (42 bytes).
    Removing rt_semaphore.o(i.rt_sem_wait), (60 bytes).
    Removing rt_time.o(i.rt_itv_set), (24 bytes).
    Removing rt_time.o(i.rt_itv_wait), (44 bytes).
    Removing rt_mutex.o(i.rt_mut_init), (16 bytes).
    Removing rt_mutex.o(i.rt_mut_release), (160 bytes).
    Removing rt_mutex.o(i.rt_mut_wait), (100 bytes).
    Removing rt_membox.o(i._calloc_box), (28 bytes).

178 unused section(s) (total 28802 bytes) removed from the image.

==============================================================================

Image Symbol Table

    Local Symbols

    Symbol Name                              Value     Ov Type        Size  Object(Section)

    ../RTX_Conf_CM.c                         0x00000000   Number         0  rtx_conf_cm.o ABSOLUTE
    ../clib/microlib/init/entry.s            0x00000000   Number         0  entry8a.o ABSOLUTE
    ../clib/microlib/init/entry.s            0x00000000   Number         0  entry7b.o ABSOLUTE
    ../clib/microlib/init/entry.s            0x00000000   Number         0  entry7a.o ABSOLUTE
    ../clib/microlib/init/entry.s            0x00000000   Number         0  entry.o ABSOLUTE
    ../clib/microlib/init/entry.s            0x00000000   Number         0  entry5.o ABSOLUTE
    ../clib/microlib/init/entry.s            0x00000000   Number         0  entry11a.o ABSOLUTE
    ../clib/microlib/init/entry.s            0x00000000   Number         0  entry10b.o ABSOLUTE
    ../clib/microlib/init/entry.s            0x00000000   Number         0  entry10a.o ABSOLUTE
    ../clib/microlib/init/entry.s            0x00000000   Number         0  entry8b.o ABSOLUTE
    ../clib/microlib/init/entry.s            0x00000000   Number         0  entry11b.o ABSOLUTE
    ../clib/microlib/init/entry.s            0x00000000   Number         0  entry2.o ABSOLUTE
    ../main.c                                0x00000000   Number         0  main.o ABSOLUTE
    ../startup_stm32f4xx.s                   0x00000000   Number         0  startup_stm32f4xx.o ABSOLUTE
    ../system_stm32f4xx.c                    0x00000000   Number         0  system_stm32f4xx.o ABSOLUTE
    ..\HAL_CM.c                              0x00000000   Number         0  hal_cm.o ABSOLUTE
    ..\STM32F4xx_StdPeriph_Driver\src\misc.c 0x00000000   Number         0  misc.o ABSOLUTE
    ..\STM32F4xx_StdPeriph_Driver\src\stm32f4xx_adc.c 0x00000000   Number         0  stm32f4xx_adc.o ABSOLUTE
    ..\STM32F4xx_StdPeriph_Driver\src\stm32f4xx_can.c 0x00000000   Number         0  stm32f4xx_can.o ABSOLUTE
    ..\STM32F4xx_StdPeriph_Driver\src\stm32f4xx_crc.c 0x00000000   Number         0  stm32f4xx_crc.o ABSOLUTE
    ..\STM32F4xx_StdPeriph_Driver\src\stm32f4xx_cryp.c 0x00000000   Number         0  stm32f4xx_cryp.o ABSOLUTE
    ..\STM32F4xx_StdPeriph_Driver\src\stm32f4xx_cryp_aes.c 0x00000000   Number         0  stm32f4xx_cryp_aes.o ABSOLUTE
    ..\STM32F4xx_StdPeriph_Driver\src\stm32f4xx_cryp_des.c 0x00000000   Number         0  stm32f4xx_cryp_des.o ABSOLUTE
    ..\STM32F4xx_StdPeriph_Driver\src\stm32f4xx_cryp_tdes.c 0x00000000   Number         0  stm32f4xx_cryp_tdes.o ABSOLUTE
    ..\STM32F4xx_StdPeriph_Driver\src\stm32f4xx_dac.c 0x00000000   Number         0  stm32f4xx_dac.o ABSOLUTE
    ..\STM32F4xx_StdPeriph_Driver\src\stm32f4xx_dbgmcu.c 0x00000000   Number         0  stm32f4xx_dbgmcu.o ABSOLUTE
    ..\STM32F4xx_StdPeriph_Driver\src\stm32f4xx_dcmi.c 0x00000000   Number         0  stm32f4xx_dcmi.o ABSOLUTE
    ..\STM32F4xx_StdPeriph_Driver\src\stm32f4xx_dma.c 0x00000000   Number         0  stm32f4xx_dma.o ABSOLUTE
    ..\STM32F4xx_StdPeriph_Driver\src\stm32f4xx_exti.c 0x00000000   Number         0  stm32f4xx_exti.o ABSOLUTE
    ..\STM32F4xx_StdPeriph_Driver\src\stm32f4xx_flash.c 0x00000000   Number         0  stm32f4xx_flash.o ABSOLUTE
    ..\STM32F4xx_StdPeriph_Driver\src\stm32f4xx_fsmc.c 0x00000000   Number         0  stm32f4xx_fsmc.o ABSOLUTE
    ..\STM32F4xx_StdPeriph_Driver\src\stm32f4xx_gpio.c 0x00000000   Number         0  stm32f4xx_gpio.o ABSOLUTE
    ..\STM32F4xx_StdPeriph_Driver\src\stm32f4xx_hash.c 0x00000000   Number         0  stm32f4xx_hash.o ABSOLUTE
    ..\STM32F4xx_StdPeriph_Driver\src\stm32f4xx_hash_md5.c 0x00000000   Number         0  stm32f4xx_hash_md5.o ABSOLUTE
    ..\STM32F4xx_StdPeriph_Driver\src\stm32f4xx_hash_sha1.c 0x00000000   Number         0  stm32f4xx_hash_sha1.o ABSOLUTE
    ..\STM32F4xx_StdPeriph_Driver\src\stm32f4xx_i2c.c 0x00000000   Number         0  stm32f4xx_i2c.o ABSOLUTE
    ..\STM32F4xx_StdPeriph_Driver\src\stm32f4xx_iwdg.c 0x00000000   Number         0  stm32f4xx_iwdg.o ABSOLUTE
    ..\STM32F4xx_StdPeriph_Driver\src\stm32f4xx_pwr.c 0x00000000   Number         0  stm32f4xx_pwr.o ABSOLUTE
    ..\STM32F4xx_StdPeriph_Driver\src\stm32f4xx_rcc.c 0x00000000   Number         0  stm32f4xx_rcc.o ABSOLUTE
    ..\STM32F4xx_StdPeriph_Driver\src\stm32f4xx_rng.c 0x00000000   Number         0  stm32f4xx_rng.o ABSOLUTE
    ..\STM32F4xx_StdPeriph_Driver\src\stm32f4xx_rtc.c 0x00000000   Number         0  stm32f4xx_rtc.o ABSOLUTE
    ..\STM32F4xx_StdPeriph_Driver\src\stm32f4xx_sdio.c 0x00000000   Number         0  stm32f4xx_sdio.o ABSOLUTE
    ..\STM32F4xx_StdPeriph_Driver\src\stm32f4xx_spi.c 0x00000000   Number         0  stm32f4xx_spi.o ABSOLUTE
    ..\STM32F4xx_StdPeriph_Driver\src\stm32f4xx_syscfg.c 0x00000000   Number         0  stm32f4xx_syscfg.o ABSOLUTE
    ..\STM32F4xx_StdPeriph_Driver\src\stm32f4xx_tim.c 0x00000000   Number         0  stm32f4xx_tim.o ABSOLUTE
    ..\STM32F4xx_StdPeriph_Driver\src\stm32f4xx_usart.c 0x00000000   Number         0  stm32f4xx_usart.o ABSOLUTE
    ..\STM32F4xx_StdPeriph_Driver\src\stm32f4xx_wwdg.c 0x00000000   Number         0  stm32f4xx_wwdg.o ABSOLUTE
    ..\\STM32F4xx_StdPeriph_Driver\\src\\misc.c 0x00000000   Number         0  misc.o ABSOLUTE
    ..\\STM32F4xx_StdPeriph_Driver\\src\\stm32f4xx_adc.c 0x00000000   Number         0  stm32f4xx_adc.o ABSOLUTE
    ..\\STM32F4xx_StdPeriph_Driver\\src\\stm32f4xx_can.c 0x00000000   Number         0  stm32f4xx_can.o ABSOLUTE
    ..\\STM32F4xx_StdPeriph_Driver\\src\\stm32f4xx_crc.c 0x00000000   Number         0  stm32f4xx_crc.o ABSOLUTE
    ..\\STM32F4xx_StdPeriph_Driver\\src\\stm32f4xx_cryp.c 0x00000000   Number         0  stm32f4xx_cryp.o ABSOLUTE
    ..\\STM32F4xx_StdPeriph_Driver\\src\\stm32f4xx_cryp_aes.c 0x00000000   Number         0  stm32f4xx_cryp_aes.o ABSOLUTE
    ..\\STM32F4xx_StdPeriph_Driver\\src\\stm32f4xx_cryp_des.c 0x00000000   Number         0  stm32f4xx_cryp_des.o ABSOLUTE
    ..\\STM32F4xx_StdPeriph_Driver\\src\\stm32f4xx_cryp_tdes.c 0x00000000   Number         0  stm32f4xx_cryp_tdes.o ABSOLUTE
    ..\\STM32F4xx_StdPeriph_Driver\\src\\stm32f4xx_dac.c 0x00000000   Number         0  stm32f4xx_dac.o ABSOLUTE
    ..\\STM32F4xx_StdPeriph_Driver\\src\\stm32f4xx_dbgmcu.c 0x00000000   Number         0  stm32f4xx_dbgmcu.o ABSOLUTE
    ..\\STM32F4xx_StdPeriph_Driver\\src\\stm32f4xx_dcmi.c 0x00000000   Number         0  stm32f4xx_dcmi.o ABSOLUTE
    ..\\STM32F4xx_StdPeriph_Driver\\src\\stm32f4xx_dma.c 0x00000000   Number         0  stm32f4xx_dma.o ABSOLUTE
    ..\\STM32F4xx_StdPeriph_Driver\\src\\stm32f4xx_exti.c 0x00000000   Number         0  stm32f4xx_exti.o ABSOLUTE
    ..\\STM32F4xx_StdPeriph_Driver\\src\\stm32f4xx_flash.c 0x00000000   Number         0  stm32f4xx_flash.o ABSOLUTE
    ..\\STM32F4xx_StdPeriph_Driver\\src\\stm32f4xx_fsmc.c 0x00000000   Number         0  stm32f4xx_fsmc.o ABSOLUTE
    ..\\STM32F4xx_StdPeriph_Driver\\src\\stm32f4xx_gpio.c 0x00000000   Number         0  stm32f4xx_gpio.o ABSOLUTE
    ..\\STM32F4xx_StdPeriph_Driver\\src\\stm32f4xx_hash.c 0x00000000   Number         0  stm32f4xx_hash.o ABSOLUTE
    ..\\STM32F4xx_StdPeriph_Driver\\src\\stm32f4xx_hash_md5.c 0x00000000   Number         0  stm32f4xx_hash_md5.o ABSOLUTE
    ..\\STM32F4xx_StdPeriph_Driver\\src\\stm32f4xx_hash_sha1.c 0x00000000   Number         0  stm32f4xx_hash_sha1.o ABSOLUTE
    ..\\STM32F4xx_StdPeriph_Driver\\src\\stm32f4xx_i2c.c 0x00000000   Number         0  stm32f4xx_i2c.o ABSOLUTE
    ..\\STM32F4xx_StdPeriph_Driver\\src\\stm32f4xx_iwdg.c 0x00000000   Number         0  stm32f4xx_iwdg.o ABSOLUTE
    ..\\STM32F4xx_StdPeriph_Driver\\src\\stm32f4xx_pwr.c 0x00000000   Number         0  stm32f4xx_pwr.o ABSOLUTE
    ..\\STM32F4xx_StdPeriph_Driver\\src\\stm32f4xx_rcc.c 0x00000000   Number         0  stm32f4xx_rcc.o ABSOLUTE
    ..\\STM32F4xx_StdPeriph_Driver\\src\\stm32f4xx_rng.c 0x00000000   Number         0  stm32f4xx_rng.o ABSOLUTE
    ..\\STM32F4xx_StdPeriph_Driver\\src\\stm32f4xx_rtc.c 0x00000000   Number         0  stm32f4xx_rtc.o ABSOLUTE
    ..\\STM32F4xx_StdPeriph_Driver\\src\\stm32f4xx_sdio.c 0x00000000   Number         0  stm32f4xx_sdio.o ABSOLUTE
    ..\\STM32F4xx_StdPeriph_Driver\\src\\stm32f4xx_spi.c 0x00000000   Number         0  stm32f4xx_spi.o ABSOLUTE
    ..\\STM32F4xx_StdPeriph_Driver\\src\\stm32f4xx_syscfg.c 0x00000000   Number         0  stm32f4xx_syscfg.o ABSOLUTE
    ..\\STM32F4xx_StdPeriph_Driver\\src\\stm32f4xx_tim.c 0x00000000   Number         0  stm32f4xx_tim.o ABSOLUTE
    ..\\STM32F4xx_StdPeriph_Driver\\src\\stm32f4xx_usart.c 0x00000000   Number         0  stm32f4xx_usart.o ABSOLUTE
    ..\\STM32F4xx_StdPeriph_Driver\\src\\stm32f4xx_wwdg.c 0x00000000   Number         0  stm32f4xx_wwdg.o ABSOLUTE
    ..\\rt_CMSIS.c                           0x00000000   Number         0  rt_cmsis.o ABSOLUTE
    ..\\rt_System.c                          0x00000000   Number         0  rt_system.o ABSOLUTE
    ..\main.c                                0x00000000   Number         0  main.o ABSOLUTE
    ..\rt_CMSIS.c                            0x00000000   Number         0  rt_cmsis.o ABSOLUTE
    ..\rt_Event.c                            0x00000000   Number         0  rt_event.o ABSOLUTE
    ..\rt_List.c                             0x00000000   Number         0  rt_list.o ABSOLUTE
    ..\rt_Mailbox.c                          0x00000000   Number         0  rt_mailbox.o ABSOLUTE
    ..\rt_MemBox.c                           0x00000000   Number         0  rt_membox.o ABSOLUTE
    ..\rt_Memory.c                           0x00000000   Number         0  rt_memory.o ABSOLUTE
    ..\rt_Mutex.c                            0x00000000   Number         0  rt_mutex.o ABSOLUTE
    ..\rt_Robin.c                            0x00000000   Number         0  rt_robin.o ABSOLUTE
    ..\rt_Semaphore.c                        0x00000000   Number         0  rt_semaphore.o ABSOLUTE
    ..\rt_System.c                           0x00000000   Number         0  rt_system.o ABSOLUTE
    ..\rt_Task.c                             0x00000000   Number         0  rt_task.o ABSOLUTE
    ..\rt_Time.c                             0x00000000   Number         0  rt_time.o ABSOLUTE
    ..\system_stm32f4xx.c                    0x00000000   Number         0  system_stm32f4xx.o ABSOLUTE
    HAL_CM4.c                                0x00000000   Number         0  hal_cm4.o ABSOLUTE
    HAL_CM4.c                                0x00000000   Number         0  hal_cm4.o ABSOLUTE
    SVC_Table.s                              0x00000000   Number         0  SVC_Table.o ABSOLUTE
    dc.s                                     0x00000000   Number         0  dc.o ABSOLUTE
    handlers.s                               0x00000000   Number         0  handlers.o ABSOLUTE
    init.s                                   0x00000000   Number         0  init.o ABSOLUTE
    RESET                                    0x08000000   Section      392  startup_stm32f4xx.o(RESET)
    .ARM.Collect$$$$00000000                 0x08000188   Section        0  entry.o(.ARM.Collect$$$$00000000)
    .ARM.Collect$$$$00000001                 0x08000188   Section        4  entry2.o(.ARM.Collect$$$$00000001)
    .ARM.Collect$$$$00000004                 0x0800018c   Section        4  entry5.o(.ARM.Collect$$$$00000004)
    .ARM.Collect$$$$00000008                 0x08000190   Section        0  entry7b.o(.ARM.Collect$$$$00000008)
    .ARM.Collect$$$$0000000A                 0x08000190   Section        0  entry8b.o(.ARM.Collect$$$$0000000A)
    .ARM.Collect$$$$0000000D                 0x08000190   Section        0  entry10a.o(.ARM.Collect$$$$0000000D)
    .ARM.Collect$$$$0000000F                 0x08000190   Section        0  entry11a.o(.ARM.Collect$$$$0000000F)
    .ARM.Collect$$$$000000FF                 0x08000190   Section        0  rtx_conf_cm.o(.ARM.Collect$$$$000000FF)
    .ARM.Collect$$$$00002712                 0x080001a0   Section        4  entry2.o(.ARM.Collect$$$$00002712)
    __lit__00000000                          0x080001a0   Data           4  entry2.o(.ARM.Collect$$$$00002712)
    .emb_text                                0x080001a4   Section      372  hal_cm4.o(.emb_text)
    $v0                                      0x080001a4   Number         0  hal_cm4.o(.emb_text)
    .text                                    0x08000318   Section        0  system_stm32f4xx.o(.text)
    SetSysClock                              0x08000319   Thumb Code   218  system_stm32f4xx.o(.text)
    .text                                    0x08000524   Section       36  startup_stm32f4xx.o(.text)
    $v0                                      0x08000524   Number         0  startup_stm32f4xx.o(.text)
    .text                                    0x08000548   Section        0  rtx_conf_cm.o(.text)
    .text                                    0x08000550   Section        0  main.o(.text)
    .text                                    0x080005c4   Section        0  stm32f4xx_gpio.o(.text)
    .text                                    0x08000820   Section        0  stm32f4xx_rcc.o(.text)
    .text                                    0x08000da8   Section       36  init.o(.text)
    SVC_TABLE                                0x08000dcc   Section        4  SVC_Table.o(SVC_TABLE)
    i.__scatterload_copy                     0x08000dd0   Section       14  handlers.o(i.__scatterload_copy)
    i.__scatterload_null                     0x08000dde   Section        2  handlers.o(i.__scatterload_null)
    i.__scatterload_zeroinit                 0x08000de0   Section       14  handlers.o(i.__scatterload_zeroinit)
    i._init_box                              0x08000dee   Section        0  rt_membox.o(i._init_box)
    i.dbg_init                               0x08000e34   Section        0  hal_cm.o(i.dbg_init)
    i.dbg_task_notify                        0x08000e64   Section        0  hal_cm.o(i.dbg_task_notify)
    i.dbg_task_switch                        0x08000e84   Section        0  hal_cm.o(i.dbg_task_switch)
    i.isrMessagePut                          0x08000e94   Section        0  rt_cmsis.o(i.isrMessagePut)
    isrMessagePut                            0x08000e95   Thumb Code    44  rt_cmsis.o(i.isrMessagePut)
    i.isr_mbx_receive                        0x08000ec0   Section        0  rt_mailbox.o(i.isr_mbx_receive)
    i.isr_mbx_send                           0x08000f10   Section        0  rt_mailbox.o(i.isr_mbx_send)
    i.osDelay                                0x08000f20   Section        0  rt_cmsis.o(i.osDelay)
    i.osKernelStart                          0x08000f38   Section        0  rt_cmsis.o(i.osKernelStart)
    i.osMessageGet                           0x08000fa0   Section        0  rt_cmsis.o(i.osMessageGet)
    i.osThreadCreate                         0x08000fe4   Section        0  rt_cmsis.o(i.osThreadCreate)
    i.osThreadExit                           0x08000ffc   Section        0  rt_cmsis.o(i.osThreadExit)
    i.osTimerCall                            0x08001014   Section        0  rt_cmsis.o(i.osTimerCall)
    i.osTimerThread                          0x08001020   Section        0  rt_cmsis.o(i.osTimerThread)
    i.rt_alloc_box                           0x0800104c   Section        0  rt_membox.o(i.rt_alloc_box)
    i.rt_alloc_mem                           0x08001068   Section        0  rt_memory.o(i.rt_alloc_mem)
    i.rt_block                               0x080010a4   Section        0  rt_task.o(i.rt_block)
    i.rt_chk_robin                           0x080010dc   Section        0  rt_robin.o(i.rt_chk_robin)
    i.rt_dec_dly                             0x08001124   Section        0  rt_list.o(i.rt_dec_dly)
    i.rt_dispatch                            0x08001194   Section        0  rt_task.o(i.rt_dispatch)
    i.rt_dly_wait                            0x080011d8   Section        0  rt_time.o(i.rt_dly_wait)
    i.rt_evt_psh                             0x080011e0   Section        0  rt_event.o(i.rt_evt_psh)
    i.rt_free_box                            0x08001230   Section        0  rt_membox.o(i.rt_free_box)
    i.rt_free_mem                            0x08001250   Section        0  rt_memory.o(i.rt_free_mem)
    i.rt_get_first                           0x08001278   Section        0  rt_list.o(i.rt_get_first)
    i.rt_id2obj                              0x080012a0   Section        0  rt_cmsis.o(i.rt_id2obj)
    rt_id2obj                                0x080012a1   Thumb Code     8  rt_cmsis.o(i.rt_id2obj)
    i.rt_init_context                        0x080012a8   Section        0  rt_task.o(i.rt_init_context)
    rt_init_context                          0x080012a9   Thumb Code    60  rt_task.o(i.rt_init_context)
    i.rt_init_mem                            0x080012e8   Section        0  rt_memory.o(i.rt_init_mem)
    i.rt_init_robin                          0x08001304   Section        0  rt_robin.o(i.rt_init_robin)
    i.rt_init_stack                          0x0800131c   Section        0  hal_cm.o(i.rt_init_stack)
    i.rt_mbx_check                           0x0800136c   Section        0  rt_mailbox.o(i.rt_mbx_check)
    i.rt_mbx_init                            0x08001374   Section        0  rt_mailbox.o(i.rt_mbx_init)
    i.rt_mbx_psh                             0x08001390   Section        0  rt_mailbox.o(i.rt_mbx_psh)
    i.rt_mbx_wait                            0x0800148c   Section        0  rt_mailbox.o(i.rt_mbx_wait)
    i.rt_ms2tick                             0x08001540   Section        0  rt_cmsis.o(i.rt_ms2tick)
    rt_ms2tick                               0x08001541   Thumb Code    50  rt_cmsis.o(i.rt_ms2tick)
    i.rt_pop_req                             0x0800157c   Section        0  rt_system.o(i.rt_pop_req)
    i.rt_psh_req                             0x080015f4   Section        0  rt_system.o(i.rt_psh_req)
    i.rt_psq_enq                             0x08001614   Section        0  rt_list.o(i.rt_psq_enq)
    i.rt_put_dly                             0x0800166c   Section        0  rt_list.o(i.rt_put_dly)
    i.rt_put_prio                            0x080016c8   Section        0  rt_list.o(i.rt_put_prio)
    i.rt_put_rdy_first                       0x08001700   Section        0  rt_list.o(i.rt_put_rdy_first)
    i.rt_ret_regs                            0x08001714   Section        0  hal_cm.o(i.rt_ret_regs)
    rt_ret_regs                              0x08001715   Thumb Code    16  hal_cm.o(i.rt_ret_regs)
    i.rt_ret_val                             0x08001724   Section        0  hal_cm.o(i.rt_ret_val)
    i.rt_ret_val2                            0x08001730   Section        0  hal_cm.o(i.rt_ret_val2)
    i.rt_rmv_dly                             0x08001740   Section        0  rt_list.o(i.rt_rmv_dly)
    i.rt_rmv_list                            0x08001768   Section        0  rt_list.o(i.rt_rmv_list)
    i.rt_sem_psh                             0x08001798   Section        0  rt_semaphore.o(i.rt_sem_psh)
    i.rt_stk_check                           0x080017cc   Section        0  rt_system.o(i.rt_stk_check)
    i.rt_switch_req                          0x080017f0   Section        0  rt_task.o(i.rt_switch_req)
    i.rt_sys_init                            0x08001818   Section        0  rt_task.o(i.rt_sys_init)
    i.rt_systick                             0x08001958   Section        0  rt_system.o(i.rt_systick)
    i.rt_tid2ptcb                            0x08001994   Section        0  rt_cmsis.o(i.rt_tid2ptcb)
    rt_tid2ptcb                              0x08001995   Thumb Code    18  rt_cmsis.o(i.rt_tid2ptcb)
    i.rt_timer_insert                        0x080019a8   Section        0  rt_cmsis.o(i.rt_timer_insert)
    rt_timer_insert                          0x080019a9   Thumb Code    56  rt_cmsis.o(i.rt_timer_insert)
    i.rt_tsk_create                          0x080019e4   Section        0  rt_task.o(i.rt_tsk_create)
    i.rt_tsk_delete                          0x08001a64   Section        0  rt_task.o(i.rt_tsk_delete)
    i.rt_tsk_self                            0x08001b10   Section        0  rt_task.o(i.rt_tsk_self)
    i.svcDelay                               0x08001b20   Section        0  rt_cmsis.o(i.svcDelay)
    i.svcKernelStart                         0x08001b34   Section        0  rt_cmsis.o(i.svcKernelStart)
    i.svcMessageCreate                       0x08001c08   Section        0  rt_cmsis.o(i.svcMessageCreate)
    i.svcMessageGet                          0x08001c2c   Section        0  rt_cmsis.o(i.svcMessageGet)
    i.svcThreadCreate                        0x08001c68   Section        0  rt_cmsis.o(i.svcThreadCreate)
    i.svcThreadGetId                         0x08001cd8   Section        0  rt_cmsis.o(i.svcThreadGetId)
    i.svcThreadTerminate                     0x08001cf4   Section        0  rt_cmsis.o(i.svcThreadTerminate)
    i.svcTimerCall                           0x08001d2c   Section        0  rt_cmsis.o(i.svcTimerCall)
    i.sysTimerTick                           0x08001d44   Section        0  rt_cmsis.o(i.sysTimerTick)
    .constdata                               0x08001d98   Section       88  rtx_conf_cm.o(.constdata)
    __tagsym$$used                           0x08001dac   Number         0  rtx_conf_cm.o(.constdata)
    __tagsym$$used                           0x08001db0   Number         0  rtx_conf_cm.o(.constdata)
    .constdata                               0x08001df0   Section       16  main.o(.constdata)
    .data                                    0x20000000   Section       20  system_stm32f4xx.o(.data)
    .data                                    0x20000014   Section       16  rtx_conf_cm.o(.data)
    .data                                    0x20000024   Section       16  stm32f4xx_rcc.o(.data)
    APBAHBPrescTable                         0x20000024   Data          16  stm32f4xx_rcc.o(.data)
    .data                                    0x20000034   Section        4  rt_cmsis.o(.data)
    .data                                    0x20000038   Section        8  rt_task.o(.data)
    .data                                    0x20000040   Section        3  rt_system.o(.data)
    os_lock                                  0x20000040   Data           1  rt_system.o(.data)
    os_psh_flag                              0x20000041   Data           1  rt_system.o(.data)
    pend_flags                               0x20000042   Data           1  rt_system.o(.data)
    .data                                    0x20000044   Section        2  rt_time.o(.data)
    .data                                    0x20000046   Section        1  hal_cm.o(.data)
    .data                                    0x20000048   Section        8  rt_robin.o(.data)
    .bss                                     0x20000050   Section     6992  rtx_conf_cm.o(.bss)
    .bss                                     0x20001ba0   Section       48  rt_task.o(.bss)
    .bss                                     0x20001bd0   Section       48  rt_list.o(.bss)
    STACK                                    0x20001c00   Section     1024  startup_stm32f4xx.o(STACK)

    Global Symbols

    Symbol Name                              Value     Ov Type        Size  Object(Section)

    BuildAttributes$$THM_ISAv4$E$P$D$K$B$S$7EM$VFPi3$EXTD16$VFPS$VFMA$PE$A:L22UL41UL21$X:L11$S22US41US21$IEEE1$IW$USESV6$~STKCKD$USESV7$~SHL$OSPACE$EBA8$MICROLIB$REQ8$PRES8$EABIv2 0x00000000   Number         0  anon$$obj.o ABSOLUTE
    __ARM_use_no_argv                        0x00000000   Number         0  main.o ABSOLUTE
    __cpp_initialize__aeabi_                  - Undefined Weak Reference
    __cxa_finalize                            - Undefined Weak Reference
    __decompress                              - Undefined Weak Reference
    _clock_init                               - Undefined Weak Reference
    _microlib_exit                            - Undefined Weak Reference
    __Vectors_Size                           0x00000188   Number         0  startup_stm32f4xx.o ABSOLUTE
    __RL_RTX_VER                             0x00000422   Number         0  rt_system.o ABSOLUTE
    __Vectors                                0x08000000   Data           4  startup_stm32f4xx.o(RESET)
    __Vectors_End                            0x08000188   Data           0  startup_stm32f4xx.o(RESET)
    __main                                   0x08000189   Thumb Code     0  entry.o(.ARM.Collect$$$$00000000)
    _main_stk                                0x08000189   Thumb Code     0  entry2.o(.ARM.Collect$$$$00000001)
    _main_scatterload                        0x0800018d   Thumb Code     0  entry5.o(.ARM.Collect$$$$00000004)
    __main_after_scatterload                 0x08000191   Thumb Code     0  entry5.o(.ARM.Collect$$$$00000004)
    __rt_final_cpp                           0x08000191   Thumb Code     0  entry10a.o(.ARM.Collect$$$$0000000D)
    __rt_final_exit                          0x08000191   Thumb Code     0  entry11a.o(.ARM.Collect$$$$0000000F)
    _main_clock                              0x08000191   Thumb Code     0  entry7b.o(.ARM.Collect$$$$00000008)
    _main_cpp_init                           0x08000191   Thumb Code     0  entry8b.o(.ARM.Collect$$$$0000000A)
    _main_init                               0x08000191   Thumb Code    10  rtx_conf_cm.o(.ARM.Collect$$$$000000FF)
    rt_set_PSP                               0x080001a5   Thumb Code     6  hal_cm4.o(.emb_text)
    os_set_env                               0x080001ab   Thumb Code    26  hal_cm4.o(.emb_text)
    _alloc_box                               0x080001c9   Thumb Code    28  hal_cm4.o(.emb_text)
    _free_box                                0x080001e9   Thumb Code    28  hal_cm4.o(.emb_text)
    SVC_Handler                              0x08000209   Thumb Code   152  hal_cm4.o(.emb_text)
    PendSV_Handler                           0x080002ad   Thumb Code     0  hal_cm4.o(.emb_text)
    Sys_Handler                              0x080002ad   Thumb Code   104  hal_cm4.o(.emb_text)
    SysTick_Handler                          0x0800030d   Thumb Code     0  hal_cm4.o(.emb_text)
    SystemInit                               0x080003f3   Thumb Code    88  system_stm32f4xx.o(.text)
    SystemCoreClockUpdate                    0x0800044b   Thumb Code   174  system_stm32f4xx.o(.text)
    Reset_Handler                            0x08000525   Thumb Code     8  startup_stm32f4xx.o(.text)
    NMI_Handler                              0x0800052d   Thumb Code     2  startup_stm32f4xx.o(.text)
    HardFault_Handler                        0x0800052f   Thumb Code     2  startup_stm32f4xx.o(.text)
    MemManage_Handler                        0x08000531   Thumb Code     2  startup_stm32f4xx.o(.text)
    BusFault_Handler                         0x08000533   Thumb Code     2  startup_stm32f4xx.o(.text)
    UsageFault_Handler                       0x08000535   Thumb Code     2  startup_stm32f4xx.o(.text)
    DebugMon_Handler                         0x08000539   Thumb Code     2  startup_stm32f4xx.o(.text)
    ADC_IRQHandler                           0x0800053f   Thumb Code     0  startup_stm32f4xx.o(.text)
    CAN1_RX0_IRQHandler                      0x0800053f   Thumb Code     0  startup_stm32f4xx.o(.text)
    CAN1_RX1_IRQHandler                      0x0800053f   Thumb Code     0  startup_stm32f4xx.o(.text)
    CAN1_SCE_IRQHandler                      0x0800053f   Thumb Code     0  startup_stm32f4xx.o(.text)
    CAN1_TX_IRQHandler                       0x0800053f   Thumb Code     0  startup_stm32f4xx.o(.text)
    CAN2_RX0_IRQHandler                      0x0800053f   Thumb Code     0  startup_stm32f4xx.o(.text)
    CAN2_RX1_IRQHandler                      0x0800053f   Thumb Code     0  startup_stm32f4xx.o(.text)
    CAN2_SCE_IRQHandler                      0x0800053f   Thumb Code     0  startup_stm32f4xx.o(.text)
    CAN2_TX_IRQHandler                       0x0800053f   Thumb Code     0  startup_stm32f4xx.o(.text)
    CRYP_IRQHandler                          0x0800053f   Thumb Code     0  startup_stm32f4xx.o(.text)
    DCMI_IRQHandler                          0x0800053f   Thumb Code     0  startup_stm32f4xx.o(.text)
    DMA1_Stream0_IRQHandler                  0x0800053f   Thumb Code     0  startup_stm32f4xx.o(.text)
    DMA1_Stream1_IRQHandler                  0x0800053f   Thumb Code     0  startup_stm32f4xx.o(.text)
    DMA1_Stream2_IRQHandler                  0x0800053f   Thumb Code     0  startup_stm32f4xx.o(.text)
    DMA1_Stream3_IRQHandler                  0x0800053f   Thumb Code     0  startup_stm32f4xx.o(.text)
    DMA1_Stream4_IRQHandler                  0x0800053f   Thumb Code     0  startup_stm32f4xx.o(.text)
    DMA1_Stream5_IRQHandler                  0x0800053f   Thumb Code     0  startup_stm32f4xx.o(.text)
    DMA1_Stream6_IRQHandler                  0x0800053f   Thumb Code     0  startup_stm32f4xx.o(.text)
    DMA1_Stream7_IRQHandler                  0x0800053f   Thumb Code     0  startup_stm32f4xx.o(.text)
    DMA2_Stream0_IRQHandler                  0x0800053f   Thumb Code     0  startup_stm32f4xx.o(.text)
    DMA2_Stream1_IRQHandler                  0x0800053f   Thumb Code     0  startup_stm32f4xx.o(.text)
    DMA2_Stream2_IRQHandler                  0x0800053f   Thumb Code     0  startup_stm32f4xx.o(.text)
    DMA2_Stream3_IRQHandler                  0x0800053f   Thumb Code     0  startup_stm32f4xx.o(.text)
    DMA2_Stream4_IRQHandler                  0x0800053f   Thumb Code     0  startup_stm32f4xx.o(.text)
    DMA2_Stream5_IRQHandler                  0x0800053f   Thumb Code     0  startup_stm32f4xx.o(.text)
    DMA2_Stream6_IRQHandler                  0x0800053f   Thumb Code     0  startup_stm32f4xx.o(.text)
    DMA2_Stream7_IRQHandler                  0x0800053f   Thumb Code     0  startup_stm32f4xx.o(.text)
    ETH_IRQHandler                           0x0800053f   Thumb Code     0  startup_stm32f4xx.o(.text)
    ETH_WKUP_IRQHandler                      0x0800053f   Thumb Code     0  startup_stm32f4xx.o(.text)
    EXTI0_IRQHandler                         0x0800053f   Thumb Code     0  startup_stm32f4xx.o(.text)
    EXTI15_10_IRQHandler                     0x0800053f   Thumb Code     0  startup_stm32f4xx.o(.text)
    EXTI1_IRQHandler                         0x0800053f   Thumb Code     0  startup_stm32f4xx.o(.text)
    EXTI2_IRQHandler                         0x0800053f   Thumb Code     0  startup_stm32f4xx.o(.text)
    EXTI3_IRQHandler                         0x0800053f   Thumb Code     0  startup_stm32f4xx.o(.text)
    EXTI4_IRQHandler                         0x0800053f   Thumb Code     0  startup_stm32f4xx.o(.text)
    EXTI9_5_IRQHandler                       0x0800053f   Thumb Code     0  startup_stm32f4xx.o(.text)
    FLASH_IRQHandler                         0x0800053f   Thumb Code     0  startup_stm32f4xx.o(.text)
    FPU_IRQHandler                           0x0800053f   Thumb Code     0  startup_stm32f4xx.o(.text)
    FSMC_IRQHandler                          0x0800053f   Thumb Code     0  startup_stm32f4xx.o(.text)
    HASH_RNG_IRQHandler                      0x0800053f   Thumb Code     0  startup_stm32f4xx.o(.text)
    I2C1_ER_IRQHandler                       0x0800053f   Thumb Code     0  startup_stm32f4xx.o(.text)
    I2C1_EV_IRQHandler                       0x0800053f   Thumb Code     0  startup_stm32f4xx.o(.text)
    I2C2_ER_IRQHandler                       0x0800053f   Thumb Code     0  startup_stm32f4xx.o(.text)
    I2C2_EV_IRQHandler                       0x0800053f   Thumb Code     0  startup_stm32f4xx.o(.text)
    I2C3_ER_IRQHandler                       0x0800053f   Thumb Code     0  startup_stm32f4xx.o(.text)
    I2C3_EV_IRQHandler                       0x0800053f   Thumb Code     0  startup_stm32f4xx.o(.text)
    OTG_FS_IRQHandler                        0x0800053f   Thumb Code     0  startup_stm32f4xx.o(.text)
    OTG_FS_WKUP_IRQHandler                   0x0800053f   Thumb Code     0  startup_stm32f4xx.o(.text)
    OTG_HS_EP1_IN_IRQHandler                 0x0800053f   Thumb Code     0  startup_stm32f4xx.o(.text)
    OTG_HS_EP1_OUT_IRQHandler                0x0800053f   Thumb Code     0  startup_stm32f4xx.o(.text)
    OTG_HS_IRQHandler                        0x0800053f   Thumb Code     0  startup_stm32f4xx.o(.text)
    OTG_HS_WKUP_IRQHandler                   0x0800053f   Thumb Code     0  startup_stm32f4xx.o(.text)
    PVD_IRQHandler                           0x0800053f   Thumb Code     0  startup_stm32f4xx.o(.text)
    RCC_IRQHandler                           0x0800053f   Thumb Code     0  startup_stm32f4xx.o(.text)
    RTC_Alarm_IRQHandler                     0x0800053f   Thumb Code     0  startup_stm32f4xx.o(.text)
    RTC_WKUP_IRQHandler                      0x0800053f   Thumb Code     0  startup_stm32f4xx.o(.text)
    SDIO_IRQHandler                          0x0800053f   Thumb Code     0  startup_stm32f4xx.o(.text)
    SPI1_IRQHandler                          0x0800053f   Thumb Code     0  startup_stm32f4xx.o(.text)
    SPI2_IRQHandler                          0x0800053f   Thumb Code     0  startup_stm32f4xx.o(.text)
    SPI3_IRQHandler                          0x0800053f   Thumb Code     0  startup_stm32f4xx.o(.text)
    TAMP_STAMP_IRQHandler                    0x0800053f   Thumb Code     0  startup_stm32f4xx.o(.text)
    TIM1_BRK_TIM9_IRQHandler                 0x0800053f   Thumb Code     0  startup_stm32f4xx.o(.text)
    TIM1_CC_IRQHandler                       0x0800053f   Thumb Code     0  startup_stm32f4xx.o(.text)
    TIM1_TRG_COM_TIM11_IRQHandler            0x0800053f   Thumb Code     0  startup_stm32f4xx.o(.text)
    TIM1_UP_TIM10_IRQHandler                 0x0800053f   Thumb Code     0  startup_stm32f4xx.o(.text)
    TIM2_IRQHandler                          0x0800053f   Thumb Code     0  startup_stm32f4xx.o(.text)
    TIM3_IRQHandler                          0x0800053f   Thumb Code     0  startup_stm32f4xx.o(.text)
    TIM4_IRQHandler                          0x0800053f   Thumb Code     0  startup_stm32f4xx.o(.text)
    TIM5_IRQHandler                          0x0800053f   Thumb Code     0  startup_stm32f4xx.o(.text)
    TIM6_DAC_IRQHandler                      0x0800053f   Thumb Code     0  startup_stm32f4xx.o(.text)
    TIM7_IRQHandler                          0x0800053f   Thumb Code     0  startup_stm32f4xx.o(.text)
    TIM8_BRK_TIM12_IRQHandler                0x0800053f   Thumb Code     0  startup_stm32f4xx.o(.text)
    TIM8_CC_IRQHandler                       0x0800053f   Thumb Code     0  startup_stm32f4xx.o(.text)
    TIM8_TRG_COM_TIM14_IRQHandler            0x0800053f   Thumb Code     0  startup_stm32f4xx.o(.text)
    TIM8_UP_TIM13_IRQHandler                 0x0800053f   Thumb Code     0  startup_stm32f4xx.o(.text)
    UART4_IRQHandler                         0x0800053f   Thumb Code     0  startup_stm32f4xx.o(.text)
    UART5_IRQHandler                         0x0800053f   Thumb Code     0  startup_stm32f4xx.o(.text)
    USART1_IRQHandler                        0x0800053f   Thumb Code     0  startup_stm32f4xx.o(.text)
    USART2_IRQHandler                        0x0800053f   Thumb Code     0  startup_stm32f4xx.o(.text)
    USART3_IRQHandler                        0x0800053f   Thumb Code     0  startup_stm32f4xx.o(.text)
    USART6_IRQHandler                        0x0800053f   Thumb Code     0  startup_stm32f4xx.o(.text)
    WWDG_IRQHandler                          0x0800053f   Thumb Code     0  startup_stm32f4xx.o(.text)
    os_idle_demon                            0x08000549   Thumb Code     4  rtx_conf_cm.o(.text)
    os_error                                 0x0800054d   Thumb Code     4  rtx_conf_cm.o(.text)
    main                                     0x08000551   Thumb Code    68  main.o(.text)
    thread                                   0x08000595   Thumb Code    40  main.o(.text)
    GPIO_DeInit                              0x080005c5   Thumb Code   220  stm32f4xx_gpio.o(.text)
    GPIO_Init                                0x080006a1   Thumb Code   144  stm32f4xx_gpio.o(.text)
    GPIO_StructInit                          0x08000731   Thumb Code    18  stm32f4xx_gpio.o(.text)
    GPIO_PinLockConfig                       0x08000743   Thumb Code    34  stm32f4xx_gpio.o(.text)
    GPIO_ReadInputDataBit                    0x08000765   Thumb Code    18  stm32f4xx_gpio.o(.text)
    GPIO_ReadInputData                       0x08000777   Thumb Code     8  stm32f4xx_gpio.o(.text)
    GPIO_ReadOutputDataBit                   0x0800077f   Thumb Code    18  stm32f4xx_gpio.o(.text)
    GPIO_ReadOutputData                      0x08000791   Thumb Code     8  stm32f4xx_gpio.o(.text)
    GPIO_SetBits                             0x08000799   Thumb Code     4  stm32f4xx_gpio.o(.text)
    GPIO_ResetBits                           0x0800079d   Thumb Code     4  stm32f4xx_gpio.o(.text)
    GPIO_WriteBit                            0x080007a1   Thumb Code    10  stm32f4xx_gpio.o(.text)
    GPIO_Write                               0x080007ab   Thumb Code     4  stm32f4xx_gpio.o(.text)
    GPIO_ToggleBits                          0x080007af   Thumb Code     8  stm32f4xx_gpio.o(.text)
    GPIO_PinAFConfig                         0x080007b7   Thumb Code    70  stm32f4xx_gpio.o(.text)
    RCC_DeInit                               0x08000821   Thumb Code    60  stm32f4xx_rcc.o(.text)
    RCC_HSEConfig                            0x0800085d   Thumb Code    14  stm32f4xx_rcc.o(.text)
    RCC_GetFlagStatus                        0x0800086b   Thumb Code    60  stm32f4xx_rcc.o(.text)
    RCC_WaitForHSEStartUp                    0x080008a7   Thumb Code    56  stm32f4xx_rcc.o(.text)
    RCC_AdjustHSICalibrationValue            0x080008df   Thumb Code    20  stm32f4xx_rcc.o(.text)
    RCC_HSICmd                               0x080008f3   Thumb Code     6  stm32f4xx_rcc.o(.text)
    RCC_LSEConfig                            0x080008f9   Thumb Code    46  stm32f4xx_rcc.o(.text)
    RCC_LSICmd                               0x08000927   Thumb Code     6  stm32f4xx_rcc.o(.text)
    RCC_PLLConfig                            0x0800092d   Thumb Code    32  stm32f4xx_rcc.o(.text)
    RCC_PLLCmd                               0x0800094d   Thumb Code     6  stm32f4xx_rcc.o(.text)
    RCC_PLLI2SConfig                         0x08000953   Thumb Code    14  stm32f4xx_rcc.o(.text)
    RCC_PLLI2SCmd                            0x08000961   Thumb Code     6  stm32f4xx_rcc.o(.text)
    RCC_ClockSecuritySystemCmd               0x08000967   Thumb Code     6  stm32f4xx_rcc.o(.text)
    RCC_MCO1Config                           0x0800096d   Thumb Code    28  stm32f4xx_rcc.o(.text)
    RCC_MCO2Config                           0x08000989   Thumb Code    28  stm32f4xx_rcc.o(.text)
    RCC_SYSCLKConfig                         0x080009a5   Thumb Code    20  stm32f4xx_rcc.o(.text)
    RCC_GetSYSCLKSource                      0x080009b9   Thumb Code    12  stm32f4xx_rcc.o(.text)
    RCC_HCLKConfig                           0x080009c5   Thumb Code    20  stm32f4xx_rcc.o(.text)
    RCC_PCLK1Config                          0x080009d9   Thumb Code    20  stm32f4xx_rcc.o(.text)
    RCC_PCLK2Config                          0x080009ed   Thumb Code    22  stm32f4xx_rcc.o(.text)
    RCC_GetClocksFreq                        0x08000a03   Thumb Code   222  stm32f4xx_rcc.o(.text)
    RCC_RTCCLKConfig                         0x08000ae1   Thumb Code    54  stm32f4xx_rcc.o(.text)
    RCC_RTCCLKCmd                            0x08000b17   Thumb Code     8  stm32f4xx_rcc.o(.text)
    RCC_BackupResetCmd                       0x08000b1f   Thumb Code     8  stm32f4xx_rcc.o(.text)
    RCC_I2SCLKConfig                         0x08000b27   Thumb Code     6  stm32f4xx_rcc.o(.text)
    RCC_AHB1PeriphClockCmd                   0x08000b2d   Thumb Code    34  stm32f4xx_rcc.o(.text)
    RCC_AHB2PeriphClockCmd                   0x08000b4f   Thumb Code    34  stm32f4xx_rcc.o(.text)
    RCC_AHB3PeriphClockCmd                   0x08000b71   Thumb Code    34  stm32f4xx_rcc.o(.text)
    RCC_APB1PeriphClockCmd                   0x08000b93   Thumb Code    34  stm32f4xx_rcc.o(.text)
    RCC_APB2PeriphClockCmd                   0x08000bb5   Thumb Code    34  stm32f4xx_rcc.o(.text)
    RCC_AHB1PeriphResetCmd                   0x08000bd7   Thumb Code    34  stm32f4xx_rcc.o(.text)
    RCC_AHB2PeriphResetCmd                   0x08000bf9   Thumb Code    72  stm32f4xx_rcc.o(.text)
    RCC_AHB3PeriphResetCmd                   0x08000c41   Thumb Code    34  stm32f4xx_rcc.o(.text)
    RCC_APB1PeriphResetCmd                   0x08000c63   Thumb Code    34  stm32f4xx_rcc.o(.text)
    RCC_APB2PeriphResetCmd                   0x08000c85   Thumb Code    34  stm32f4xx_rcc.o(.text)
    RCC_AHB1PeriphClockLPModeCmd             0x08000ca7   Thumb Code    34  stm32f4xx_rcc.o(.text)
    RCC_AHB2PeriphClockLPModeCmd             0x08000cc9   Thumb Code    34  stm32f4xx_rcc.o(.text)
    RCC_AHB3PeriphClockLPModeCmd             0x08000ceb   Thumb Code    34  stm32f4xx_rcc.o(.text)
    RCC_APB1PeriphClockLPModeCmd             0x08000d0d   Thumb Code    34  stm32f4xx_rcc.o(.text)
    RCC_APB2PeriphClockLPModeCmd             0x08000d2f   Thumb Code    34  stm32f4xx_rcc.o(.text)
    RCC_ITConfig                             0x08000d51   Thumb Code    34  stm32f4xx_rcc.o(.text)
    RCC_ClearFlag                            0x08000d73   Thumb Code    18  stm32f4xx_rcc.o(.text)
    RCC_GetITStatus                          0x08000d85   Thumb Code    22  stm32f4xx_rcc.o(.text)
    RCC_ClearITPendingBit                    0x08000d9b   Thumb Code     8  stm32f4xx_rcc.o(.text)
    __scatterload                            0x08000da9   Thumb Code    28  init.o(.text)
    __scatterload_rt2                        0x08000da9   Thumb Code     0  init.o(.text)
    SVC_Count                                0x08000dcc   Data           4  SVC_Table.o(SVC_TABLE)
    SVC_Table                                0x08000dd0   Data           0  SVC_Table.o(SVC_TABLE)
    __scatterload_copy                       0x08000dd1   Thumb Code    14  handlers.o(i.__scatterload_copy)
    __scatterload_null                       0x08000ddf   Thumb Code     2  handlers.o(i.__scatterload_null)
    __scatterload_zeroinit                   0x08000de1   Thumb Code    14  handlers.o(i.__scatterload_zeroinit)
    _init_box                                0x08000def   Thumb Code    70  rt_membox.o(i._init_box)
    dbg_init                                 0x08000e35   Thumb Code    34  hal_cm.o(i.dbg_init)
    dbg_task_notify                          0x08000e65   Thumb Code    32  hal_cm.o(i.dbg_task_notify)
    dbg_task_switch                          0x08000e85   Thumb Code    16  hal_cm.o(i.dbg_task_switch)
    isr_mbx_receive                          0x08000ec1   Thumb Code    80  rt_mailbox.o(i.isr_mbx_receive)
    isr_mbx_send                             0x08000f11   Thumb Code    14  rt_mailbox.o(i.isr_mbx_send)
    osDelay                                  0x08000f21   Thumb Code    18  rt_cmsis.o(i.osDelay)
    osKernelStart                            0x08000f39   Thumb Code    94  rt_cmsis.o(i.osKernelStart)
    osMessageGet                             0x08000fa1   Thumb Code    64  rt_cmsis.o(i.osMessageGet)
    osThreadCreate                           0x08000fe5   Thumb Code    18  rt_cmsis.o(i.osThreadCreate)
    osThreadExit                             0x08000ffd   Thumb Code    14  rt_cmsis.o(i.osThreadExit)
    osTimerCall                              0x08001015   Thumb Code     8  rt_cmsis.o(i.osTimerCall)
    osTimerThread                            0x08001021   Thumb Code    38  rt_cmsis.o(i.osTimerThread)
    rt_alloc_box                             0x0800104d   Thumb Code    28  rt_membox.o(i.rt_alloc_box)
    rt_alloc_mem                             0x08001069   Thumb Code    60  rt_memory.o(i.rt_alloc_mem)
    rt_block                                 0x080010a5   Thumb Code    48  rt_task.o(i.rt_block)
    rt_chk_robin                             0x080010dd   Thumb Code    58  rt_robin.o(i.rt_chk_robin)
    rt_dec_dly                               0x08001125   Thumb Code   102  rt_list.o(i.rt_dec_dly)
    rt_dispatch                              0x08001195   Thumb Code    60  rt_task.o(i.rt_dispatch)
    rt_dly_wait                              0x080011d9   Thumb Code     6  rt_time.o(i.rt_dly_wait)
    rt_evt_psh                               0x080011e1   Thumb Code    76  rt_event.o(i.rt_evt_psh)
    rt_free_box                              0x08001231   Thumb Code    32  rt_membox.o(i.rt_free_box)
    rt_free_mem                              0x08001251   Thumb Code    40  rt_memory.o(i.rt_free_mem)
    rt_get_first                             0x08001279   Thumb Code    40  rt_list.o(i.rt_get_first)
    rt_init_mem                              0x080012e9   Thumb Code    26  rt_memory.o(i.rt_init_mem)
    rt_init_robin                            0x08001305   Thumb Code    14  rt_robin.o(i.rt_init_robin)
    rt_init_stack                            0x0800131d   Thumb Code    70  hal_cm.o(i.rt_init_stack)
    rt_mbx_check                             0x0800136d   Thumb Code     8  rt_mailbox.o(i.rt_mbx_check)
    rt_mbx_init                              0x08001375   Thumb Code    26  rt_mailbox.o(i.rt_mbx_init)
    rt_mbx_psh                               0x08001391   Thumb Code   248  rt_mailbox.o(i.rt_mbx_psh)
    rt_mbx_wait                              0x0800148d   Thumb Code   174  rt_mailbox.o(i.rt_mbx_wait)
    rt_pop_req                               0x0800157d   Thumb Code   106  rt_system.o(i.rt_pop_req)
    rt_psh_req                               0x080015f5   Thumb Code    22  rt_system.o(i.rt_psh_req)
    rt_psq_enq                               0x08001615   Thumb Code    82  rt_list.o(i.rt_psq_enq)
    rt_put_dly                               0x0800166d   Thumb Code    88  rt_list.o(i.rt_put_dly)
    rt_put_prio                              0x080016c9   Thumb Code    56  rt_list.o(i.rt_put_prio)
    rt_put_rdy_first                         0x08001701   Thumb Code    14  rt_list.o(i.rt_put_rdy_first)
    rt_ret_val                               0x08001725   Thumb Code    12  hal_cm.o(i.rt_ret_val)
    rt_ret_val2                              0x08001731   Thumb Code    16  hal_cm.o(i.rt_ret_val2)
    rt_rmv_dly                               0x08001741   Thumb Code    40  rt_list.o(i.rt_rmv_dly)
    rt_rmv_list                              0x08001769   Thumb Code    44  rt_list.o(i.rt_rmv_list)
    rt_sem_psh                               0x08001799   Thumb Code    48  rt_semaphore.o(i.rt_sem_psh)
    rt_stk_check                             0x080017cd   Thumb Code    28  rt_system.o(i.rt_stk_check)
    rt_switch_req                            0x080017f1   Thumb Code    30  rt_task.o(i.rt_switch_req)
    rt_sys_init                              0x08001819   Thumb Code   242  rt_task.o(i.rt_sys_init)
    rt_systick                               0x08001959   Thumb Code    48  rt_system.o(i.rt_systick)
    rt_tsk_create                            0x080019e5   Thumb Code   112  rt_task.o(i.rt_tsk_create)
    rt_tsk_delete                            0x08001a65   Thumb Code   146  rt_task.o(i.rt_tsk_delete)
    rt_tsk_self                              0x08001b11   Thumb Code    12  rt_task.o(i.rt_tsk_self)
    svcDelay                                 0x08001b21   Thumb Code    20  rt_cmsis.o(i.svcDelay)
    svcKernelStart                           0x08001b35   Thumb Code   174  rt_cmsis.o(i.svcKernelStart)
    svcMessageCreate                         0x08001c09   Thumb Code    36  rt_cmsis.o(i.svcMessageCreate)
    svcMessageGet                            0x08001c2d   Thumb Code    58  rt_cmsis.o(i.svcMessageGet)
    svcThreadCreate                          0x08001c69   Thumb Code   100  rt_cmsis.o(i.svcThreadCreate)
    svcThreadGetId                           0x08001cd9   Thumb Code    22  rt_cmsis.o(i.svcThreadGetId)
    svcThreadTerminate                       0x08001cf5   Thumb Code    52  rt_cmsis.o(i.svcThreadTerminate)
    svcTimerCall                             0x08001d2d   Thumb Code    24  rt_cmsis.o(i.svcTimerCall)
    sysTimerTick                             0x08001d45   Thumb Code    76  rt_cmsis.o(i.sysTimerTick)
    os_maxtaskrun                            0x08001d98   Data           2  rtx_conf_cm.o(.constdata)
    os_stackinfo                             0x08001d9c   Data           4  rtx_conf_cm.o(.constdata)
    os_rrobin                                0x08001da0   Data           4  rtx_conf_cm.o(.constdata)
    os_trv                                   0x08001da4   Data           4  rtx_conf_cm.o(.constdata)
    os_flags                                 0x08001da8   Data           1  rtx_conf_cm.o(.constdata)
    os_clockrate                             0x08001dac   Data           4  rtx_conf_cm.o(.constdata)
    os_timernum                              0x08001db0   Data           4  rtx_conf_cm.o(.constdata)
    mp_tcb_size                              0x08001db4   Data           2  rtx_conf_cm.o(.constdata)
    mp_stk_size                              0x08001db8   Data           4  rtx_conf_cm.o(.constdata)
    os_stack_sz                              0x08001dbc   Data           4  rtx_conf_cm.o(.constdata)
    os_fifo_size                             0x08001dc0   Data           1  rtx_conf_cm.o(.constdata)
    os_thread_def_osTimerThread              0x08001dc4   Data          16  rtx_conf_cm.o(.constdata)
    os_messageQ_def_osTimerMessageQ          0x08001dd4   Data           8  rtx_conf_cm.o(.constdata)
    mp_tmr_size                              0x08001ddc   Data           2  rtx_conf_cm.o(.constdata)
    os_thread_def_main                       0x08001de0   Data          16  rtx_conf_cm.o(.constdata)
    os_thread_def_thread                     0x08001df0   Data          16  main.o(.constdata)
    Region$$Table$$Base                      0x08001e00   Number         0  anon$$obj.o(Region$$Table)
    Region$$Table$$Limit                     0x08001e20   Number         0  anon$$obj.o(Region$$Table)
    SystemCoreClock                          0x20000000   Data           4  system_stm32f4xx.o(.data)
    AHBPrescTable                            0x20000004   Data          16  system_stm32f4xx.o(.data)
    os_tmr                                   0x20000014   Data           4  rtx_conf_cm.o(.data)
    m_tmr                                    0x20000018   Data           4  rtx_conf_cm.o(.data)
    osThreadId_osTimerThread                 0x2000001c   Data           4  rtx_conf_cm.o(.data)
    osMessageQId_osTimerMessageQ             0x20000020   Data           4  rtx_conf_cm.o(.data)
    os_timer_head                            0x20000034   Data           4  rt_cmsis.o(.data)
    os_tsk                                   0x20000038   Data           8  rt_task.o(.data)
    os_time                                  0x20000044   Data           2  rt_time.o(.data)
    dbg_msg                                  0x20000046   Data           1  hal_cm.o(.data)
    os_robin                                 0x20000048   Data           8  rt_robin.o(.data)
    mp_tcb                                   0x20000050   Data         348  rtx_conf_cm.o(.bss)
    mp_stk                                   0x200001b0   Data        4816  rtx_conf_cm.o(.bss)
    os_stack_mem                             0x20001480   Data        1632  rtx_conf_cm.o(.bss)
    os_fifo                                  0x20001ae0   Data         132  rtx_conf_cm.o(.bss)
    os_active_TCB                            0x20001b64   Data          28  rtx_conf_cm.o(.bss)
    os_messageQ_q_osTimerMessageQ            0x20001b80   Data          32  rtx_conf_cm.o(.bss)
    os_idle_TCB                              0x20001ba0   Data          48  rt_task.o(.bss)
    os_rdy                                   0x20001bd0   Data          24  rt_list.o(.bss)
    os_dly                                   0x20001be8   Data          24  rt_list.o(.bss)
    __initial_sp                             0x20002000   Data           0  startup_stm32f4xx.o(STACK)



==============================================================================

Memory Map of the image

  Image Entry point : 0x08000189

  Load Region LR_IROM1 (Base: 0x08000000, Size: 0x00001e70, Max: 0x00100000, ABSOLUTE)

    Execution Region ER_IROM1 (Base: 0x08000000, Size: 0x00001e20, Max: 0x00100000, ABSOLUTE)

    Base Addr    Size         Type   Attr      Idx    E Section Name        Object

    0x08000000   0x00000188   Data   RO          132    RESET               startup_stm32f4xx.o
    0x08000188   0x00000000   Code   RO         2019  * .ARM.Collect$$$$00000000  mc_w.l(entry.o)
    0x08000188   0x00000004   Code   RO         2022    .ARM.Collect$$$$00000001  mc_w.l(entry2.o)
    0x0800018c   0x00000004   Code   RO         2025    .ARM.Collect$$$$00000004  mc_w.l(entry5.o)
    0x08000190   0x00000000   Code   RO         2027    .ARM.Collect$$$$00000008  mc_w.l(entry7b.o)
    0x08000190   0x00000000   Code   RO         2029    .ARM.Collect$$$$0000000A  mc_w.l(entry8b.o)
    0x08000190   0x00000000   Code   RO         2030    .ARM.Collect$$$$0000000D  mc_w.l(entry10a.o)
    0x08000190   0x00000000   Code   RO         2032    .ARM.Collect$$$$0000000F  mc_w.l(entry11a.o)
    0x08000190   0x00000010   Code   RO          137    .ARM.Collect$$$$000000FF  rtx_conf_cm.o
    0x080001a0   0x00000004   Code   RO         2023    .ARM.Collect$$$$00002712  mc_w.l(entry2.o)
    0x080001a4   0x00000174   Code   RO         2006    .emb_text           RTX_CM4.lib(hal_cm4.o)
    0x08000318   0x0000020c   Code   RO            3    .text               system_stm32f4xx.o
    0x08000524   0x00000024   Code   RO          133    .text               startup_stm32f4xx.o
    0x08000548   0x00000008   Code   RO          138    .text               rtx_conf_cm.o
    0x08000550   0x00000074   Code   RO          171    .text               main.o
    0x080005c4   0x0000025c   Code   RO          629    .text               stm32f4xx_gpio.o
    0x08000820   0x00000588   Code   RO          778    .text               stm32f4xx_rcc.o
    0x08000da8   0x00000024   Code   RO         2034    .text               mc_w.l(init.o)
    0x08000dcc   0x00000004   Code   RO         2016    SVC_TABLE           RTX_CM4.lib(SVC_Table.o)
    0x08000dd0   0x0000000e   Code   RO         2038    i.__scatterload_copy  mc_w.l(handlers.o)
    0x08000dde   0x00000002   Code   RO         2039    i.__scatterload_null  mc_w.l(handlers.o)
    0x08000de0   0x0000000e   Code   RO         2040    i.__scatterload_zeroinit  mc_w.l(handlers.o)
    0x08000dee   0x00000046   Code   RO         1879    i._init_box         RTX_CM4.lib(rt_membox.o)
    0x08000e34   0x00000030   Code   RO         1932    i.dbg_init          RTX_CM4.lib(hal_cm.o)
    0x08000e64   0x00000020   Code   RO         1933    i.dbg_task_notify   RTX_CM4.lib(hal_cm.o)
    0x08000e84   0x00000010   Code   RO         1934    i.dbg_task_switch   RTX_CM4.lib(hal_cm.o)
    0x08000e94   0x0000002c   Code   RO          978    i.isrMessagePut     RTX_CM4.lib(rt_cmsis.o)
    0x08000ec0   0x00000050   Code   RO         1743    i.isr_mbx_receive   RTX_CM4.lib(rt_mailbox.o)
    0x08000f10   0x0000000e   Code   RO         1744    i.isr_mbx_send      RTX_CM4.lib(rt_mailbox.o)
    0x08000f1e   0x00000002   PAD
    0x08000f20   0x00000018   Code   RO          979    i.osDelay           RTX_CM4.lib(rt_cmsis.o)
    0x08000f38   0x00000068   Code   RO          981    i.osKernelStart     RTX_CM4.lib(rt_cmsis.o)
    0x08000fa0   0x00000044   Code   RO          989    i.osMessageGet      RTX_CM4.lib(rt_cmsis.o)
    0x08000fe4   0x00000018   Code   RO         1005    i.osThreadCreate    RTX_CM4.lib(rt_cmsis.o)
    0x08000ffc   0x00000018   Code   RO         1006    i.osThreadExit      RTX_CM4.lib(rt_cmsis.o)
    0x08001014   0x0000000c   Code   RO         1012    i.osTimerCall       RTX_CM4.lib(rt_cmsis.o)
    0x08001020   0x0000002c   Code   RO         1016    i.osTimerThread     RTX_CM4.lib(rt_cmsis.o)
    0x0800104c   0x0000001c   Code   RO         1880    i.rt_alloc_box      RTX_CM4.lib(rt_membox.o)
    0x08001068   0x0000003c   Code   RO         1908    i.rt_alloc_mem      RTX_CM4.lib(rt_memory.o)
    0x080010a4   0x00000038   Code   RO         1500    i.rt_block          RTX_CM4.lib(rt_task.o)
    0x080010dc   0x00000048   Code   RO         1985    i.rt_chk_robin      RTX_CM4.lib(rt_robin.o)
    0x08001124   0x00000070   Code   RO         1667    i.rt_dec_dly        RTX_CM4.lib(rt_list.o)
    0x08001194   0x00000044   Code   RO         1501    i.rt_dispatch       RTX_CM4.lib(rt_task.o)
    0x080011d8   0x00000006   Code   RO         1827    i.rt_dly_wait       RTX_CM4.lib(rt_time.o)
    0x080011de   0x00000002   PAD
    0x080011e0   0x00000050   Code   RO         1628    i.rt_evt_psh        RTX_CM4.lib(rt_event.o)
    0x08001230   0x00000020   Code   RO         1881    i.rt_free_box       RTX_CM4.lib(rt_membox.o)
    0x08001250   0x00000028   Code   RO         1909    i.rt_free_mem       RTX_CM4.lib(rt_memory.o)
    0x08001278   0x00000028   Code   RO         1668    i.rt_get_first      RTX_CM4.lib(rt_list.o)
    0x080012a0   0x00000008   Code   RO         1019    i.rt_id2obj         RTX_CM4.lib(rt_cmsis.o)
    0x080012a8   0x00000040   Code   RO         1502    i.rt_init_context   RTX_CM4.lib(rt_task.o)
    0x080012e8   0x0000001a   Code   RO         1910    i.rt_init_mem       RTX_CM4.lib(rt_memory.o)
    0x08001302   0x00000002   PAD
    0x08001304   0x00000018   Code   RO         1986    i.rt_init_robin     RTX_CM4.lib(rt_robin.o)
    0x0800131c   0x00000050   Code   RO         1935    i.rt_init_stack     RTX_CM4.lib(hal_cm.o)
    0x0800136c   0x00000008   Code   RO         1745    i.rt_mbx_check      RTX_CM4.lib(rt_mailbox.o)
    0x08001374   0x0000001a   Code   RO         1746    i.rt_mbx_init       RTX_CM4.lib(rt_mailbox.o)
    0x0800138e   0x00000002   PAD
    0x08001390   0x000000fc   Code   RO         1747    i.rt_mbx_psh        RTX_CM4.lib(rt_mailbox.o)
    0x0800148c   0x000000b4   Code   RO         1749    i.rt_mbx_wait       RTX_CM4.lib(rt_mailbox.o)
    0x08001540   0x0000003c   Code   RO         1020    i.rt_ms2tick        RTX_CM4.lib(rt_cmsis.o)
    0x0800157c   0x00000078   Code   RO         1579    i.rt_pop_req        RTX_CM4.lib(rt_system.o)
    0x080015f4   0x00000020   Code   RO         1580    i.rt_psh_req        RTX_CM4.lib(rt_system.o)
    0x08001614   0x00000058   Code   RO         1670    i.rt_psq_enq        RTX_CM4.lib(rt_list.o)
    0x0800166c   0x0000005c   Code   RO         1671    i.rt_put_dly        RTX_CM4.lib(rt_list.o)
    0x080016c8   0x00000038   Code   RO         1672    i.rt_put_prio       RTX_CM4.lib(rt_list.o)
    0x08001700   0x00000014   Code   RO         1673    i.rt_put_rdy_first  RTX_CM4.lib(rt_list.o)
    0x08001714   0x00000010   Code   RO         1936    i.rt_ret_regs       RTX_CM4.lib(hal_cm.o)
    0x08001724   0x0000000c   Code   RO         1937    i.rt_ret_val        RTX_CM4.lib(hal_cm.o)
    0x08001730   0x00000010   Code   RO         1938    i.rt_ret_val2       RTX_CM4.lib(hal_cm.o)
    0x08001740   0x00000028   Code   RO         1675    i.rt_rmv_dly        RTX_CM4.lib(rt_list.o)
    0x08001768   0x00000030   Code   RO         1676    i.rt_rmv_list       RTX_CM4.lib(rt_list.o)
    0x08001798   0x00000034   Code   RO         1793    i.rt_sem_psh        RTX_CM4.lib(rt_semaphore.o)
    0x080017cc   0x00000024   Code   RO         1581    i.rt_stk_check      RTX_CM4.lib(rt_system.o)
    0x080017f0   0x00000028   Code   RO         1503    i.rt_switch_req     RTX_CM4.lib(rt_task.o)
    0x08001818   0x00000140   Code   RO         1504    i.rt_sys_init       RTX_CM4.lib(rt_task.o)
    0x08001958   0x0000003c   Code   RO         1582    i.rt_systick        RTX_CM4.lib(rt_system.o)
    0x08001994   0x00000012   Code   RO         1021    i.rt_tid2ptcb       RTX_CM4.lib(rt_cmsis.o)
    0x080019a6   0x00000002   PAD
    0x080019a8   0x0000003c   Code   RO         1022    i.rt_timer_insert   RTX_CM4.lib(rt_cmsis.o)
    0x080019e4   0x00000080   Code   RO         1505    i.rt_tsk_create     RTX_CM4.lib(rt_task.o)
    0x08001a64   0x000000ac   Code   RO         1506    i.rt_tsk_delete     RTX_CM4.lib(rt_task.o)
    0x08001b10   0x00000010   Code   RO         1509    i.rt_tsk_self       RTX_CM4.lib(rt_task.o)
    0x08001b20   0x00000014   Code   RO         1024    i.svcDelay          RTX_CM4.lib(rt_cmsis.o)
    0x08001b34   0x000000d4   Code   RO         1025    i.svcKernelStart    RTX_CM4.lib(rt_cmsis.o)
    0x08001c08   0x00000024   Code   RO         1027    i.svcMessageCreate  RTX_CM4.lib(rt_cmsis.o)
    0x08001c2c   0x0000003a   Code   RO         1028    i.svcMessageGet     RTX_CM4.lib(rt_cmsis.o)
    0x08001c66   0x00000002   PAD
    0x08001c68   0x00000070   Code   RO         1041    i.svcThreadCreate   RTX_CM4.lib(rt_cmsis.o)
    0x08001cd8   0x0000001c   Code   RO         1042    i.svcThreadGetId    RTX_CM4.lib(rt_cmsis.o)
    0x08001cf4   0x00000038   Code   RO         1045    i.svcThreadTerminate  RTX_CM4.lib(rt_cmsis.o)
    0x08001d2c   0x00000018   Code   RO         1047    i.svcTimerCall      RTX_CM4.lib(rt_cmsis.o)
    0x08001d44   0x00000054   Code   RO         1055    i.sysTimerTick      RTX_CM4.lib(rt_cmsis.o)
    0x08001d98   0x00000058   Data   RO          140    .constdata          rtx_conf_cm.o
    0x08001df0   0x00000010   Data   RO          172    .constdata          main.o
    0x08001e00   0x00000020   Data   RO         2036    Region$$Table       anon$$obj.o


    Execution Region RW_IRAM2 (Base: 0x10000000, Size: 0x00000000, Max: 0x00010000, ABSOLUTE)

    **** No section assigned to this execution region ****


    Execution Region RW_IRAM1 (Base: 0x20000000, Size: 0x00002000, Max: 0x00020000, ABSOLUTE)

    Base Addr    Size         Type   Attr      Idx    E Section Name        Object

    0x20000000   0x00000014   Data   RW            4    .data               system_stm32f4xx.o
    0x20000014   0x00000010   Data   RW          141    .data               rtx_conf_cm.o
    0x20000024   0x00000010   Data   RW          779    .data               stm32f4xx_rcc.o
    0x20000034   0x00000004   Data   RW         1056    .data               RTX_CM4.lib(rt_cmsis.o)
    0x20000038   0x00000008   Data   RW         1511    .data               RTX_CM4.lib(rt_task.o)
    0x20000040   0x00000003   Data   RW         1585    .data               RTX_CM4.lib(rt_system.o)
    0x20000043   0x00000001   PAD
    0x20000044   0x00000002   Data   RW         1830    .data               RTX_CM4.lib(rt_time.o)
    0x20000046   0x00000001   Data   RW         1939    .data               RTX_CM4.lib(hal_cm.o)
    0x20000047   0x00000001   PAD
    0x20000048   0x00000008   Data   RW         1987    .data               RTX_CM4.lib(rt_robin.o)
    0x20000050   0x00001b50   Zero   RW          139    .bss                rtx_conf_cm.o
    0x20001ba0   0x00000030   Zero   RW         1510    .bss                RTX_CM4.lib(rt_task.o)
    0x20001bd0   0x00000030   Zero   RW         1677    .bss                RTX_CM4.lib(rt_list.o)
    0x20001c00   0x00000400   Zero   RW          130    STACK               startup_stm32f4xx.o


==============================================================================

Image component sizes


      Code (inc. data)   RO Data    RW Data    ZI Data      Debug   Object Name

       116          8         16          0          0       4329   main.o
        24          6         88         16       6992       6412   rtx_conf_cm.o
        36          8        392          0       1024        764   startup_stm32f4xx.o
       604         36          0          0          0      10469   stm32f4xx_gpio.o
      1416         48          0         16          0      23875   stm32f4xx_rcc.o
       524         44          0         20          0     219655   system_stm32f4xx.o

    ----------------------------------------------------------------------
      2720        150        528         52       8016     265504   Object Totals
         0          0         32          0          0          0   (incl. Generated)
         0          0          0          0          0          0   (incl. Padding)

    ----------------------------------------------------------------------

      Code (inc. data)   RO Data    RW Data    ZI Data      Debug   Library Member Name

         4          4          0          0          0        132   SVC_Table.o
       220         24          0          1          0       3876   hal_cm.o
       372         32          0          0          0        616   hal_cm4.o
      1120        128          0          4          0      27003   rt_cmsis.o
        80          4          0          0          0        637   rt_event.o
       496         30          0          0         48       6636   rt_list.o
       560         10          0          0          0       3829   rt_mailbox.o
       130          0          0          0          0       1837   rt_membox.o
       126          0          0          0          0       2159   rt_memory.o
        96         24          0          8          0       1042   rt_robin.o
        52          4          0          0          0        557   rt_semaphore.o
       248         44          0          3          0       2066   rt_system.o
       864        154          0          8         48       7224   rt_task.o
         6          0          0          2          0        572   rt_time.o
         0          0          0          0          0          0   entry.o
         0          0          0          0          0          0   entry10a.o
         0          0          0          0          0          0   entry11a.o
         8          4          0          0          0          0   entry2.o
         4          0          0          0          0          0   entry5.o
         0          0          0          0          0          0   entry7b.o
         0          0          0          0          0          0   entry8b.o
        30          0          0          0          0          0   handlers.o
        36          8          0          0          0         68   init.o

    ----------------------------------------------------------------------
      4464        470          0         28         96      58254   Library Totals
        12          0          0          2          0          0   (incl. Padding)

    ----------------------------------------------------------------------

      Code (inc. data)   RO Data    RW Data    ZI Data      Debug   Library Name

      4374        458          0         26         96      58186   RTX_CM4.lib
        78         12          0          0          0         68   mc_w.l

    ----------------------------------------------------------------------
      4464        470          0         28         96      58254   Library Totals

    ----------------------------------------------------------------------

==============================================================================


      Code (inc. data)   RO Data    RW Data    ZI Data      Debug   

      7184        620        528         80       8112     316758   Grand Totals
      7184        620        528         80       8112     316758   ELF Image Totals
      7184        620        528         80          0          0   ROM Totals

==============================================================================

    Total RO  Size (Code + RO Data)                 7712 (   7.53kB)
    Total RW  Size (RW Data + ZI Data)              8192 (   8.00kB)
    Total ROM Size (Code + RO Data + RW Data)       7792 (   7.61kB)

==============================================================================

