<html>
<body>
<pre>
<h1>µVision Build Log</h1>
<h2>Project:</h2>
C:\Users\Matt\Documents\GitHub\ECSE426-FinalProject\keil\rtx.uvproj
Project File Date:  04/06/2014

<h2>Output:</h2>
Rebuild target 'Project'
compiling system_stm32f4xx.c...
assembling startup_stm32f4xx.s...
compiling RTX_Conf_CM.c...
compiling main.c...
..\src\Keyboard\keyboard.h(34): warning:  #1-D: last line of file ends without a newline
  void disableKeyboardINT(void);
../main.c(71): warning:  #550-D: variable "tid_transmit" was set but never used
    osThreadId tid_transmit;
../main.c(72): warning:  #550-D: variable "tid_receive" was set but never used
    osThreadId tid_receive;
../main.c(73): warning:  #550-D: variable "tid_accelerometer" was set but never used
    osThreadId tid_accelerometer;    
../main.c(159): warning:  #1035-D: single-precision operand implicitly converted to double-precision
                        a_x =(float)(LIS3DSH_SENSITIVITY_2G * (float)aggregateResult);
../main.c(162): warning:  #1035-D: single-precision operand implicitly converted to double-precision
                        a_y =(float)(LIS3DSH_SENSITIVITY_2G * (float)aggregateResult);
../main.c(165): warning:  #1035-D: single-precision operand implicitly converted to double-precision
                        a_z =(float)(LIS3DSH_SENSITIVITY_2G * (float)aggregateResult);
../main.c: 7 warnings, 0 errors
compiling fputc_debug.c...
compiling accelerometer.c...
..\src\accelerometer.c(30): warning:  #68-D: integer conversion resulted in a change of sign
        ctrl = OFFSET_X;
..\src\accelerometer.c(32): warning:  #68-D: integer conversion resulted in a change of sign
        ctrl = OFFSET_Y;
..\src\accelerometer.c(50): warning:  #1035-D: single-precision operand implicitly converted to double-precision
    float a_x =(float)(LIS3DSH_SENSITIVITY_2G * (float)aggregateResult);
..\src\accelerometer.c(53): warning:  #1035-D: single-precision operand implicitly converted to double-precision
    float a_y =(float)(LIS3DSH_SENSITIVITY_2G * (float)aggregateResult);
..\src\accelerometer.c(56): warning:  #1035-D: single-precision operand implicitly converted to double-precision
    float a_z =(float)(LIS3DSH_SENSITIVITY_2G * (float)aggregateResult);
..\src\accelerometer.c(83): warning:  #1-D: last line of file ends without a newline
  }
..\src\accelerometer.c(70): warning:  #550-D: variable "raw_pitch" was set but never used
    float raw_pitch, raw_roll; 
..\src\accelerometer.c(70): warning:  #550-D: variable "raw_roll" was set but never used
    float raw_pitch, raw_roll; 
..\src\accelerometer.c: 8 warnings, 0 errors
compiling atan_LUT.c...
compiling filter.c...
..\src\filter.c(36): warning:  #1-D: last line of file ends without a newline
  }
..\src\filter.c: 1 warning, 0 errors
compiling wireless.c...
..\src\wireless.c(77): warning:  #177-D: variable "ctrl1" was declared but never referenced
      uint8_t ctrl1 = pkt_pnt->b1;
..\src\wireless.c(78): warning:  #177-D: variable "ctrl2" was declared but never referenced
      uint8_t ctrl2 = pkt_pnt->b2;
..\src\wireless.c: 2 warnings, 0 errors
compiling misc.c...
compiling stm32f4xx_adc.c...
compiling stm32f4xx_can.c...
compiling stm32f4xx_crc.c...
compiling stm32f4xx_cryp.c...
compiling stm32f4xx_cryp_aes.c...
compiling stm32f4xx_cryp_des.c...
compiling stm32f4xx_cryp_tdes.c...
compiling stm32f4xx_dac.c...
compiling stm32f4xx_dbgmcu.c...
compiling stm32f4xx_dcmi.c...
compiling stm32f4xx_dma.c...
compiling stm32f4xx_exti.c...
compiling stm32f4xx_flash.c...
compiling stm32f4xx_fsmc.c...
compiling stm32f4xx_gpio.c...
compiling stm32f4xx_hash.c...
compiling stm32f4xx_hash_md5.c...
compiling stm32f4xx_hash_sha1.c...
compiling stm32f4xx_i2c.c...
compiling stm32f4xx_iwdg.c...
compiling stm32f4xx_pwr.c...
compiling stm32f4xx_rcc.c...
compiling stm32f4xx_rng.c...
compiling stm32f4xx_rtc.c...
compiling stm32f4xx_sdio.c...
compiling stm32f4xx_spi.c...
compiling stm32f4xx_syscfg.c...
compiling stm32f4xx_tim.c...
compiling stm32f4xx_usart.c...
compiling stm32f4xx_wwdg.c...
compiling cc2500.c...
compiling lis3dsh.c...
..\src\LIS3DSH\lis3dsh.c(316): warning:  #1035-D: single-precision operand implicitly converted to double-precision
          *out =(float)(LIS3DSH_SENSITIVITY_2G * (float)aggregateResult);
..\src\LIS3DSH\lis3dsh.c(326): warning:  #1035-D: single-precision operand implicitly converted to double-precision
          *out =(float)(LIS3DSH_SENSITIVITY_4G * (float)aggregateResult);
..\src\LIS3DSH\lis3dsh.c(336): warning:  #1035-D: single-precision operand implicitly converted to double-precision
          *out =(float)(LIS3DSH_SENSITIVITY_6G * (float)aggregateResult);
..\src\LIS3DSH\lis3dsh.c(346): warning:  #1035-D: single-precision operand implicitly converted to double-precision
          *out =(float)(LIS3DSH_SENSITIVITY_8G * (float)aggregateResult);
..\src\LIS3DSH\lis3dsh.c(356): warning:  #1035-D: single-precision operand implicitly converted to double-precision
          *out =(float)(LIS3DSH_SENSITIVITY_16G * (float)aggregateResult);
..\src\LIS3DSH\lis3dsh.c: 5 warnings, 0 errors
compiling gdm1602k.c...
compiling keyboard.c...
..\src\Keyboard\keyboard.h(34): warning:  #1-D: last line of file ends without a newline
  void disableKeyboardINT(void);
..\src\Keyboard\keyboard.c(251): warning:  #1-D: last line of file ends without a newline
  }
..\src\Keyboard\keyboard.c: 2 warnings, 0 errors
linking...
Program Size: Code=22224 RO-data=984 RW-data=136 ZI-data=8640  
FromELF: creating hex file...
".\obj\output.axf" - 0 Error(s), 25 Warning(s).
</pre>
</body>
</html>
